install-production (ubuntu-latest, nsolid, 20, 8)	UNKNOWN STEP	﻿2026-08-03T20:21:40.0340389Z Current runner version: '2.336.0'
install-production (ubuntu-latest, nsolid, 20, 8)	UNKNOWN STEP	2026-08-03T20:21:40.0363270Z ##[group]Runner Image Provisioner
install-production (ubuntu-latest, nsolid, 20, 8)	UNKNOWN STEP	2026-08-03T20:21:40.0364166Z Hosted Compute Agent
install-production (ubuntu-latest, nsolid, 20, 8)	UNKNOWN STEP	2026-08-03T20:21:40.0364818Z Version: 20260707.563
install-production (ubuntu-latest, nsolid, 20, 8)	UNKNOWN STEP	2026-08-03T20:21:40.0373373Z ##[group]Runner Image
install-production (ubuntu-latest, nsolid, 20, 8)	UNKNOWN STEP	2026-08-03T20:21:40.0374027Z Image: ubuntu-24.04
install-production (ubuntu-latest, nsolid, 20, 8)	UNKNOWN STEP	2026-08-03T20:21:40.0374644Z Version: 20260720.247.2
install-production (ubuntu-latest, nsolid, 20, 8)	UNKNOWN STEP	2026-08-03T20:21:41.7650584Z ##[group]Run actions/checkout@9c091bb21b7c1c1d1991bb908d89e4e9dddfe3e0
install-production (ubuntu-latest, nsolid, 20, 8)	UNKNOWN STEP	2026-08-03T20:21:41.7652453Z with:
install-production (ubuntu-latest, nsolid, 20, 8)	UNKNOWN STEP	2026-08-03T20:21:41.7653355Z   persist-credentials: false
install-production (ubuntu-latest, nsolid, 20, 8)	UNKNOWN STEP	2026-08-03T20:21:42.9756923Z ##[group]Run nodesource/setup-nsolid@1ca68d2589d3d56ecd3881dfe6ffa87eeda9c939
install-production (ubuntu-latest, nsolid, 20, 8)	UNKNOWN STEP	2026-08-03T20:21:42.9757398Z with:
install-production (ubuntu-latest, nsolid, 20, 8)	UNKNOWN STEP	2026-08-03T20:21:42.9757648Z   node-version: 20
install-production (ubuntu-latest, nsolid, 20, 8)	UNKNOWN STEP	2026-08-03T20:21:42.9757900Z   nsolid-version: 5
install-production (ubuntu-latest, nsolid, 20, 8)	UNKNOWN STEP	2026-08-03T20:21:42.9758146Z ##[endgroup]
install-production (ubuntu-latest, nsolid, 20, 8)	UNKNOWN STEP	2026-08-03T20:21:43.2265442Z ##[error]Action failed to download the metadata. Status code: 403
install-production (ubuntu-latest, nsolid, 20, 8)	UNKNOWN STEP	2026-08-03T20:21:43.2277101Z ##[error]Action failed to get metadata with error SyntaxError: Unexpected token '<', "<html>
install-production (ubuntu-latest, nsolid, 20, 8)	UNKNOWN STEP	<he"... is not valid JSON
install-production (ubuntu-latest, nsolid, 20, 8)	UNKNOWN STEP	2026-08-03T20:21:43.2279637Z ##[error]Cannot read properties of undefined (reading 'nsolidVersion')
install-production (ubuntu-latest, nsolid, 20, 8)	UNKNOWN STEP	2026-08-03T20:21:43.2487876Z Post job cleanup.
install-production (ubuntu-latest, nsolid, 20, 8)	UNKNOWN STEP	2026-08-03T20:21:43.3281729Z [command]/usr/bin/git version
install-production (ubuntu-latest, nsolid, 20, 8)	UNKNOWN STEP	2026-08-03T20:21:43.3322633Z git version 2.54.0
install-production (ubuntu-latest, nsolid, 20, 8)	UNKNOWN STEP	2026-08-03T20:21:43.3888895Z [command]/usr/bin/git config --local --name-only --get-regexp ^includeIf\.gitdir:
install-production (ubuntu-latest, nsolid, 20, 8)	UNKNOWN STEP	2026-08-03T20:21:43.3917473Z [command]/usr/bin/git submodule foreach --recursive git config --local --show-origin --name-only --get-regexp remote.origin.url
install-production (ubuntu-latest, nsolid, 20, 8)	UNKNOWN STEP	2026-08-03T20:21:43.4248785Z Cleaning up orphan processes
install-production (ubuntu-latest, nsolid, 20, 8)	UNKNOWN STEP	2026-08-03T20:21:43.4533105Z ##[warning]Node.js 20 is deprecated. The following actions target Node.js 20 but are being forced to run on Node.js 24: nodesource/setup-nsolid@1ca68d2589d3d56ecd3881dfe6ffa87eeda9c939. For more information see: https://github.blog/changelog/2025-09-19-deprecation-of-node-20-on-github-actions-runners/
