yarn (22, ubuntu-latest)	UNKNOWN STEP	﻿2026-08-06T16:10:11.3948880Z Current runner version: '2.336.0'
yarn (22, ubuntu-latest)	UNKNOWN STEP	2026-08-06T16:10:11.3977115Z ##[group]Runner Image Provisioner
yarn (22, ubuntu-latest)	UNKNOWN STEP	2026-08-06T16:10:11.3978224Z Hosted Compute Agent
yarn (22, ubuntu-latest)	UNKNOWN STEP	2026-08-06T16:10:11.3978865Z Version: 20260707.563
yarn (22, ubuntu-latest)	UNKNOWN STEP	2026-08-06T16:10:11.3987246Z ##[group]Runner Image
yarn (22, ubuntu-latest)	UNKNOWN STEP	2026-08-06T16:10:11.3987974Z Image: ubuntu-24.04
yarn (22, ubuntu-latest)	UNKNOWN STEP	2026-08-06T16:10:11.3988577Z Version: 20260720.247.2
yarn (22, ubuntu-latest)	UNKNOWN STEP	2026-08-06T16:10:11.3990387Z Included Software: https://github.com/actions/runner-images/blob/ubuntu24/20260720.247/images/ubuntu/Ubuntu2404-Readme.md
yarn (22, ubuntu-latest)	UNKNOWN STEP	2026-08-06T16:10:11.3991992Z Image Release: https://github.com/actions/runner-images/releases/tag/ubuntu24%2F20260720.247
yarn (22, ubuntu-latest)	UNKNOWN STEP	2026-08-06T16:10:11.3993006Z ##[endgroup]
yarn (22, ubuntu-latest)	UNKNOWN STEP	2026-08-06T16:10:11.3994094Z ##[group]GITHUB_TOKEN Permissions
yarn (22, ubuntu-latest)	UNKNOWN STEP	2026-08-06T16:10:11.3996596Z Contents: read
yarn (22, ubuntu-latest)	UNKNOWN STEP	2026-08-06T16:10:11.3997207Z Metadata: read
yarn (22, ubuntu-latest)	UNKNOWN STEP	2026-08-06T16:10:11.3997905Z ##[endgroup]
yarn (22, ubuntu-latest)	UNKNOWN STEP	2026-08-06T16:10:11.4000074Z Secret source: Actions
yarn (22, ubuntu-latest)	UNKNOWN STEP	2026-08-06T16:10:11.4001621Z Prepare workflow directory
yarn (22, ubuntu-latest)	UNKNOWN STEP	2026-08-06T16:10:11.4329073Z Prepare all required actions
yarn (22, ubuntu-latest)	UNKNOWN STEP	2026-08-06T16:10:11.4377345Z Getting action download info
yarn (22, ubuntu-latest)	UNKNOWN STEP	2026-08-06T16:10:51.5893400Z Failed to resolve action download info. Error: Service Unavailable
yarn (22, ubuntu-latest)	UNKNOWN STEP	2026-08-06T16:10:51.5970476Z Retrying in 16.731 seconds
yarn (22, ubuntu-latest)	UNKNOWN STEP	2026-08-06T16:12:31.3115665Z Failed to resolve action download info. Error: Service Unavailable
yarn (22, ubuntu-latest)	UNKNOWN STEP	2026-08-06T16:12:31.3118809Z Retrying in 23.57 seconds
yarn (22, ubuntu-latest)	UNKNOWN STEP	2026-08-06T16:13:59.2946811Z ##[error]Service Unavailable
yarn (22, ubuntu-latest)	UNKNOWN STEP	2026-08-06T16:13:59.2967823Z ##[error]Failed to resolve action download info.
pnpm (20, ubuntu-latest, 8)	UNKNOWN STEP	﻿2026-08-06T16:12:38.7894881Z Current runner version: '2.336.0'
pnpm (20, ubuntu-latest, 8)	UNKNOWN STEP	2026-08-06T16:12:38.7914839Z ##[group]Runner Image Provisioner
pnpm (20, ubuntu-latest, 8)	UNKNOWN STEP	2026-08-06T16:12:38.7915592Z Hosted Compute Agent
pnpm (20, ubuntu-latest, 8)	UNKNOWN STEP	2026-08-06T16:12:38.7916169Z Version: 20260707.563
pnpm (20, ubuntu-latest, 8)	UNKNOWN STEP	2026-08-06T16:12:38.7922963Z ##[group]Runner Image
pnpm (20, ubuntu-latest, 8)	UNKNOWN STEP	2026-08-06T16:12:38.7923466Z Image: ubuntu-24.04
pnpm (20, ubuntu-latest, 8)	UNKNOWN STEP	2026-08-06T16:12:38.7923980Z Version: 20260720.247.2
pnpm (20, ubuntu-latest, 8)	UNKNOWN STEP	2026-08-06T16:12:38.7925078Z Included Software: https://github.com/actions/runner-images/blob/ubuntu24/20260720.247/images/ubuntu/Ubuntu2404-Readme.md
pnpm (20, ubuntu-latest, 8)	UNKNOWN STEP	2026-08-06T16:12:38.7926830Z Image Release: https://github.com/actions/runner-images/releases/tag/ubuntu24%2F20260720.247
pnpm (20, ubuntu-latest, 8)	UNKNOWN STEP	2026-08-06T16:12:38.7927758Z ##[endgroup]
pnpm (20, ubuntu-latest, 8)	UNKNOWN STEP	2026-08-06T16:12:38.7928713Z ##[group]GITHUB_TOKEN Permissions
pnpm (20, ubuntu-latest, 8)	UNKNOWN STEP	2026-08-06T16:12:38.7930540Z Contents: read
pnpm (20, ubuntu-latest, 8)	UNKNOWN STEP	2026-08-06T16:12:38.7931095Z Metadata: read
pnpm (20, ubuntu-latest, 8)	UNKNOWN STEP	2026-08-06T16:12:38.7931580Z ##[endgroup]
pnpm (20, ubuntu-latest, 8)	UNKNOWN STEP	2026-08-06T16:12:38.7933191Z Secret source: Actions
pnpm (20, ubuntu-latest, 8)	UNKNOWN STEP	2026-08-06T16:12:38.7934148Z Prepare workflow directory
pnpm (20, ubuntu-latest, 8)	UNKNOWN STEP	2026-08-06T16:12:38.8187170Z Prepare all required actions
pnpm (20, ubuntu-latest, 8)	UNKNOWN STEP	2026-08-06T16:12:38.8225281Z Getting action download info
pnpm (20, ubuntu-latest, 8)	UNKNOWN STEP	2026-08-06T16:13:41.1961117Z Failed to resolve action download info. Error: Service Unavailable
pnpm (20, ubuntu-latest, 8)	UNKNOWN STEP	2026-08-06T16:13:41.2021925Z Retrying in 14.344 seconds
pnpm (20, ubuntu-latest, 8)	UNKNOWN STEP	2026-08-06T16:14:35.2917700Z Failed to resolve action download info. Error: Service Unavailable
pnpm (20, ubuntu-latest, 8)	UNKNOWN STEP	2026-08-06T16:14:35.2921586Z Retrying in 18.424 seconds
pnpm (20, ubuntu-latest, 8)	UNKNOWN STEP	2026-08-06T16:15:08.6183478Z ##[error]Internal Server Error
pnpm (20, ubuntu-latest, 8)	UNKNOWN STEP	2026-08-06T16:15:08.6199582Z ##[error]Failed to resolve action download info.
