Lint Markdown	UNKNOWN STEP	﻿2026-09-28T13:09:03.2279771Z Current runner version: '2.337.0'
Lint Markdown	UNKNOWN STEP	2026-09-28T13:09:03.2307206Z ##[group]Runner Image Provisioner
Lint Markdown	UNKNOWN STEP	2026-09-28T13:09:03.2308147Z Hosted Compute Agent
Lint Markdown	UNKNOWN STEP	2026-09-28T13:09:03.2308782Z Version: 20260828.587
Lint Markdown	UNKNOWN STEP	2026-09-28T13:09:03.2317283Z ##[group]Runner Image
Lint Markdown	UNKNOWN STEP	2026-09-28T13:09:03.2317991Z Image: ubuntu-24.04
Lint Markdown	UNKNOWN STEP	2026-09-28T13:09:03.2318616Z Version: 20260920.314.1
Lint Markdown	UNKNOWN STEP	2026-09-28T13:09:04.2303293Z ##[group]Run actions/checkout@9c091bb21b7c1c1d1991bb908d89e4e9dddfe3e0
Lint Markdown	UNKNOWN STEP	2026-09-28T13:09:04.2304454Z with:
Lint Markdown	UNKNOWN STEP	2026-09-28T13:09:04.2304943Z   persist-credentials: false
Lint Markdown	UNKNOWN STEP	2026-09-28T13:09:05.2640972Z ##[group]Run actions/setup-node@820762786026740c76f36085b0efc47a31fe5020
Lint Markdown	UNKNOWN STEP	2026-09-28T13:09:05.2642581Z with:
Lint Markdown	UNKNOWN STEP	2026-09-28T13:09:05.2643459Z   node-version: lts/*
Lint Markdown	UNKNOWN STEP	2026-09-28T13:09:06.4393455Z ##[group]Run npm install --ignore-scripts
Lint Markdown	UNKNOWN STEP	2026-09-28T13:09:06.4393879Z ^[[36;1mnpm install --ignore-scripts^[[0m
Lint Markdown	UNKNOWN STEP	2026-09-28T13:09:06.4648982Z shell: /usr/bin/bash -e {0}
Lint Markdown	UNKNOWN STEP	2026-09-28T13:09:27.0598461Z ##[group]Run xt0rted/markdownlint-problem-matcher@1a5fabfb577370cfdf5af944d418e4be3ea06f27
Lint Markdown	UNKNOWN STEP	2026-09-28T13:09:27.0599019Z with:
Lint Markdown	UNKNOWN STEP	2026-09-28T13:09:27.0599239Z   action: add
Lint Markdown	UNKNOWN STEP	2026-09-28T13:09:27.1155405Z ##[group]Run ./node_modules/.bin/markdownlint-cli2
Lint Markdown	UNKNOWN STEP	2026-09-28T13:09:27.1155862Z ^[[36;1m./node_modules/.bin/markdownlint-cli2^[[0m
Lint Markdown	UNKNOWN STEP	2026-09-28T13:09:27.1223731Z shell: /usr/bin/bash -e {0}
Lint Markdown	UNKNOWN STEP	2026-09-28T13:09:27.1224036Z ##[endgroup]
Lint Markdown	UNKNOWN STEP	2026-09-28T13:09:27.3446137Z markdownlint-cli2 v0.23.3 (markdownlint v0.41.1)
Lint Markdown	UNKNOWN STEP	2026-09-28T13:09:28.3387508Z ##[error]docs/Guides/Ecosystem.md:247:81 error MD013/line-length Line length [Expected: 80; Actual: 106]
Lint Markdown	UNKNOWN STEP	2026-09-28T13:09:28.3625448Z ##[error]Process completed with exit code 1.
Lint Markdown	UNKNOWN STEP	2026-09-28T13:09:28.3739481Z Post job cleanup.
Lint Markdown	UNKNOWN STEP	2026-09-28T13:09:28.4594883Z [command]/usr/bin/git version
Lint Markdown	UNKNOWN STEP	2026-09-28T13:09:28.4638917Z git version 2.55.0
Lint Markdown	UNKNOWN STEP	2026-09-28T13:09:28.5254127Z [command]/usr/bin/git config --local --name-only --get-regexp ^includeIf\.gitdir:
Lint Markdown	UNKNOWN STEP	2026-09-28T13:09:28.5285125Z [command]/usr/bin/git submodule foreach --recursive git config --local --show-origin --name-only --get-regexp remote.origin.url
Lint Markdown	UNKNOWN STEP	2026-09-28T13:09:28.5651051Z Cleaning up orphan processes
Lint Markdown	UNKNOWN STEP	2026-09-28T13:09:28.5922203Z ##[warning]Node.js 20 is deprecated. The following actions target Node.js 20 but are being forced to run on Node.js 24: xt0rted/markdownlint-problem-matcher@1a5fabfb577370cfdf5af944d418e4be3ea06f27. For more information see: https://github.blog/changelog/2025-09-19-deprecation-of-node-20-on-github-actions-runners/
