Lint Markdown	UNKNOWN STEP	﻿2026-09-28T16:52:58.9227819Z Current runner version: '2.337.0'
Lint Markdown	UNKNOWN STEP	2026-09-28T16:52:58.9248640Z ##[group]Runner Image Provisioner
Lint Markdown	UNKNOWN STEP	2026-09-28T16:52:58.9249363Z Hosted Compute Agent
Lint Markdown	UNKNOWN STEP	2026-09-28T16:52:58.9249957Z Version: 20260828.587
Lint Markdown	UNKNOWN STEP	2026-09-28T16:52:58.9256346Z ##[group]Runner Image
Lint Markdown	UNKNOWN STEP	2026-09-28T16:52:58.9256854Z Image: ubuntu-24.04
Lint Markdown	UNKNOWN STEP	2026-09-28T16:52:58.9257376Z Version: 20260920.314.1
Lint Markdown	UNKNOWN STEP	2026-09-28T16:53:00.2682607Z ##[group]Run actions/checkout@9c091bb21b7c1c1d1991bb908d89e4e9dddfe3e0
Lint Markdown	UNKNOWN STEP	2026-09-28T16:53:00.2683816Z with:
Lint Markdown	UNKNOWN STEP	2026-09-28T16:53:00.2684344Z   persist-credentials: false
Lint Markdown	UNKNOWN STEP	2026-09-28T16:53:01.6318004Z ##[group]Run actions/setup-node@820762786026740c76f36085b0efc47a31fe5020
Lint Markdown	UNKNOWN STEP	2026-09-28T16:53:01.6318770Z with:
Lint Markdown	UNKNOWN STEP	2026-09-28T16:53:01.6319119Z   node-version: lts/*
Lint Markdown	UNKNOWN STEP	2026-09-28T16:53:03.1972263Z ##[group]Run npm install --ignore-scripts
Lint Markdown	UNKNOWN STEP	2026-09-28T16:53:03.1972619Z ^[[36;1mnpm install --ignore-scripts^[[0m
Lint Markdown	UNKNOWN STEP	2026-09-28T16:53:03.2210652Z shell: /usr/bin/bash -e {0}
Lint Markdown	UNKNOWN STEP	2026-09-28T16:53:32.3397792Z ##[group]Run xt0rted/markdownlint-problem-matcher@1a5fabfb577370cfdf5af944d418e4be3ea06f27
Lint Markdown	UNKNOWN STEP	2026-09-28T16:53:32.3398462Z with:
Lint Markdown	UNKNOWN STEP	2026-09-28T16:53:32.3398635Z   action: add
Lint Markdown	UNKNOWN STEP	2026-09-28T16:53:32.3882818Z ##[group]Run ./node_modules/.bin/markdownlint-cli2
Lint Markdown	UNKNOWN STEP	2026-09-28T16:53:32.3883185Z ^[[36;1m./node_modules/.bin/markdownlint-cli2^[[0m
Lint Markdown	UNKNOWN STEP	2026-09-28T16:53:32.3941453Z shell: /usr/bin/bash -e {0}
Lint Markdown	UNKNOWN STEP	2026-09-28T16:53:32.3941686Z ##[endgroup]
Lint Markdown	UNKNOWN STEP	2026-09-28T16:53:32.6138646Z markdownlint-cli2 v0.23.3 (markdownlint v0.41.1)
Lint Markdown	UNKNOWN STEP	2026-09-28T16:53:33.4232002Z ##[error]docs/Guides/Ecosystem.md:244:81 error MD013/line-length Line length [Expected: 80; Actual: 106]
Lint Markdown	UNKNOWN STEP	2026-09-28T16:53:33.4537890Z ##[error]Process completed with exit code 1.
Lint Markdown	UNKNOWN STEP	2026-09-28T16:53:33.4635047Z Post job cleanup.
Lint Markdown	UNKNOWN STEP	2026-09-28T16:53:33.5356270Z [command]/usr/bin/git version
Lint Markdown	UNKNOWN STEP	2026-09-28T16:53:33.5394336Z git version 2.55.0
Lint Markdown	UNKNOWN STEP	2026-09-28T16:53:33.5882207Z [command]/usr/bin/git config --local --name-only --get-regexp ^includeIf\.gitdir:
Lint Markdown	UNKNOWN STEP	2026-09-28T16:53:33.5907195Z [command]/usr/bin/git submodule foreach --recursive git config --local --show-origin --name-only --get-regexp remote.origin.url
Lint Markdown	UNKNOWN STEP	2026-09-28T16:53:33.6221693Z Cleaning up orphan processes
Lint Markdown	UNKNOWN STEP	2026-09-28T16:53:33.6483854Z ##[warning]Node.js 20 is deprecated. The following actions target Node.js 20 but are being forced to run on Node.js 24: xt0rted/markdownlint-problem-matcher@1a5fabfb577370cfdf5af944d418e4be3ea06f27. For more information see: https://github.blog/changelog/2025-09-19-deprecation-of-node-20-on-github-actions-runners/
