main	UNKNOWN STEP	﻿2026-09-23T16:40:56.6768826Z Current runner version: '2.337.0'
main	UNKNOWN STEP	2026-09-23T16:40:56.6793812Z ##[group]Runner Image Provisioner
main	UNKNOWN STEP	2026-09-23T16:40:56.6794723Z Hosted Compute Agent
main	UNKNOWN STEP	2026-09-23T16:40:56.6795394Z Version: 20260828.587
main	UNKNOWN STEP	2026-09-23T16:40:56.6804831Z ##[group]Runner Image
main	UNKNOWN STEP	2026-09-23T16:40:56.6805452Z Image: ubuntu-24.04
main	UNKNOWN STEP	2026-09-23T16:40:56.6806546Z Version: 20260920.314.1
main	UNKNOWN STEP	2026-09-23T16:40:57.7524880Z ##[group]Run actions/checkout@3d3c42e5aac5ba805825da76410c181273ba90b1
main	UNKNOWN STEP	2026-09-23T16:40:57.7526900Z with:
main	UNKNOWN STEP	2026-09-23T16:40:57.7527858Z   persist-credentials: false
main	UNKNOWN STEP	2026-09-23T16:40:58.5271446Z ##[group]Run astral-sh/setup-uv@c771a70e6277c0a99b617c7a806ffedaca235ff9
main	UNKNOWN STEP	2026-09-23T16:40:58.5272302Z with:
main	UNKNOWN STEP	2026-09-23T16:40:58.5272854Z   enable-cache: true
main	UNKNOWN STEP	2026-09-23T16:41:00.2391845Z ##[group]Run actions/setup-python@5fda3b95a4ea91299a34e894583c3862153e4b97
main	UNKNOWN STEP	2026-09-23T16:41:00.2392677Z with:
main	UNKNOWN STEP	2026-09-23T16:41:00.2393227Z   python-version-file: pyproject.toml
main	UNKNOWN STEP	2026-09-23T16:41:00.4510651Z ##[group]Run actions/cache@55cc8345863c7cc4c66a329aec7e433d2d1c52a9
main	UNKNOWN STEP	2026-09-23T16:41:00.4511446Z with:
main	UNKNOWN STEP	2026-09-23T16:41:00.4511976Z   path: ~/.cache/pre-commit
main	UNKNOWN STEP	2026-09-23T16:41:00.4512766Z   key: pre-commit|c755cd903c51030892c1a2a658309609a49ebead8644d713ec6381ab91c42868
main	UNKNOWN STEP	2026-09-23T16:41:00.4537970Z   enableCrossOsArchive: false
main	UNKNOWN STEP	2026-09-23T16:41:00.4538702Z   fail-on-cache-miss: false
main	UNKNOWN STEP	2026-09-23T16:41:00.4539554Z   lookup-only: false
main	UNKNOWN STEP	2026-09-23T16:41:00.4540137Z   save-always: false
main	UNKNOWN STEP	2026-09-23T16:41:00.4540690Z env:
main	UNKNOWN STEP	2026-09-23T16:41:01.0342480Z [command]/usr/bin/tar -xf /home/runner/work/_temp/c54c26cd-e4ba-4484-9b9e-0c88914c87c7/cache.tzst -P -C /home/runner/work/click/click --use-compress-program unzstd
main	UNKNOWN STEP	2026-09-23T16:41:01.2928888Z Cache restored successfully
main	UNKNOWN STEP	2026-09-23T16:41:01.3025976Z Cache restored from key: pre-commit|c755cd903c51030892c1a2a658309609a49ebead8644d713ec6381ab91c42868
main	UNKNOWN STEP	2026-09-23T16:41:01.3162643Z ##[group]Run uv run --locked --no-default-groups --group pre-commit pre-commit run --show-diff-on-failure --color=always --all-files
main	UNKNOWN STEP	2026-09-23T16:41:01.3163679Z ^[[36;1muv run --locked --no-default-groups --group pre-commit pre-commit run --show-diff-on-failure --color=always --all-files^[[0m
main	UNKNOWN STEP	2026-09-23T16:41:01.3487765Z shell: /usr/bin/bash -e {0}
main	UNKNOWN STEP	2026-09-23T16:41:01.3488198Z env:
main	UNKNOWN STEP	2026-09-23T16:41:01.3488650Z   UV_PYTHON_INSTALL_DIR: /home/runner/work/_temp/uv-python-dir
main	UNKNOWN STEP	2026-09-23T16:41:01.3489313Z   UV_CACHE_DIR: /home/runner/work/_temp/setup-uv-cache
main	UNKNOWN STEP	2026-09-23T16:41:01.3489939Z   pythonLocation: /opt/hostedtoolcache/Python/3.14.7/x64
main	UNKNOWN STEP	2026-09-23T16:41:01.3490623Z   PKG_CONFIG_PATH: /opt/hostedtoolcache/Python/3.14.7/x64/lib/pkgconfig
main	UNKNOWN STEP	2026-09-23T16:41:01.3491313Z   Python_ROOT_DIR: /opt/hostedtoolcache/Python/3.14.7/x64
main	UNKNOWN STEP	2026-09-23T16:41:01.3491925Z   Python2_ROOT_DIR: /opt/hostedtoolcache/Python/3.14.7/x64
main	UNKNOWN STEP	2026-09-23T16:41:01.3492577Z   Python3_ROOT_DIR: /opt/hostedtoolcache/Python/3.14.7/x64
main	UNKNOWN STEP	2026-09-23T16:41:01.3493202Z   LD_LIBRARY_PATH: /opt/hostedtoolcache/Python/3.14.7/x64/lib
main	UNKNOWN STEP	2026-09-23T16:41:01.3493740Z ##[endgroup]
main	UNKNOWN STEP	2026-09-23T16:41:01.4744938Z Using CPython 3.14.7 interpreter at: /opt/hostedtoolcache/Python/3.14.7/x64/bin/python3
main	UNKNOWN STEP	2026-09-23T16:41:01.4746685Z Creating virtual environment at: .venv
main	UNKNOWN STEP	2026-09-23T16:41:01.4806524Z    Building click @ file:///home/runner/work/click/click
main	UNKNOWN STEP	2026-09-23T16:41:01.8441004Z       Built click @ file:///home/runner/work/click/click
main	UNKNOWN STEP	2026-09-23T16:41:01.8532566Z Installed 13 packages in 7ms
main	UNKNOWN STEP	2026-09-23T16:41:02.3023654Z ruff check...............................................................^[[42mPassed^[[m
main	UNKNOWN STEP	2026-09-23T16:41:02.3466689Z ruff format..............................................................^[[42mPassed^[[m
main	UNKNOWN STEP	2026-09-23T16:41:02.4199620Z uv-lock..................................................................^[[42mPassed^[[m
main	UNKNOWN STEP	2026-09-23T16:41:02.7691755Z codespell................................................................^[[42mPassed^[[m
main	UNKNOWN STEP	2026-09-23T16:41:02.8767072Z check for merge conflicts................................................^[[42mPassed^[[m
main	UNKNOWN STEP	2026-09-23T16:41:03.1656660Z debug statements (python)................................................^[[42mPassed^[[m
main	UNKNOWN STEP	2026-09-23T16:41:03.2540034Z fix utf-8 byte order marker..............................................^[[42mPassed^[[m
main	UNKNOWN STEP	2026-09-23T16:41:03.3451848Z trim trailing whitespace.................................................^[[42mPassed^[[m
main	UNKNOWN STEP	2026-09-23T16:41:03.4331880Z fix end of files.........................................................^[[41mFailed^[[m
main	UNKNOWN STEP	2026-09-23T16:41:03.4333225Z ^[[2m- hook id: end-of-file-fixer^[[m
main	UNKNOWN STEP	2026-09-23T16:41:03.4333805Z ^[[2m- exit code: 1^[[m
main	UNKNOWN STEP	2026-09-23T16:41:03.4334347Z ^[[2m- files were modified by this hook^[[m
main	UNKNOWN STEP	2026-09-23T16:41:03.4334741Z 
main	UNKNOWN STEP	2026-09-23T16:41:03.4334952Z Fixing docs/parameters.md
main	UNKNOWN STEP	2026-09-23T16:41:03.4335247Z 
main	UNKNOWN STEP	2026-09-23T16:41:03.4335466Z pre-commit hook(s) made changes.
main	UNKNOWN STEP	2026-09-23T16:41:03.4336638Z If you are seeing this message in CI, reproduce locally with: `pre-commit run --all-files`.
main	UNKNOWN STEP	2026-09-23T16:41:03.4337675Z To run `pre-commit` as part of git workflow, use `pre-commit install`.
main	UNKNOWN STEP	2026-09-23T16:41:03.4338463Z All changes made by hooks:
main	UNKNOWN STEP	2026-09-23T16:41:03.4407031Z ^[[1mdiff --git a/docs/parameters.md b/docs/parameters.md^[[m
main	UNKNOWN STEP	2026-09-23T16:41:03.4407851Z ^[[1mindex b76914a..02218d9 100644^[[m
main	UNKNOWN STEP	2026-09-23T16:41:03.4408485Z ^[[1m--- a/docs/parameters.md^[[m
main	UNKNOWN STEP	2026-09-23T16:41:03.4409063Z ^[[1m+++ b/docs/parameters.md^[[m
main	UNKNOWN STEP	2026-09-23T16:41:03.4410112Z ^[[36m@@ -57,4 +57,4 @@^[[m ^[[mThe name must match the Python argument name. To choose the spec an argument sho^[[m
main	UNKNOWN STEP	2026-09-23T16:41:03.4411355Z      invoke(multi_echo, ['--times=3', 'index.txt'], prog_name='multi_echo')^[[m
main	UNKNOWN STEP	2026-09-23T16:41:03.4412101Z  ```^[[m
main	UNKNOWN STEP	2026-09-23T16:41:03.4412472Z  ^[[m
main	UNKNOWN STEP	2026-09-23T16:41:03.4416690Z ^[[31m-Click also keeps the parsed declarations on the parameter. {attr}`Parameter.opts` holds every spelling an option answers to, and {attr}`Parameter.secondary_opts` the ones that set a boolean flag to false. For an argument, `opts` holds its single declaration, `filename` rather than `FILENAME`, and `secondary_opts` is empty, since the parser binds an argument by name. Read {attr}`Parameter.spec` when you want the one string that designates a parameter.^[[m
main	UNKNOWN STEP	2026-09-23T16:41:03.4419962Z \ No newline at end of file^[[m
main	UNKNOWN STEP	2026-09-23T16:41:03.4423060Z ^[[32m+^[[m^[[32mClick also keeps the parsed declarations on the parameter. {attr}`Parameter.opts` holds every spelling an option answers to, and {attr}`Parameter.secondary_opts` the ones that set a boolean flag to false. For an argument, `opts` holds its single declaration, `filename` rather than `FILENAME`, and `secondary_opts` is empty, since the parser binds an argument by name. Read {attr}`Parameter.spec` when you want the one string that designates a parameter.^[[m
main	UNKNOWN STEP	2026-09-23T16:41:03.4689005Z ##[error]Process completed with exit code 1.
main	UNKNOWN STEP	2026-09-23T16:41:03.4837959Z Post job cleanup.
main	UNKNOWN STEP	2026-09-23T16:41:03.5661097Z [command]/usr/bin/git version
main	UNKNOWN STEP	2026-09-23T16:41:03.5699167Z git version 2.55.0
main	UNKNOWN STEP	2026-09-23T16:41:03.6674896Z Cleaning up orphan processes
