main	UNKNOWN STEP	﻿2026-07-24T10:30:14.4410822Z Current runner version: '2.336.0'
main	UNKNOWN STEP	2026-07-24T10:30:14.4436466Z ##[group]Runner Image Provisioner
main	UNKNOWN STEP	2026-07-24T10:30:14.4437370Z Hosted Compute Agent
main	UNKNOWN STEP	2026-07-24T10:30:14.4437969Z Version: 20260707.563
main	UNKNOWN STEP	2026-07-24T10:30:14.4446407Z ##[group]Runner Image
main	UNKNOWN STEP	2026-07-24T10:30:14.4447055Z Image: ubuntu-24.04
main	UNKNOWN STEP	2026-07-24T10:30:14.4447633Z Version: 20260720.247.2
main	UNKNOWN STEP	2026-07-24T10:30:15.9587566Z ##[group]Run actions/checkout@de0fac2e4500dabe0009e67214ff5f5447ce83dd
main	UNKNOWN STEP	2026-07-24T10:30:15.9589348Z with:
main	UNKNOWN STEP	2026-07-24T10:30:15.9589968Z   persist-credentials: false
main	UNKNOWN STEP	2026-07-24T10:30:17.0243313Z ##[group]Run astral-sh/setup-uv@cec208311dfd045dd5311c1add060b2062131d57
main	UNKNOWN STEP	2026-07-24T10:30:17.0244504Z with:
main	UNKNOWN STEP	2026-07-24T10:30:17.0244968Z   enable-cache: true
main	UNKNOWN STEP	2026-07-24T10:30:20.6657271Z ##[group]Run actions/setup-python@a309ff8b426b58ec0e2a45f0f869d46889d02405
main	UNKNOWN STEP	2026-07-24T10:30:20.6657732Z with:
main	UNKNOWN STEP	2026-07-24T10:30:20.6657957Z   python-version-file: pyproject.toml
main	UNKNOWN STEP	2026-07-24T10:30:20.8996891Z ##[group]Run actions/cache@668228422ae6a00e4ad889ee87cd7109ec5666a7
main	UNKNOWN STEP	2026-07-24T10:30:20.8997325Z with:
main	UNKNOWN STEP	2026-07-24T10:30:20.8997539Z   path: ~/.cache/pre-commit
main	UNKNOWN STEP	2026-07-24T10:30:20.8997945Z   key: pre-commit|86a87bb0986ce0b5bc75bf3138e4477238ff37466f26796dadad611d7337a637
main	UNKNOWN STEP	2026-07-24T10:30:20.8998961Z   enableCrossOsArchive: false
main	UNKNOWN STEP	2026-07-24T10:30:20.8999236Z   fail-on-cache-miss: false
main	UNKNOWN STEP	2026-07-24T10:30:20.8999488Z   lookup-only: false
main	UNKNOWN STEP	2026-07-24T10:30:20.8999761Z   save-always: false
main	UNKNOWN STEP	2026-07-24T10:30:20.9000007Z env:
main	UNKNOWN STEP	2026-07-24T10:30:25.9873420Z [command]/usr/bin/tar -xf /home/runner/work/_temp/86c8a9d3-a0a3-43dd-9aa3-be8932279477/cache.tzst -P -C /home/runner/work/flask/flask --use-compress-program unzstd
main	UNKNOWN STEP	2026-07-24T10:30:26.2304996Z Cache restored successfully
main	UNKNOWN STEP	2026-07-24T10:30:26.2403151Z Cache restored from key: pre-commit|86a87bb0986ce0b5bc75bf3138e4477238ff37466f26796dadad611d7337a637
main	UNKNOWN STEP	2026-07-24T10:30:26.2538098Z ##[group]Run uv run --locked --no-default-groups --group pre-commit pre-commit run --show-diff-on-failure --color=always --all-files
main	UNKNOWN STEP	2026-07-24T10:30:26.2540072Z ^[[36;1muv run --locked --no-default-groups --group pre-commit pre-commit run --show-diff-on-failure --color=always --all-files^[[0m
main	UNKNOWN STEP	2026-07-24T10:30:26.2610914Z shell: /usr/bin/bash -e {0}
main	UNKNOWN STEP	2026-07-24T10:30:26.2611349Z env:
main	UNKNOWN STEP	2026-07-24T10:30:26.2611772Z   UV_PYTHON_INSTALL_DIR: /home/runner/work/_temp/uv-python-dir
main	UNKNOWN STEP	2026-07-24T10:30:26.2612387Z   UV_CACHE_DIR: /home/runner/work/_temp/setup-uv-cache
main	UNKNOWN STEP	2026-07-24T10:30:26.2612986Z   pythonLocation: /opt/hostedtoolcache/Python/3.14.6/x64
main	UNKNOWN STEP	2026-07-24T10:30:26.2613666Z   PKG_CONFIG_PATH: /opt/hostedtoolcache/Python/3.14.6/x64/lib/pkgconfig
main	UNKNOWN STEP	2026-07-24T10:30:26.2614410Z   Python_ROOT_DIR: /opt/hostedtoolcache/Python/3.14.6/x64
main	UNKNOWN STEP	2026-07-24T10:30:26.2615074Z   Python2_ROOT_DIR: /opt/hostedtoolcache/Python/3.14.6/x64
main	UNKNOWN STEP	2026-07-24T10:30:26.2615790Z   Python3_ROOT_DIR: /opt/hostedtoolcache/Python/3.14.6/x64
main	UNKNOWN STEP	2026-07-24T10:30:26.2616463Z   LD_LIBRARY_PATH: /opt/hostedtoolcache/Python/3.14.6/x64/lib
main	UNKNOWN STEP	2026-07-24T10:30:26.2617042Z ##[endgroup]
main	UNKNOWN STEP	2026-07-24T10:30:27.3336774Z Using CPython 3.14.6 interpreter at: /opt/hostedtoolcache/Python/3.14.6/x64/bin/python3
main	UNKNOWN STEP	2026-07-24T10:30:27.3337703Z Creating virtual environment at: .venv
main	UNKNOWN STEP	2026-07-24T10:30:27.3414712Z    Building flask @ file:///home/runner/work/flask/flask
main	UNKNOWN STEP	2026-07-24T10:30:28.2914851Z       Built flask @ file:///home/runner/work/flask/flask
main	UNKNOWN STEP	2026-07-24T10:30:28.3036020Z Installed 19 packages in 9ms
main	UNKNOWN STEP	2026-07-24T10:30:28.9921591Z [INFO]^[[m Installing environment for https://github.com/astral-sh/ruff-pre-commit.
main	UNKNOWN STEP	2026-07-24T10:30:28.9922897Z [INFO]^[[m Once installed this environment will be reused.
main	UNKNOWN STEP	2026-07-24T10:30:28.9923774Z [INFO]^[[m This may take a few minutes...
main	UNKNOWN STEP	2026-07-24T10:30:29.0095656Z [INFO]^[[m Using pre-commit with uv 0.11.15 via pre-commit-uv 4.2.1
main	UNKNOWN STEP	2026-07-24T10:30:30.9777293Z [INFO]^[[m Installing environment for https://github.com/astral-sh/uv-pre-commit.
main	UNKNOWN STEP	2026-07-24T10:30:30.9778148Z [INFO]^[[m Once installed this environment will be reused.
main	UNKNOWN STEP	2026-07-24T10:30:30.9779053Z [INFO]^[[m This may take a few minutes...
main	UNKNOWN STEP	2026-07-24T10:30:31.0002757Z [INFO]^[[m Using pre-commit with uv 0.11.15 via pre-commit-uv 4.2.1
main	UNKNOWN STEP	2026-07-24T10:30:32.1726734Z [INFO]^[[m Installing environment for https://github.com/codespell-project/codespell.
main	UNKNOWN STEP	2026-07-24T10:30:32.1727346Z [INFO]^[[m Once installed this environment will be reused.
main	UNKNOWN STEP	2026-07-24T10:30:32.1727740Z [INFO]^[[m This may take a few minutes...
main	UNKNOWN STEP	2026-07-24T10:30:32.1852936Z [INFO]^[[m Using pre-commit with uv 0.11.15 via pre-commit-uv 4.2.1
main	UNKNOWN STEP	2026-07-24T10:30:34.5551882Z [INFO]^[[m Installing environment for https://github.com/pre-commit/pre-commit-hooks.
main	UNKNOWN STEP	2026-07-24T10:30:34.5552561Z [INFO]^[[m Once installed this environment will be reused.
main	UNKNOWN STEP	2026-07-24T10:30:34.5552954Z [INFO]^[[m This may take a few minutes...
main	UNKNOWN STEP	2026-07-24T10:30:34.5749972Z [INFO]^[[m Using pre-commit with uv 0.11.15 via pre-commit-uv 4.2.1
main	UNKNOWN STEP	2026-07-24T10:30:35.9316047Z ruff check...............................................................^[[42mPassed^[[m
main	UNKNOWN STEP	2026-07-24T10:30:35.9668858Z ruff format..............................................................^[[41mFailed^[[m
main	UNKNOWN STEP	2026-07-24T10:30:35.9669684Z ^[[2m- hook id: ruff-format^[[m
main	UNKNOWN STEP	2026-07-24T10:30:35.9670034Z ^[[2m- files were modified by this hook^[[m
main	UNKNOWN STEP	2026-07-24T10:30:35.9670244Z 
main	UNKNOWN STEP	2026-07-24T10:30:35.9670363Z 1 file reformatted, 82 files left unchanged
main	UNKNOWN STEP	2026-07-24T10:30:35.9670577Z 
main	UNKNOWN STEP	2026-07-24T10:30:36.0442045Z uv-lock..................................................................^[[42mPassed^[[m
main	UNKNOWN STEP	2026-07-24T10:30:36.4270745Z codespell................................................................^[[42mPassed^[[m
main	UNKNOWN STEP	2026-07-24T10:30:36.5335836Z check for merge conflicts................................................^[[42mPassed^[[m
main	UNKNOWN STEP	2026-07-24T10:30:36.7268682Z debug statements (python)................................................^[[42mPassed^[[m
main	UNKNOWN STEP	2026-07-24T10:30:36.8149283Z fix utf-8 byte order marker..............................................^[[42mPassed^[[m
main	UNKNOWN STEP	2026-07-24T10:30:36.9133575Z trim trailing whitespace.................................................^[[42mPassed^[[m
main	UNKNOWN STEP	2026-07-24T10:30:37.0090074Z fix end of files.........................................................^[[42mPassed^[[m
main	UNKNOWN STEP	2026-07-24T10:30:37.0090616Z pre-commit hook(s) made changes.
main	UNKNOWN STEP	2026-07-24T10:30:37.0091083Z If you are seeing this message in CI, reproduce locally with: `pre-commit run --all-files`.
main	UNKNOWN STEP	2026-07-24T10:30:37.0091643Z To run `pre-commit` as part of git workflow, use `pre-commit install`.
main	UNKNOWN STEP	2026-07-24T10:30:37.0092022Z All changes made by hooks:
main	UNKNOWN STEP	2026-07-24T10:30:37.0180308Z ^[[1mdiff --git a/src/flask/app.py b/src/flask/app.py^[[m
main	UNKNOWN STEP	2026-07-24T10:30:37.0181075Z ^[[1mindex 0ca9a77..0c0f685 100644^[[m
main	UNKNOWN STEP	2026-07-24T10:30:37.0181489Z ^[[1m--- a/src/flask/app.py^[[m
main	UNKNOWN STEP	2026-07-24T10:30:37.0182012Z ^[[1m+++ b/src/flask/app.py^[[m
main	UNKNOWN STEP	2026-07-24T10:30:37.0182653Z ^[[36m@@ -101,7 +101,6 @@^[[m ^[[mdef add_ctx(f: F) -> F:^[[m
main	UNKNOWN STEP	2026-07-24T10:30:37.0183419Z          elif not isinstance(args[0], AppContext):^[[m
main	UNKNOWN STEP	2026-07-24T10:30:37.0184099Z              args = (app_ctx._get_current_object(), *args)^[[m
main	UNKNOWN STEP	2026-07-24T10:30:37.0184628Z  ^[[m
main	UNKNOWN STEP	2026-07-24T10:30:37.0184925Z ^[[31m-^[[m
main	UNKNOWN STEP	2026-07-24T10:30:37.0185471Z      return update_wrapper(wrapper, f)  # type: ignore[return-value]^[[m
main	UNKNOWN STEP	2026-07-24T10:30:37.0186058Z  ^[[m
main	UNKNOWN STEP	2026-07-24T10:30:37.0186331Z  ^[[m
main	UNKNOWN STEP	2026-07-24T10:30:37.0473110Z ##[error]Process completed with exit code 1.
main	UNKNOWN STEP	2026-07-24T10:30:37.0593580Z Post job cleanup.
main	UNKNOWN STEP	2026-07-24T10:30:37.1434386Z [command]/usr/bin/git version
main	UNKNOWN STEP	2026-07-24T10:30:37.1471593Z git version 2.54.0
main	UNKNOWN STEP	2026-07-24T10:30:37.2456254Z Cleaning up orphan processes
