main	UNKNOWN STEP	﻿2026-07-26T14:51:59.9251032Z Current runner version: '2.336.0'
main	UNKNOWN STEP	2026-07-26T14:51:59.9274061Z ##[group]Runner Image Provisioner
main	UNKNOWN STEP	2026-07-26T14:51:59.9274855Z Hosted Compute Agent
main	UNKNOWN STEP	2026-07-26T14:51:59.9275380Z Version: 20260707.563
main	UNKNOWN STEP	2026-07-26T14:51:59.9282362Z ##[group]Runner Image
main	UNKNOWN STEP	2026-07-26T14:51:59.9283050Z Image: ubuntu-24.04
main	UNKNOWN STEP	2026-07-26T14:51:59.9283616Z Version: 20260720.247.2
main	UNKNOWN STEP	2026-07-26T14:52:01.9458882Z ##[group]Run actions/checkout@de0fac2e4500dabe0009e67214ff5f5447ce83dd
main	UNKNOWN STEP	2026-07-26T14:52:01.9460068Z with:
main	UNKNOWN STEP	2026-07-26T14:52:01.9460719Z   persist-credentials: false
main	UNKNOWN STEP	2026-07-26T14:52:03.3690351Z ##[group]Run astral-sh/setup-uv@cec208311dfd045dd5311c1add060b2062131d57
main	UNKNOWN STEP	2026-07-26T14:52:03.3690733Z with:
main	UNKNOWN STEP	2026-07-26T14:52:03.3690927Z   enable-cache: true
main	UNKNOWN STEP	2026-07-26T14:52:05.8389591Z ##[group]Run actions/setup-python@a309ff8b426b58ec0e2a45f0f869d46889d02405
main	UNKNOWN STEP	2026-07-26T14:52:05.8389979Z with:
main	UNKNOWN STEP	2026-07-26T14:52:05.8390198Z   python-version-file: pyproject.toml
main	UNKNOWN STEP	2026-07-26T14:52:06.0673428Z ##[group]Run actions/cache@668228422ae6a00e4ad889ee87cd7109ec5666a7
main	UNKNOWN STEP	2026-07-26T14:52:06.0673881Z with:
main	UNKNOWN STEP	2026-07-26T14:52:06.0674147Z   path: ~/.cache/pre-commit
main	UNKNOWN STEP	2026-07-26T14:52:06.0674646Z   key: pre-commit|86a87bb0986ce0b5bc75bf3138e4477238ff37466f26796dadad611d7337a637
main	UNKNOWN STEP	2026-07-26T14:52:06.0675161Z   enableCrossOsArchive: false
main	UNKNOWN STEP	2026-07-26T14:52:06.0675506Z   fail-on-cache-miss: false
main	UNKNOWN STEP	2026-07-26T14:52:06.0675855Z   lookup-only: false
main	UNKNOWN STEP	2026-07-26T14:52:06.0676122Z   save-always: false
main	UNKNOWN STEP	2026-07-26T14:52:06.0676421Z env:
main	UNKNOWN STEP	2026-07-26T14:52:07.1832286Z [command]/usr/bin/tar -xf /home/runner/work/_temp/47c57f7c-7696-48e0-9582-e2c252849e10/cache.tzst -P -C /home/runner/work/flask/flask --use-compress-program unzstd
main	UNKNOWN STEP	2026-07-26T14:52:07.3578179Z Cache restored successfully
main	UNKNOWN STEP	2026-07-26T14:52:07.3666663Z Cache restored from key: pre-commit|86a87bb0986ce0b5bc75bf3138e4477238ff37466f26796dadad611d7337a637
main	UNKNOWN STEP	2026-07-26T14:52:07.3753897Z ##[group]Run uv run --locked --no-default-groups --group pre-commit pre-commit run --show-diff-on-failure --color=always --all-files
main	UNKNOWN STEP	2026-07-26T14:52:07.3755029Z ^[[36;1muv run --locked --no-default-groups --group pre-commit pre-commit run --show-diff-on-failure --color=always --all-files^[[0m
main	UNKNOWN STEP	2026-07-26T14:52:07.3827137Z shell: /usr/bin/bash -e {0}
main	UNKNOWN STEP	2026-07-26T14:52:07.3827418Z env:
main	UNKNOWN STEP	2026-07-26T14:52:07.3827703Z   UV_PYTHON_INSTALL_DIR: /home/runner/work/_temp/uv-python-dir
main	UNKNOWN STEP	2026-07-26T14:52:07.3828102Z   UV_CACHE_DIR: /home/runner/work/_temp/setup-uv-cache
main	UNKNOWN STEP	2026-07-26T14:52:07.3828475Z   pythonLocation: /opt/hostedtoolcache/Python/3.14.6/x64
main	UNKNOWN STEP	2026-07-26T14:52:07.3828894Z   PKG_CONFIG_PATH: /opt/hostedtoolcache/Python/3.14.6/x64/lib/pkgconfig
main	UNKNOWN STEP	2026-07-26T14:52:07.3829309Z   Python_ROOT_DIR: /opt/hostedtoolcache/Python/3.14.6/x64
main	UNKNOWN STEP	2026-07-26T14:52:07.3829679Z   Python2_ROOT_DIR: /opt/hostedtoolcache/Python/3.14.6/x64
main	UNKNOWN STEP	2026-07-26T14:52:07.3830092Z   Python3_ROOT_DIR: /opt/hostedtoolcache/Python/3.14.6/x64
main	UNKNOWN STEP	2026-07-26T14:52:07.3830471Z   LD_LIBRARY_PATH: /opt/hostedtoolcache/Python/3.14.6/x64/lib
main	UNKNOWN STEP	2026-07-26T14:52:07.3830787Z ##[endgroup]
main	UNKNOWN STEP	2026-07-26T14:52:07.9291030Z Using CPython 3.14.6 interpreter at: /opt/hostedtoolcache/Python/3.14.6/x64/bin/python3
main	UNKNOWN STEP	2026-07-26T14:52:07.9291992Z Creating virtual environment at: .venv
main	UNKNOWN STEP	2026-07-26T14:52:07.9373596Z    Building flask @ file:///home/runner/work/flask/flask
main	UNKNOWN STEP	2026-07-26T14:52:08.5480087Z       Built flask @ file:///home/runner/work/flask/flask
main	UNKNOWN STEP	2026-07-26T14:52:08.5595272Z Installed 19 packages in 9ms
main	UNKNOWN STEP	2026-07-26T14:52:09.1638632Z [INFO]^[[m Installing environment for https://github.com/astral-sh/ruff-pre-commit.
main	UNKNOWN STEP	2026-07-26T14:52:09.1639325Z [INFO]^[[m Once installed this environment will be reused.
main	UNKNOWN STEP	2026-07-26T14:52:09.1639781Z [INFO]^[[m This may take a few minutes...
main	UNKNOWN STEP	2026-07-26T14:52:09.1742613Z [INFO]^[[m Using pre-commit with uv 0.11.15 via pre-commit-uv 4.2.1
main	UNKNOWN STEP	2026-07-26T14:52:10.7033938Z [INFO]^[[m Installing environment for https://github.com/astral-sh/uv-pre-commit.
main	UNKNOWN STEP	2026-07-26T14:52:10.7034900Z [INFO]^[[m Once installed this environment will be reused.
main	UNKNOWN STEP	2026-07-26T14:52:10.7035537Z [INFO]^[[m This may take a few minutes...
main	UNKNOWN STEP	2026-07-26T14:52:10.7159988Z [INFO]^[[m Using pre-commit with uv 0.11.15 via pre-commit-uv 4.2.1
main	UNKNOWN STEP	2026-07-26T14:52:11.6932885Z [INFO]^[[m Installing environment for https://github.com/codespell-project/codespell.
main	UNKNOWN STEP	2026-07-26T14:52:11.6933935Z [INFO]^[[m Once installed this environment will be reused.
main	UNKNOWN STEP	2026-07-26T14:52:11.6934636Z [INFO]^[[m This may take a few minutes...
main	UNKNOWN STEP	2026-07-26T14:52:11.7005006Z [INFO]^[[m Using pre-commit with uv 0.11.15 via pre-commit-uv 4.2.1
main	UNKNOWN STEP	2026-07-26T14:52:13.9431355Z [INFO]^[[m Installing environment for https://github.com/pre-commit/pre-commit-hooks.
main	UNKNOWN STEP	2026-07-26T14:52:13.9432358Z [INFO]^[[m Once installed this environment will be reused.
main	UNKNOWN STEP	2026-07-26T14:52:13.9433218Z [INFO]^[[m This may take a few minutes...
main	UNKNOWN STEP	2026-07-26T14:52:13.9549291Z [INFO]^[[m Using pre-commit with uv 0.11.15 via pre-commit-uv 4.2.1
main	UNKNOWN STEP	2026-07-26T14:52:14.9924598Z ruff check...............................................................^[[42mPassed^[[m
main	UNKNOWN STEP	2026-07-26T14:52:15.0239703Z ruff format..............................................................^[[42mPassed^[[m
main	UNKNOWN STEP	2026-07-26T14:52:15.0919469Z uv-lock..................................................................^[[42mPassed^[[m
main	UNKNOWN STEP	2026-07-26T14:52:15.4566570Z codespell................................................................^[[42mPassed^[[m
main	UNKNOWN STEP	2026-07-26T14:52:15.5585931Z check for merge conflicts................................................^[[42mPassed^[[m
main	UNKNOWN STEP	2026-07-26T14:52:15.7398473Z debug statements (python)................................................^[[42mPassed^[[m
main	UNKNOWN STEP	2026-07-26T14:52:15.8186311Z fix utf-8 byte order marker..............................................^[[42mPassed^[[m
main	UNKNOWN STEP	2026-07-26T14:52:15.9062087Z trim trailing whitespace.................................................^[[42mPassed^[[m
main	UNKNOWN STEP	2026-07-26T14:52:15.9903617Z fix end of files.........................................................^[[41mFailed^[[m
main	UNKNOWN STEP	2026-07-26T14:52:15.9904228Z ^[[2m- hook id: end-of-file-fixer^[[m
main	UNKNOWN STEP	2026-07-26T14:52:15.9904532Z ^[[2m- exit code: 1^[[m
main	UNKNOWN STEP	2026-07-26T14:52:15.9904816Z ^[[2m- files were modified by this hook^[[m
main	UNKNOWN STEP	2026-07-26T14:52:15.9905015Z 
main	UNKNOWN STEP	2026-07-26T14:52:15.9905101Z Fixing README.md
main	UNKNOWN STEP	2026-07-26T14:52:15.9905248Z 
main	UNKNOWN STEP	2026-07-26T14:52:15.9905424Z pre-commit hook(s) made changes.
main	UNKNOWN STEP	2026-07-26T14:52:15.9905960Z If you are seeing this message in CI, reproduce locally with: `pre-commit run --all-files`.
main	UNKNOWN STEP	2026-07-26T14:52:15.9906492Z To run `pre-commit` as part of git workflow, use `pre-commit install`.
main	UNKNOWN STEP	2026-07-26T14:52:15.9906856Z All changes made by hooks:
main	UNKNOWN STEP	2026-07-26T14:52:15.9982514Z ^[[1mdiff --git a/README.md b/README.md^[[m
main	UNKNOWN STEP	2026-07-26T14:52:15.9983176Z ^[[1mindex 404263f..64f56ca 100644^[[m
main	UNKNOWN STEP	2026-07-26T14:52:15.9983521Z ^[[1m--- a/README.md^[[m
main	UNKNOWN STEP	2026-07-26T14:52:15.9983885Z ^[[1m+++ b/README.md^[[m
main	UNKNOWN STEP	2026-07-26T14:52:15.9984664Z ^[[36m@@ -51,4 +51,3 @@^[[m ^[[mcontribute, including reporting issues, requesting features, asking or answering^[[m
main	UNKNOWN STEP	2026-07-26T14:52:15.9985782Z  questions, and making PRs.^[[m
main	UNKNOWN STEP	2026-07-26T14:52:15.9986495Z  ^[[m
main	UNKNOWN STEP	2026-07-26T14:52:15.9987346Z  [contrib]: https://palletsprojects.com/contributing/^[[m
main	UNKNOWN STEP	2026-07-26T14:52:15.9988326Z ^[[31m-^[[m
main	UNKNOWN STEP	2026-07-26T14:52:16.0253560Z ##[error]Process completed with exit code 1.
main	UNKNOWN STEP	2026-07-26T14:52:16.0365603Z Post job cleanup.
main	UNKNOWN STEP	2026-07-26T14:52:16.1137381Z [command]/usr/bin/git version
main	UNKNOWN STEP	2026-07-26T14:52:16.1173032Z git version 2.54.0
main	UNKNOWN STEP	2026-07-26T14:52:16.1960677Z Cleaning up orphan processes
