Development Versions	UNKNOWN STEP	﻿2026-07-30T17:30:06.5918542Z Current runner version: '2.336.0'
Development Versions	UNKNOWN STEP	2026-07-30T17:30:06.5942782Z ##[group]Runner Image Provisioner
Development Versions	UNKNOWN STEP	2026-07-30T17:30:06.5943779Z Hosted Compute Agent
Development Versions	UNKNOWN STEP	2026-07-30T17:30:06.5944541Z Version: 20260707.563
Development Versions	UNKNOWN STEP	2026-07-30T17:30:06.5953156Z ##[group]Runner Image
Development Versions	UNKNOWN STEP	2026-07-30T17:30:06.5953755Z Image: ubuntu-24.04
Development Versions	UNKNOWN STEP	2026-07-30T17:30:06.5954663Z Version: 20260720.247.2
Development Versions	UNKNOWN STEP	2026-07-30T17:30:08.5475522Z ##[group]Run actions/checkout@3d3c42e5aac5ba805825da76410c181273ba90b1
Development Versions	UNKNOWN STEP	2026-07-30T17:30:08.5476375Z with:
Development Versions	UNKNOWN STEP	2026-07-30T17:30:08.5476714Z   persist-credentials: false
Development Versions	UNKNOWN STEP	2026-07-30T17:30:09.5517781Z ##[group]Run astral-sh/setup-uv@c771a70e6277c0a99b617c7a806ffedaca235ff9
Development Versions	UNKNOWN STEP	2026-07-30T17:30:09.5518282Z with:
Development Versions	UNKNOWN STEP	2026-07-30T17:30:09.5518548Z   enable-cache: true
Development Versions	UNKNOWN STEP	2026-07-30T17:30:12.1571411Z ##[group]Run actions/setup-python@5fda3b95a4ea91299a34e894583c3862153e4b97
Development Versions	UNKNOWN STEP	2026-07-30T17:30:12.1571855Z with:
Development Versions	UNKNOWN STEP	2026-07-30T17:30:12.1572063Z   python-version: 3.10
Development Versions	UNKNOWN STEP	2026-07-30T17:30:12.2918512Z ##[group]Run uv run --locked --no-default-groups --group dev tox run
Development Versions	UNKNOWN STEP	2026-07-30T17:30:12.2919138Z ^[[36;1muv run --locked --no-default-groups --group dev tox run^[[0m
Development Versions	UNKNOWN STEP	2026-07-30T17:30:12.2976650Z shell: /usr/bin/bash -e {0}
Development Versions	UNKNOWN STEP	2026-07-30T17:30:14.5807686Z tests-dev: venv> .venv/bin/uv venv -p cpython3.10 --allow-existing '--prompt=flask[tests-dev]' --python-preference system /home/runner/work/flask/flask/.tox/tests-dev
Development Versions	UNKNOWN STEP	2026-07-30T17:30:14.8258325Z tests-dev: uv-sync> .venv/bin/uv sync --locked --python-preference system --no-default-groups --no-editable --reinstall-package Flask --group tests -p cpython3.10
Development Versions	UNKNOWN STEP	2026-07-30T17:30:15.0977505Z tests-dev: freeze> .venv/bin/uv --color never pip freeze
Development Versions	UNKNOWN STEP	2026-07-30T17:30:15.1126623Z tests-dev: asgiref==3.12.1,blinker==1.9.0,click==8.4.2,exceptiongroup==1.3.1,flask @ file:///home/runner/work/flask/flask,iniconfig==2.3.0,itsdangerous==2.2.0,jinja2==3.1.6,markupsafe==3.0.3,packaging==26.2,pluggy==1.6.0,pygments==2.20.0,pytest==9.1.1,python-dotenv==1.2.2,tomli==2.4.1,typing-extensions==4.16.0,werkzeug==3.1.8
Development Versions	UNKNOWN STEP	2026-07-30T17:30:15.1137633Z tests-dev: commands[0]> uv pip install https://github.com/pallets-eco/blinker/archive/refs/heads/main.tar.gz https://github.com/pallets/click/archive/refs/heads/main.tar.gz https://github.com/pallets/itsdangerous/archive/refs/heads/main.tar.gz https://github.com/pallets/jinja/archive/refs/heads/main.tar.gz https://github.com/pallets/markupsafe/archive/refs/heads/main.tar.gz https://github.com/pallets/werkzeug/archive/refs/heads/main.tar.gz
Development Versions	UNKNOWN STEP	2026-07-30T17:30:15.1252329Z Using Python 3.10.20 environment at: .tox/tests-dev
Development Versions	UNKNOWN STEP	2026-07-30T17:30:15.7230487Z Resolved 6 packages in 596ms
Development Versions	UNKNOWN STEP	2026-07-30T17:30:15.7809053Z    Building jinja2 @ https://github.com/pallets/jinja/archive/refs/heads/main.tar.gz
Development Versions	UNKNOWN STEP	2026-07-30T17:30:15.7831235Z    Building itsdangerous @ https://github.com/pallets/itsdangerous/archive/refs/heads/main.tar.gz
Development Versions	UNKNOWN STEP	2026-07-30T17:30:15.7833674Z    Building click @ https://github.com/pallets/click/archive/refs/heads/main.tar.gz
Development Versions	UNKNOWN STEP	2026-07-30T17:30:15.7836090Z    Building werkzeug @ https://github.com/pallets/werkzeug/archive/refs/heads/main.tar.gz
Development Versions	UNKNOWN STEP	2026-07-30T17:30:15.7839486Z    Building markupsafe @ https://github.com/pallets/markupsafe/archive/refs/heads/main.tar.gz
Development Versions	UNKNOWN STEP	2026-07-30T17:30:15.7875210Z    Building blinker @ https://github.com/pallets-eco/blinker/archive/refs/heads/main.tar.gz
Development Versions	UNKNOWN STEP	2026-07-30T17:30:16.0655813Z       Built itsdangerous @ https://github.com/pallets/itsdangerous/archive/refs/heads/main.tar.gz
Development Versions	UNKNOWN STEP	2026-07-30T17:30:16.1090337Z       Built werkzeug @ https://github.com/pallets/werkzeug/archive/refs/heads/main.tar.gz
Development Versions	UNKNOWN STEP	2026-07-30T17:30:16.1495786Z       Built jinja2 @ https://github.com/pallets/jinja/archive/refs/heads/main.tar.gz
Development Versions	UNKNOWN STEP	2026-07-30T17:30:16.1902442Z       Built blinker @ https://github.com/pallets-eco/blinker/archive/refs/heads/main.tar.gz
Development Versions	UNKNOWN STEP	2026-07-30T17:30:16.1941320Z       Built click @ https://github.com/pallets/click/archive/refs/heads/main.tar.gz
Development Versions	UNKNOWN STEP	2026-07-30T17:30:18.6941652Z       Built markupsafe @ https://github.com/pallets/markupsafe/archive/refs/heads/main.tar.gz
Development Versions	UNKNOWN STEP	2026-07-30T17:30:18.6955970Z Prepared 6 packages in 2.97s
Development Versions	UNKNOWN STEP	2026-07-30T17:30:18.6990626Z Uninstalled 6 packages in 3ms
Development Versions	UNKNOWN STEP	2026-07-30T17:30:18.7023861Z Installed 6 packages in 3ms
Development Versions	UNKNOWN STEP	2026-07-30T17:30:18.7026088Z  - blinker==1.9.0
Development Versions	UNKNOWN STEP	2026-07-30T17:30:18.7026910Z  + blinker==1.10.0.dev0 (from https://github.com/pallets-eco/blinker/archive/refs/heads/main.tar.gz)
Development Versions	UNKNOWN STEP	2026-07-30T17:30:18.7027851Z  - click==8.4.2
Development Versions	UNKNOWN STEP	2026-07-30T17:30:18.7028447Z  + click==8.5.0.dev0 (from https://github.com/pallets/click/archive/refs/heads/main.tar.gz)
Development Versions	UNKNOWN STEP	2026-07-30T17:30:18.7029283Z  - itsdangerous==2.2.0
Development Versions	UNKNOWN STEP	2026-07-30T17:30:18.7030062Z  + itsdangerous==2.3.0.dev0 (from https://github.com/pallets/itsdangerous/archive/refs/heads/main.tar.gz)
Development Versions	UNKNOWN STEP	2026-07-30T17:30:18.7030894Z  - jinja2==3.1.6
Development Versions	UNKNOWN STEP	2026-07-30T17:30:18.7031429Z  + jinja2==3.2.0.dev0 (from https://github.com/pallets/jinja/archive/refs/heads/main.tar.gz)
Development Versions	UNKNOWN STEP	2026-07-30T17:30:18.7032013Z  - markupsafe==3.0.3
Development Versions	UNKNOWN STEP	2026-07-30T17:30:18.7032462Z  + markupsafe==3.1.0.dev0 (from https://github.com/pallets/markupsafe/archive/refs/heads/main.tar.gz)
Development Versions	UNKNOWN STEP	2026-07-30T17:30:18.7032957Z  - werkzeug==3.1.8
Development Versions	UNKNOWN STEP	2026-07-30T17:30:18.7033379Z  + werkzeug==3.2.0.dev0 (from https://github.com/pallets/werkzeug/archive/refs/heads/main.tar.gz)
Development Versions	UNKNOWN STEP	2026-07-30T17:30:18.7222045Z tests-dev: commands[1]> pytest -v --tb=short --basetemp=/home/runner/work/flask/flask/.tox/tmp/tests-dev
Development Versions	UNKNOWN STEP	2026-07-30T17:30:19.7424070Z ============================= test session starts ==============================
Development Versions	UNKNOWN STEP	2026-07-30T17:30:19.7427073Z platform linux -- Python 3.10.20, pytest-9.1.1, pluggy-1.6.0 -- /home/runner/work/flask/flask/.tox/tests-dev/bin/python3
Development Versions	UNKNOWN STEP	2026-07-30T17:30:19.7428166Z cachedir: .tox/tests-dev/.pytest_cache
Development Versions	UNKNOWN STEP	2026-07-30T17:30:19.7428835Z rootdir: /home/runner/work/flask/flask
Development Versions	UNKNOWN STEP	2026-07-30T17:30:19.7429731Z configfile: pyproject.toml
Development Versions	UNKNOWN STEP	2026-07-30T17:30:19.7430186Z testpaths: tests
Development Versions	UNKNOWN STEP	2026-07-30T17:30:20.6739880Z collecting ... collected 416 items / 2 errors
Development Versions	UNKNOWN STEP	2026-07-30T17:30:20.6740430Z 
Development Versions	UNKNOWN STEP	2026-07-30T17:30:20.6740667Z ==================================== ERRORS ====================================
Development Versions	UNKNOWN STEP	2026-07-30T17:30:20.6741452Z __________________ ERROR collecting tests/test_blueprints.py ___________________
Development Versions	UNKNOWN STEP	2026-07-30T17:30:20.6742182Z tests/test_blueprints.py:3: in <module>
Development Versions	UNKNOWN STEP	2026-07-30T17:30:20.6742762Z     from werkzeug.http import parse_cache_control_header
Development Versions	UNKNOWN STEP	2026-07-30T17:30:20.6743552Z .tox/tests-dev/lib/python3.10/site-packages/werkzeug/http.py:1535: in __getattr__
Development Versions	UNKNOWN STEP	2026-07-30T17:30:20.6744570Z     warnings.warn(
Development Versions	UNKNOWN STEP	2026-07-30T17:30:20.6745911Z E   DeprecationWarning: The 'parse_cache_control_header' function is deprecated and will be removed in Werkzeug 3.3. Use the 'CacheControl.from_header' method instead.
Development Versions	UNKNOWN STEP	2026-07-30T17:30:20.6747730Z _____________________ ERROR collecting tests/test_views.py _____________________
Development Versions	UNKNOWN STEP	2026-07-30T17:30:20.6748542Z tests/test_views.py:2: in <module>
Development Versions	UNKNOWN STEP	2026-07-30T17:30:20.6749135Z     from werkzeug.http import parse_set_header
Development Versions	UNKNOWN STEP	2026-07-30T17:30:20.6750011Z .tox/tests-dev/lib/python3.10/site-packages/werkzeug/http.py:1535: in __getattr__
Development Versions	UNKNOWN STEP	2026-07-30T17:30:20.6750855Z     warnings.warn(
Development Versions	UNKNOWN STEP	2026-07-30T17:30:20.6752029Z E   DeprecationWarning: The 'parse_set_header' function is deprecated and will be removed in Werkzeug 3.3. Use the 'HeaderSet.from_header' method instead.
Development Versions	UNKNOWN STEP	2026-07-30T17:30:20.6753372Z =========================== short test summary info ============================
Development Versions	UNKNOWN STEP	2026-07-30T17:30:20.6754509Z ERROR tests/test_blueprints.py - DeprecationWarning: The 'parse_cache_control...
Development Versions	UNKNOWN STEP	2026-07-30T17:30:20.6755518Z ERROR tests/test_views.py - DeprecationWarning: The 'parse_set_header' functi...
Development Versions	UNKNOWN STEP	2026-07-30T17:30:20.6756428Z !!!!!!!!!!!!!!!!!!! Interrupted: 2 errors during collection !!!!!!!!!!!!!!!!!!!!
Development Versions	UNKNOWN STEP	2026-07-30T17:30:20.6757558Z ============================== 2 errors in 0.92s ===============================
Development Versions	UNKNOWN STEP	2026-07-30T17:30:20.7137079Z tests-dev: exit 2 (1.99 seconds) /home/runner/work/flask/flask> pytest -v --tb=short --basetemp=/home/runner/work/flask/flask/.tox/tmp/tests-dev pid=2448
Development Versions	UNKNOWN STEP	2026-07-30T17:30:20.7141520Z   tests-dev: FAIL code 2 (6.14=setup[0.54]+cmd[3.61,1.99] seconds)
Development Versions	UNKNOWN STEP	2026-07-30T17:30:20.7142244Z   evaluation failed :( (6.23 seconds)
Development Versions	UNKNOWN STEP	2026-07-30T17:30:20.7499153Z ##[error]Process completed with exit code 2.
Development Versions	UNKNOWN STEP	2026-07-30T17:30:20.7640488Z Post job cleanup.
Development Versions	UNKNOWN STEP	2026-07-30T17:30:20.8463196Z [command]/usr/bin/git version
Development Versions	UNKNOWN STEP	2026-07-30T17:30:20.8507128Z git version 2.54.0
Development Versions	UNKNOWN STEP	2026-07-30T17:30:20.9462937Z Cleaning up orphan processes
