Development Versions	UNKNOWN STEP	﻿2026-08-09T20:48:55.5377531Z Current runner version: '2.336.0'
Development Versions	UNKNOWN STEP	2026-08-09T20:48:55.5398176Z ##[group]Runner Image Provisioner
Development Versions	UNKNOWN STEP	2026-08-09T20:48:55.5398866Z Hosted Compute Agent
Development Versions	UNKNOWN STEP	2026-08-09T20:48:55.5399399Z Version: 20260707.563
Development Versions	UNKNOWN STEP	2026-08-09T20:48:55.5405439Z ##[group]Runner Image
Development Versions	UNKNOWN STEP	2026-08-09T20:48:55.5405925Z Image: ubuntu-24.04
Development Versions	UNKNOWN STEP	2026-08-09T20:48:55.5406363Z Version: 20260720.247.2
Development Versions	UNKNOWN STEP	2026-08-09T20:48:57.6737397Z ##[group]Run actions/checkout@3d3c42e5aac5ba805825da76410c181273ba90b1
Development Versions	UNKNOWN STEP	2026-08-09T20:48:57.6738143Z with:
Development Versions	UNKNOWN STEP	2026-08-09T20:48:57.6738485Z   persist-credentials: false
Development Versions	UNKNOWN STEP	2026-08-09T20:48:58.8597708Z ##[group]Run astral-sh/setup-uv@c771a70e6277c0a99b617c7a806ffedaca235ff9
Development Versions	UNKNOWN STEP	2026-08-09T20:48:58.8598111Z with:
Development Versions	UNKNOWN STEP	2026-08-09T20:48:58.8598359Z   enable-cache: true
Development Versions	UNKNOWN STEP	2026-08-09T20:49:02.0114917Z ##[group]Run actions/setup-python@5fda3b95a4ea91299a34e894583c3862153e4b97
Development Versions	UNKNOWN STEP	2026-08-09T20:49:02.0115242Z with:
Development Versions	UNKNOWN STEP	2026-08-09T20:49:02.0115412Z   python-version: 3.10
Development Versions	UNKNOWN STEP	2026-08-09T20:49:02.1725079Z ##[group]Run uv run --locked --no-default-groups --group dev tox run
Development Versions	UNKNOWN STEP	2026-08-09T20:49:02.1725540Z ^[[36;1muv run --locked --no-default-groups --group dev tox run^[[0m
Development Versions	UNKNOWN STEP	2026-08-09T20:49:02.1906622Z shell: /usr/bin/bash -e {0}
Development Versions	UNKNOWN STEP	2026-08-09T20:49:05.3803310Z tests-dev: venv> .venv/bin/uv venv -p cpython3.10 --allow-existing '--prompt=flask[tests-dev]' --python-preference system /home/runner/work/flask/flask/.tox/tests-dev
Development Versions	UNKNOWN STEP	2026-08-09T20:49:05.5832260Z tests-dev: uv-sync> .venv/bin/uv sync --locked --python-preference system --no-default-groups --no-editable --reinstall-package Flask --group tests -p cpython3.10
Development Versions	UNKNOWN STEP	2026-08-09T20:49:05.8433441Z tests-dev: freeze> .venv/bin/uv --color never pip freeze
Development Versions	UNKNOWN STEP	2026-08-09T20:49:05.8532714Z tests-dev: asgiref==3.12.1,blinker==1.9.0,click==8.4.2,exceptiongroup==1.3.1,flask @ file:///home/runner/work/flask/flask,iniconfig==2.3.0,itsdangerous==2.2.0,jinja2==3.1.6,markupsafe==3.0.3,packaging==26.2,pluggy==1.6.0,pygments==2.20.0,pytest==9.1.1,python-dotenv==1.2.2,tomli==2.4.1,typing-extensions==4.16.0,werkzeug==3.1.8
Development Versions	UNKNOWN STEP	2026-08-09T20:49:05.8540513Z tests-dev: commands[0]> uv pip install https://github.com/pallets-eco/blinker/archive/refs/heads/main.tar.gz https://github.com/pallets/click/archive/refs/heads/main.tar.gz https://github.com/pallets/itsdangerous/archive/refs/heads/main.tar.gz https://github.com/pallets/jinja/archive/refs/heads/main.tar.gz https://github.com/pallets/markupsafe/archive/refs/heads/main.tar.gz https://github.com/pallets/werkzeug/archive/refs/heads/main.tar.gz
Development Versions	UNKNOWN STEP	2026-08-09T20:49:05.8694464Z Using Python 3.10.20 environment at: .tox/tests-dev
Development Versions	UNKNOWN STEP	2026-08-09T20:49:06.5615314Z Resolved 6 packages in 691ms
Development Versions	UNKNOWN STEP	2026-08-09T20:49:06.6459193Z    Building blinker @ https://github.com/pallets-eco/blinker/archive/refs/heads/main.tar.gz
Development Versions	UNKNOWN STEP	2026-08-09T20:49:06.6472285Z    Building markupsafe @ https://github.com/pallets/markupsafe/archive/refs/heads/main.tar.gz
Development Versions	UNKNOWN STEP	2026-08-09T20:49:06.6485653Z    Building click @ https://github.com/pallets/click/archive/refs/heads/main.tar.gz
Development Versions	UNKNOWN STEP	2026-08-09T20:49:06.6489751Z    Building werkzeug @ https://github.com/pallets/werkzeug/archive/refs/heads/main.tar.gz
Development Versions	UNKNOWN STEP	2026-08-09T20:49:06.6537875Z    Building jinja2 @ https://github.com/pallets/jinja/archive/refs/heads/main.tar.gz
Development Versions	UNKNOWN STEP	2026-08-09T20:49:06.7198174Z    Building itsdangerous @ https://github.com/pallets/itsdangerous/archive/refs/heads/main.tar.gz
Development Versions	UNKNOWN STEP	2026-08-09T20:49:06.8697671Z       Built blinker @ https://github.com/pallets-eco/blinker/archive/refs/heads/main.tar.gz
Development Versions	UNKNOWN STEP	2026-08-09T20:49:06.8777988Z       Built jinja2 @ https://github.com/pallets/jinja/archive/refs/heads/main.tar.gz
Development Versions	UNKNOWN STEP	2026-08-09T20:49:06.8917493Z       Built werkzeug @ https://github.com/pallets/werkzeug/archive/refs/heads/main.tar.gz
Development Versions	UNKNOWN STEP	2026-08-09T20:49:06.9749852Z       Built click @ https://github.com/pallets/click/archive/refs/heads/main.tar.gz
Development Versions	UNKNOWN STEP	2026-08-09T20:49:06.9862187Z       Built itsdangerous @ https://github.com/pallets/itsdangerous/archive/refs/heads/main.tar.gz
Development Versions	UNKNOWN STEP	2026-08-09T20:49:09.9106991Z       Built markupsafe @ https://github.com/pallets/markupsafe/archive/refs/heads/main.tar.gz
Development Versions	UNKNOWN STEP	2026-08-09T20:49:09.9116442Z Prepared 6 packages in 3.35s
Development Versions	UNKNOWN STEP	2026-08-09T20:49:09.9167418Z Uninstalled 6 packages in 2ms
Development Versions	UNKNOWN STEP	2026-08-09T20:49:09.9169547Z Installed 6 packages in 2ms
Development Versions	UNKNOWN STEP	2026-08-09T20:49:09.9170267Z  - blinker==1.9.0
Development Versions	UNKNOWN STEP	2026-08-09T20:49:09.9170842Z  + blinker==1.10.0.dev0 (from https://github.com/pallets-eco/blinker/archive/refs/heads/main.tar.gz)
Development Versions	UNKNOWN STEP	2026-08-09T20:49:09.9171383Z  - click==8.4.2
Development Versions	UNKNOWN STEP	2026-08-09T20:49:09.9171702Z  + click==8.5.0.dev0 (from https://github.com/pallets/click/archive/refs/heads/main.tar.gz)
Development Versions	UNKNOWN STEP	2026-08-09T20:49:09.9172360Z  - itsdangerous==2.2.0
Development Versions	UNKNOWN STEP	2026-08-09T20:49:09.9173098Z  + itsdangerous==2.3.0.dev0 (from https://github.com/pallets/itsdangerous/archive/refs/heads/main.tar.gz)
Development Versions	UNKNOWN STEP	2026-08-09T20:49:09.9173874Z  - jinja2==3.1.6
Development Versions	UNKNOWN STEP	2026-08-09T20:49:09.9174494Z  + jinja2==3.2.0.dev0 (from https://github.com/pallets/jinja/archive/refs/heads/main.tar.gz)
Development Versions	UNKNOWN STEP	2026-08-09T20:49:09.9175219Z  - markupsafe==3.0.3
Development Versions	UNKNOWN STEP	2026-08-09T20:49:09.9175936Z  + markupsafe==3.1.0.dev0 (from https://github.com/pallets/markupsafe/archive/refs/heads/main.tar.gz)
Development Versions	UNKNOWN STEP	2026-08-09T20:49:09.9176533Z  - werkzeug==3.1.8
Development Versions	UNKNOWN STEP	2026-08-09T20:49:09.9177244Z  + werkzeug==3.2.0.dev0 (from https://github.com/pallets/werkzeug/archive/refs/heads/main.tar.gz)
Development Versions	UNKNOWN STEP	2026-08-09T20:49:09.9339690Z tests-dev: commands[1]> pytest -v --tb=short --basetemp=/home/runner/work/flask/flask/.tox/tmp/tests-dev
Development Versions	UNKNOWN STEP	2026-08-09T20:49:11.4988368Z ============================= test session starts ==============================
Development Versions	UNKNOWN STEP	2026-08-09T20:49:11.4988920Z platform linux -- Python 3.10.20, pytest-9.1.1, pluggy-1.6.0 -- /home/runner/work/flask/flask/.tox/tests-dev/bin/python3
Development Versions	UNKNOWN STEP	2026-08-09T20:49:11.4989363Z cachedir: .tox/tests-dev/.pytest_cache
Development Versions	UNKNOWN STEP	2026-08-09T20:49:11.4989629Z rootdir: /home/runner/work/flask/flask
Development Versions	UNKNOWN STEP	2026-08-09T20:49:11.4989857Z configfile: pyproject.toml
Development Versions	UNKNOWN STEP	2026-08-09T20:49:11.4990047Z testpaths: tests
Development Versions	UNKNOWN STEP	2026-08-09T20:49:12.2371887Z collecting ... collected 416 items / 2 errors
Development Versions	UNKNOWN STEP	2026-08-09T20:49:12.2372228Z 
Development Versions	UNKNOWN STEP	2026-08-09T20:49:12.2372379Z ==================================== ERRORS ====================================
Development Versions	UNKNOWN STEP	2026-08-09T20:49:12.2372854Z __________________ ERROR collecting tests/test_blueprints.py ___________________
Development Versions	UNKNOWN STEP	2026-08-09T20:49:12.2373288Z tests/test_blueprints.py:3: in <module>
Development Versions	UNKNOWN STEP	2026-08-09T20:49:12.2373641Z     from werkzeug.http import parse_cache_control_header
Development Versions	UNKNOWN STEP	2026-08-09T20:49:12.2374127Z .tox/tests-dev/lib/python3.10/site-packages/werkzeug/http.py:1535: in __getattr__
Development Versions	UNKNOWN STEP	2026-08-09T20:49:12.2374557Z     warnings.warn(
Development Versions	UNKNOWN STEP	2026-08-09T20:49:12.2375232Z E   DeprecationWarning: The 'parse_cache_control_header' function is deprecated and will be removed in Werkzeug 3.3. Use the 'CacheControl.from_header' method instead.
Development Versions	UNKNOWN STEP	2026-08-09T20:49:12.2376215Z _____________________ ERROR collecting tests/test_views.py _____________________
Development Versions	UNKNOWN STEP	2026-08-09T20:49:12.2376523Z tests/test_views.py:2: in <module>
Development Versions	UNKNOWN STEP	2026-08-09T20:49:12.2377001Z     from werkzeug.http import parse_set_header
Development Versions	UNKNOWN STEP	2026-08-09T20:49:12.2377347Z .tox/tests-dev/lib/python3.10/site-packages/werkzeug/http.py:1535: in __getattr__
Development Versions	UNKNOWN STEP	2026-08-09T20:49:12.2377657Z     warnings.warn(
Development Versions	UNKNOWN STEP	2026-08-09T20:49:12.2378127Z E   DeprecationWarning: The 'parse_set_header' function is deprecated and will be removed in Werkzeug 3.3. Use the 'HeaderSet.from_header' method instead.
Development Versions	UNKNOWN STEP	2026-08-09T20:49:12.2378660Z =========================== short test summary info ============================
Development Versions	UNKNOWN STEP	2026-08-09T20:49:12.2379035Z ERROR tests/test_blueprints.py - DeprecationWarning: The 'parse_cache_control...
Development Versions	UNKNOWN STEP	2026-08-09T20:49:12.2379450Z ERROR tests/test_views.py - DeprecationWarning: The 'parse_set_header' functi...
Development Versions	UNKNOWN STEP	2026-08-09T20:49:12.2379818Z !!!!!!!!!!!!!!!!!!! Interrupted: 2 errors during collection !!!!!!!!!!!!!!!!!!!!
Development Versions	UNKNOWN STEP	2026-08-09T20:49:12.2380469Z ============================== 2 errors in 0.72s ===============================
Development Versions	UNKNOWN STEP	2026-08-09T20:49:12.2724483Z tests-dev: exit 2 (2.34 seconds) /home/runner/work/flask/flask> pytest -v --tb=short --basetemp=/home/runner/work/flask/flask/.tox/tmp/tests-dev pid=2294
Development Versions	UNKNOWN STEP	2026-08-09T20:49:12.2728348Z   tests-dev: FAIL code 2 (6.90=setup[0.48]+cmd[4.08,2.34] seconds)
Development Versions	UNKNOWN STEP	2026-08-09T20:49:12.2728825Z   evaluation failed :( (6.99 seconds)
Development Versions	UNKNOWN STEP	2026-08-09T20:49:12.3035582Z ##[error]Process completed with exit code 2.
Development Versions	UNKNOWN STEP	2026-08-09T20:49:12.3155026Z Post job cleanup.
Development Versions	UNKNOWN STEP	2026-08-09T20:49:12.3809778Z [command]/usr/bin/git version
Development Versions	UNKNOWN STEP	2026-08-09T20:49:12.3844810Z git version 2.54.0
Development Versions	UNKNOWN STEP	2026-08-09T20:49:12.4683042Z Cleaning up orphan processes
