Development Versions	UNKNOWN STEP	﻿2026-08-10T14:59:04.3306151Z Current runner version: '2.336.0'
Development Versions	UNKNOWN STEP	2026-08-10T14:59:04.3331536Z ##[group]Runner Image Provisioner
Development Versions	UNKNOWN STEP	2026-08-10T14:59:04.3332380Z Hosted Compute Agent
Development Versions	UNKNOWN STEP	2026-08-10T14:59:04.3333055Z Version: 20260707.563
Development Versions	UNKNOWN STEP	2026-08-10T14:59:04.3341306Z ##[group]Runner Image
Development Versions	UNKNOWN STEP	2026-08-10T14:59:04.3341966Z Image: ubuntu-24.04
Development Versions	UNKNOWN STEP	2026-08-10T14:59:04.3342593Z Version: 20260720.247.2
Development Versions	UNKNOWN STEP	2026-08-10T14:59:06.4869644Z ##[group]Run actions/checkout@3d3c42e5aac5ba805825da76410c181273ba90b1
Development Versions	UNKNOWN STEP	2026-08-10T14:59:06.4870508Z with:
Development Versions	UNKNOWN STEP	2026-08-10T14:59:06.4871066Z   persist-credentials: false
Development Versions	UNKNOWN STEP	2026-08-10T14:59:08.0658443Z ##[group]Run astral-sh/setup-uv@c771a70e6277c0a99b617c7a806ffedaca235ff9
Development Versions	UNKNOWN STEP	2026-08-10T14:59:08.0658947Z with:
Development Versions	UNKNOWN STEP	2026-08-10T14:59:08.0659238Z   enable-cache: true
Development Versions	UNKNOWN STEP	2026-08-10T14:59:11.5019889Z ##[group]Run actions/setup-python@5fda3b95a4ea91299a34e894583c3862153e4b97
Development Versions	UNKNOWN STEP	2026-08-10T14:59:11.5020323Z with:
Development Versions	UNKNOWN STEP	2026-08-10T14:59:11.5020524Z   python-version: 3.10
Development Versions	UNKNOWN STEP	2026-08-10T14:59:11.6390565Z ##[group]Run uv run --locked --no-default-groups --group dev tox run
Development Versions	UNKNOWN STEP	2026-08-10T14:59:11.6391374Z ^[[36;1muv run --locked --no-default-groups --group dev tox run^[[0m
Development Versions	UNKNOWN STEP	2026-08-10T14:59:11.6451199Z shell: /usr/bin/bash -e {0}
Development Versions	UNKNOWN STEP	2026-08-10T14:59:12.9112618Z tests-dev: venv> .venv/bin/uv venv -p cpython3.10 --allow-existing '--prompt=flask[tests-dev]' --python-preference system /home/runner/work/flask/flask/.tox/tests-dev
Development Versions	UNKNOWN STEP	2026-08-10T14:59:13.1635588Z tests-dev: uv-sync> .venv/bin/uv sync --locked --python-preference system --no-default-groups --no-editable --reinstall-package Flask --group tests -p cpython3.10
Development Versions	UNKNOWN STEP	2026-08-10T14:59:13.4826253Z tests-dev: freeze> .venv/bin/uv --color never pip freeze
Development Versions	UNKNOWN STEP	2026-08-10T14:59:13.4973588Z tests-dev: asgiref==3.12.1,blinker==1.9.0,click==8.4.2,exceptiongroup==1.3.1,flask @ file:///home/runner/work/flask/flask,iniconfig==2.3.0,itsdangerous==2.2.0,jinja2==3.1.6,markupsafe==3.0.3,packaging==26.2,pluggy==1.6.0,pygments==2.20.0,pytest==9.1.1,python-dotenv==1.2.2,tomli==2.4.1,typing-extensions==4.16.0,werkzeug==3.1.8
Development Versions	UNKNOWN STEP	2026-08-10T14:59:13.4985888Z tests-dev: commands[0]> uv pip install https://github.com/pallets-eco/blinker/archive/refs/heads/main.tar.gz https://github.com/pallets/click/archive/refs/heads/main.tar.gz https://github.com/pallets/itsdangerous/archive/refs/heads/main.tar.gz https://github.com/pallets/jinja/archive/refs/heads/main.tar.gz https://github.com/pallets/markupsafe/archive/refs/heads/main.tar.gz https://github.com/pallets/werkzeug/archive/refs/heads/main.tar.gz
Development Versions	UNKNOWN STEP	2026-08-10T14:59:13.5100010Z Using Python 3.10.20 environment at: .tox/tests-dev
Development Versions	UNKNOWN STEP	2026-08-10T14:59:14.2824905Z Resolved 6 packages in 771ms
Development Versions	UNKNOWN STEP	2026-08-10T14:59:14.3906866Z    Building markupsafe @ https://github.com/pallets/markupsafe/archive/refs/heads/main.tar.gz
Development Versions	UNKNOWN STEP	2026-08-10T14:59:14.3981982Z    Building jinja2 @ https://github.com/pallets/jinja/archive/refs/heads/main.tar.gz
Development Versions	UNKNOWN STEP	2026-08-10T14:59:14.4176231Z    Building blinker @ https://github.com/pallets-eco/blinker/archive/refs/heads/main.tar.gz
Development Versions	UNKNOWN STEP	2026-08-10T14:59:14.4380076Z    Building werkzeug @ https://github.com/pallets/werkzeug/archive/refs/heads/main.tar.gz
Development Versions	UNKNOWN STEP	2026-08-10T14:59:14.4441971Z    Building itsdangerous @ https://github.com/pallets/itsdangerous/archive/refs/heads/main.tar.gz
Development Versions	UNKNOWN STEP	2026-08-10T14:59:14.4562743Z    Building click @ https://github.com/pallets/click/archive/refs/heads/main.tar.gz
Development Versions	UNKNOWN STEP	2026-08-10T14:59:14.7182014Z       Built jinja2 @ https://github.com/pallets/jinja/archive/refs/heads/main.tar.gz
Development Versions	UNKNOWN STEP	2026-08-10T14:59:14.7362404Z       Built blinker @ https://github.com/pallets-eco/blinker/archive/refs/heads/main.tar.gz
Development Versions	UNKNOWN STEP	2026-08-10T14:59:14.7948682Z       Built werkzeug @ https://github.com/pallets/werkzeug/archive/refs/heads/main.tar.gz
Development Versions	UNKNOWN STEP	2026-08-10T14:59:14.8236939Z       Built itsdangerous @ https://github.com/pallets/itsdangerous/archive/refs/heads/main.tar.gz
Development Versions	UNKNOWN STEP	2026-08-10T14:59:14.8553486Z       Built click @ https://github.com/pallets/click/archive/refs/heads/main.tar.gz
Development Versions	UNKNOWN STEP	2026-08-10T14:59:16.0159577Z       Built markupsafe @ https://github.com/pallets/markupsafe/archive/refs/heads/main.tar.gz
Development Versions	UNKNOWN STEP	2026-08-10T14:59:16.0173542Z Prepared 6 packages in 1.73s
Development Versions	UNKNOWN STEP	2026-08-10T14:59:16.0231791Z Uninstalled 6 packages in 3ms
Development Versions	UNKNOWN STEP	2026-08-10T14:59:16.0243490Z Installed 6 packages in 3ms
Development Versions	UNKNOWN STEP	2026-08-10T14:59:16.0245555Z  - blinker==1.9.0
Development Versions	UNKNOWN STEP	2026-08-10T14:59:16.0246373Z  + blinker==1.10.0.dev0 (from https://github.com/pallets-eco/blinker/archive/refs/heads/main.tar.gz)
Development Versions	UNKNOWN STEP	2026-08-10T14:59:16.0247286Z  - click==8.4.2
Development Versions	UNKNOWN STEP	2026-08-10T14:59:16.0248177Z  + click==8.5.0.dev0 (from https://github.com/pallets/click/archive/refs/heads/main.tar.gz)
Development Versions	UNKNOWN STEP	2026-08-10T14:59:16.0248914Z  - itsdangerous==2.2.0
Development Versions	UNKNOWN STEP	2026-08-10T14:59:16.0249483Z  + itsdangerous==2.3.0.dev0 (from https://github.com/pallets/itsdangerous/archive/refs/heads/main.tar.gz)
Development Versions	UNKNOWN STEP	2026-08-10T14:59:16.0250090Z  - jinja2==3.1.6
Development Versions	UNKNOWN STEP	2026-08-10T14:59:16.0250502Z  + jinja2==3.2.0.dev0 (from https://github.com/pallets/jinja/archive/refs/heads/main.tar.gz)
Development Versions	UNKNOWN STEP	2026-08-10T14:59:16.0251709Z  - markupsafe==3.0.3
Development Versions	UNKNOWN STEP	2026-08-10T14:59:16.0252155Z  + markupsafe==3.1.0.dev0 (from https://github.com/pallets/markupsafe/archive/refs/heads/main.tar.gz)
Development Versions	UNKNOWN STEP	2026-08-10T14:59:16.0252621Z  - werkzeug==3.1.8
Development Versions	UNKNOWN STEP	2026-08-10T14:59:16.0253061Z  + werkzeug==3.2.0.dev0 (from https://github.com/pallets/werkzeug/archive/refs/heads/main.tar.gz)
Development Versions	UNKNOWN STEP	2026-08-10T14:59:16.0433966Z tests-dev: commands[1]> pytest -v --tb=short --basetemp=/home/runner/work/flask/flask/.tox/tmp/tests-dev
Development Versions	UNKNOWN STEP	2026-08-10T14:59:17.2036136Z ============================= test session starts ==============================
Development Versions	UNKNOWN STEP	2026-08-10T14:59:17.2037326Z platform linux -- Python 3.10.20, pytest-9.1.1, pluggy-1.6.0 -- /home/runner/work/flask/flask/.tox/tests-dev/bin/python3
Development Versions	UNKNOWN STEP	2026-08-10T14:59:17.2038031Z cachedir: .tox/tests-dev/.pytest_cache
Development Versions	UNKNOWN STEP	2026-08-10T14:59:17.2038436Z rootdir: /home/runner/work/flask/flask
Development Versions	UNKNOWN STEP	2026-08-10T14:59:17.2038793Z configfile: pyproject.toml
Development Versions	UNKNOWN STEP	2026-08-10T14:59:17.2039088Z testpaths: tests
Development Versions	UNKNOWN STEP	2026-08-10T14:59:18.2209381Z collecting ... collected 416 items / 2 errors
Development Versions	UNKNOWN STEP	2026-08-10T14:59:18.2210184Z 
Development Versions	UNKNOWN STEP	2026-08-10T14:59:18.2210761Z ==================================== ERRORS ====================================
Development Versions	UNKNOWN STEP	2026-08-10T14:59:18.2211966Z __________________ ERROR collecting tests/test_blueprints.py ___________________
Development Versions	UNKNOWN STEP	2026-08-10T14:59:18.2212429Z tests/test_blueprints.py:3: in <module>
Development Versions	UNKNOWN STEP	2026-08-10T14:59:18.2212807Z     from werkzeug.http import parse_cache_control_header
Development Versions	UNKNOWN STEP	2026-08-10T14:59:18.2213298Z .tox/tests-dev/lib/python3.10/site-packages/werkzeug/http.py:1561: in __getattr__
Development Versions	UNKNOWN STEP	2026-08-10T14:59:18.2213740Z     warnings.warn(
Development Versions	UNKNOWN STEP	2026-08-10T14:59:18.2214428Z E   DeprecationWarning: The 'parse_cache_control_header' function is deprecated and will be removed in Werkzeug 3.3. Use the 'CacheControl.from_header' method instead.
Development Versions	UNKNOWN STEP	2026-08-10T14:59:18.2215312Z _____________________ ERROR collecting tests/test_views.py _____________________
Development Versions	UNKNOWN STEP	2026-08-10T14:59:18.2215736Z tests/test_views.py:2: in <module>
Development Versions	UNKNOWN STEP	2026-08-10T14:59:18.2216041Z     from werkzeug.http import parse_set_header
Development Versions	UNKNOWN STEP	2026-08-10T14:59:18.2216504Z .tox/tests-dev/lib/python3.10/site-packages/werkzeug/http.py:1561: in __getattr__
Development Versions	UNKNOWN STEP	2026-08-10T14:59:18.2216939Z     warnings.warn(
Development Versions	UNKNOWN STEP	2026-08-10T14:59:18.2217577Z E   DeprecationWarning: The 'parse_set_header' function is deprecated and will be removed in Werkzeug 3.3. Use the 'HeaderSet.from_header' method instead.
Development Versions	UNKNOWN STEP	2026-08-10T14:59:18.2218340Z =========================== short test summary info ============================
Development Versions	UNKNOWN STEP	2026-08-10T14:59:18.2218845Z ERROR tests/test_blueprints.py - DeprecationWarning: The 'parse_cache_control...
Development Versions	UNKNOWN STEP	2026-08-10T14:59:18.2219425Z ERROR tests/test_views.py - DeprecationWarning: The 'parse_set_header' functi...
Development Versions	UNKNOWN STEP	2026-08-10T14:59:18.2219948Z !!!!!!!!!!!!!!!!!!! Interrupted: 2 errors during collection !!!!!!!!!!!!!!!!!!!!
Development Versions	UNKNOWN STEP	2026-08-10T14:59:18.2220767Z ============================== 2 errors in 1.00s ===============================
Development Versions	UNKNOWN STEP	2026-08-10T14:59:18.2656114Z tests-dev: exit 2 (2.22 seconds) /home/runner/work/flask/flask> pytest -v --tb=short --basetemp=/home/runner/work/flask/flask/.tox/tmp/tests-dev pid=2528
Development Versions	UNKNOWN STEP	2026-08-10T14:59:18.2660305Z   tests-dev: FAIL code 2 (5.36=setup[0.59]+cmd[2.54,2.22] seconds)
Development Versions	UNKNOWN STEP	2026-08-10T14:59:18.2661170Z   evaluation failed :( (5.45 seconds)
Development Versions	UNKNOWN STEP	2026-08-10T14:59:18.3019467Z ##[error]Process completed with exit code 2.
Development Versions	UNKNOWN STEP	2026-08-10T14:59:18.3162599Z Post job cleanup.
Development Versions	UNKNOWN STEP	2026-08-10T14:59:18.3987728Z [command]/usr/bin/git version
Development Versions	UNKNOWN STEP	2026-08-10T14:59:18.4024615Z git version 2.54.0
Development Versions	UNKNOWN STEP	2026-08-10T14:59:18.5025259Z Cleaning up orphan processes
