Development Versions	UNKNOWN STEP	﻿2026-08-10T15:21:15.2253565Z Current runner version: '2.336.0'
Development Versions	UNKNOWN STEP	2026-08-10T15:21:15.2280986Z ##[group]Runner Image Provisioner
Development Versions	UNKNOWN STEP	2026-08-10T15:21:15.2282042Z Hosted Compute Agent
Development Versions	UNKNOWN STEP	2026-08-10T15:21:15.2282779Z Version: 20260707.563
Development Versions	UNKNOWN STEP	2026-08-10T15:21:15.2292161Z ##[group]Runner Image
Development Versions	UNKNOWN STEP	2026-08-10T15:21:15.2292863Z Image: ubuntu-24.04
Development Versions	UNKNOWN STEP	2026-08-10T15:21:15.2293577Z Version: 20260720.247.2
Development Versions	UNKNOWN STEP	2026-08-10T15:21:16.7922583Z ##[group]Run actions/checkout@3d3c42e5aac5ba805825da76410c181273ba90b1
Development Versions	UNKNOWN STEP	2026-08-10T15:21:16.7923994Z with:
Development Versions	UNKNOWN STEP	2026-08-10T15:21:16.7924697Z   persist-credentials: false
Development Versions	UNKNOWN STEP	2026-08-10T15:21:17.7258618Z ##[group]Run astral-sh/setup-uv@c771a70e6277c0a99b617c7a806ffedaca235ff9
Development Versions	UNKNOWN STEP	2026-08-10T15:21:17.7258969Z with:
Development Versions	UNKNOWN STEP	2026-08-10T15:21:17.7259169Z   enable-cache: true
Development Versions	UNKNOWN STEP	2026-08-10T15:21:25.4573372Z ##[group]Run actions/setup-python@5fda3b95a4ea91299a34e894583c3862153e4b97
Development Versions	UNKNOWN STEP	2026-08-10T15:21:25.4573701Z with:
Development Versions	UNKNOWN STEP	2026-08-10T15:21:25.4573871Z   python-version: 3.10
Development Versions	UNKNOWN STEP	2026-08-10T15:21:25.5646585Z ##[group]Run uv run --locked --no-default-groups --group dev tox run
Development Versions	UNKNOWN STEP	2026-08-10T15:21:25.5647252Z ^[[36;1muv run --locked --no-default-groups --group dev tox run^[[0m
Development Versions	UNKNOWN STEP	2026-08-10T15:21:25.5692842Z shell: /usr/bin/bash -e {0}
Development Versions	UNKNOWN STEP	2026-08-10T15:21:26.9295599Z tests-dev: venv> .venv/bin/uv venv -p cpython3.10 --allow-existing '--prompt=flask[tests-dev]' --python-preference system /home/runner/work/flask/flask/.tox/tests-dev
Development Versions	UNKNOWN STEP	2026-08-10T15:21:27.1300667Z tests-dev: uv-sync> .venv/bin/uv sync --locked --python-preference system --no-default-groups --no-editable --reinstall-package Flask --group tests -p cpython3.10
Development Versions	UNKNOWN STEP	2026-08-10T15:21:27.3545200Z tests-dev: freeze> .venv/bin/uv --color never pip freeze
Development Versions	UNKNOWN STEP	2026-08-10T15:21:27.3691387Z tests-dev: asgiref==3.12.1,blinker==1.9.0,click==8.4.2,exceptiongroup==1.3.1,flask @ file:///home/runner/work/flask/flask,iniconfig==2.3.0,itsdangerous==2.2.0,jinja2==3.1.6,markupsafe==3.0.3,packaging==26.2,pluggy==1.6.0,pygments==2.20.0,pytest==9.1.1,python-dotenv==1.2.2,tomli==2.4.1,typing-extensions==4.16.0,werkzeug==3.1.8
Development Versions	UNKNOWN STEP	2026-08-10T15:21:27.3700913Z tests-dev: commands[0]> uv pip install https://github.com/pallets-eco/blinker/archive/refs/heads/main.tar.gz https://github.com/pallets/click/archive/refs/heads/main.tar.gz https://github.com/pallets/itsdangerous/archive/refs/heads/main.tar.gz https://github.com/pallets/jinja/archive/refs/heads/main.tar.gz https://github.com/pallets/markupsafe/archive/refs/heads/main.tar.gz https://github.com/pallets/werkzeug/archive/refs/heads/main.tar.gz
Development Versions	UNKNOWN STEP	2026-08-10T15:21:27.3812218Z Using Python 3.10.20 environment at: .tox/tests-dev
Development Versions	UNKNOWN STEP	2026-08-10T15:21:27.9473295Z Resolved 6 packages in 565ms
Development Versions	UNKNOWN STEP	2026-08-10T15:21:27.9929282Z    Building markupsafe @ https://github.com/pallets/markupsafe/archive/refs/heads/main.tar.gz
Development Versions	UNKNOWN STEP	2026-08-10T15:21:27.9946680Z    Building itsdangerous @ https://github.com/pallets/itsdangerous/archive/refs/heads/main.tar.gz
Development Versions	UNKNOWN STEP	2026-08-10T15:21:27.9962582Z    Building blinker @ https://github.com/pallets-eco/blinker/archive/refs/heads/main.tar.gz
Development Versions	UNKNOWN STEP	2026-08-10T15:21:27.9963364Z    Building werkzeug @ https://github.com/pallets/werkzeug/archive/refs/heads/main.tar.gz
Development Versions	UNKNOWN STEP	2026-08-10T15:21:28.0116426Z    Building click @ https://github.com/pallets/click/archive/refs/heads/main.tar.gz
Development Versions	UNKNOWN STEP	2026-08-10T15:21:28.0157977Z    Building jinja2 @ https://github.com/pallets/jinja/archive/refs/heads/main.tar.gz
Development Versions	UNKNOWN STEP	2026-08-10T15:21:28.2130242Z       Built itsdangerous @ https://github.com/pallets/itsdangerous/archive/refs/heads/main.tar.gz
Development Versions	UNKNOWN STEP	2026-08-10T15:21:28.2482169Z       Built werkzeug @ https://github.com/pallets/werkzeug/archive/refs/heads/main.tar.gz
Development Versions	UNKNOWN STEP	2026-08-10T15:21:28.2528625Z       Built blinker @ https://github.com/pallets-eco/blinker/archive/refs/heads/main.tar.gz
Development Versions	UNKNOWN STEP	2026-08-10T15:21:28.3016201Z       Built jinja2 @ https://github.com/pallets/jinja/archive/refs/heads/main.tar.gz
Development Versions	UNKNOWN STEP	2026-08-10T15:21:28.3422579Z       Built click @ https://github.com/pallets/click/archive/refs/heads/main.tar.gz
Development Versions	UNKNOWN STEP	2026-08-10T15:21:29.9402347Z       Built markupsafe @ https://github.com/pallets/markupsafe/archive/refs/heads/main.tar.gz
Development Versions	UNKNOWN STEP	2026-08-10T15:21:29.9415662Z Prepared 6 packages in 1.99s
Development Versions	UNKNOWN STEP	2026-08-10T15:21:29.9455757Z Uninstalled 6 packages in 2ms
Development Versions	UNKNOWN STEP	2026-08-10T15:21:29.9464340Z Installed 6 packages in 2ms
Development Versions	UNKNOWN STEP	2026-08-10T15:21:29.9466012Z  - blinker==1.9.0
Development Versions	UNKNOWN STEP	2026-08-10T15:21:29.9466608Z  + blinker==1.10.0.dev0 (from https://github.com/pallets-eco/blinker/archive/refs/heads/main.tar.gz)
Development Versions	UNKNOWN STEP	2026-08-10T15:21:29.9467073Z  - click==8.4.2
Development Versions	UNKNOWN STEP	2026-08-10T15:21:29.9467435Z  + click==8.5.0.dev0 (from https://github.com/pallets/click/archive/refs/heads/main.tar.gz)
Development Versions	UNKNOWN STEP	2026-08-10T15:21:29.9468059Z  - itsdangerous==2.2.0
Development Versions	UNKNOWN STEP	2026-08-10T15:21:29.9468778Z  + itsdangerous==2.3.0.dev0 (from https://github.com/pallets/itsdangerous/archive/refs/heads/main.tar.gz)
Development Versions	UNKNOWN STEP	2026-08-10T15:21:29.9469177Z  - jinja2==3.1.6
Development Versions	UNKNOWN STEP	2026-08-10T15:21:29.9469474Z  + jinja2==3.2.0.dev0 (from https://github.com/pallets/jinja/archive/refs/heads/main.tar.gz)
Development Versions	UNKNOWN STEP	2026-08-10T15:21:29.9469805Z  - markupsafe==3.0.3
Development Versions	UNKNOWN STEP	2026-08-10T15:21:29.9470133Z  + markupsafe==3.1.0.dev0 (from https://github.com/pallets/markupsafe/archive/refs/heads/main.tar.gz)
Development Versions	UNKNOWN STEP	2026-08-10T15:21:29.9470483Z  - werkzeug==3.1.8
Development Versions	UNKNOWN STEP	2026-08-10T15:21:29.9470794Z  + werkzeug==3.2.0.dev0 (from https://github.com/pallets/werkzeug/archive/refs/heads/main.tar.gz)
Development Versions	UNKNOWN STEP	2026-08-10T15:21:29.9619745Z tests-dev: commands[1]> pytest -v --tb=short --basetemp=/home/runner/work/flask/flask/.tox/tmp/tests-dev
Development Versions	UNKNOWN STEP	2026-08-10T15:21:31.1617179Z ============================= test session starts ==============================
Development Versions	UNKNOWN STEP	2026-08-10T15:21:31.1617839Z platform linux -- Python 3.10.20, pytest-9.1.1, pluggy-1.6.0 -- /home/runner/work/flask/flask/.tox/tests-dev/bin/python3
Development Versions	UNKNOWN STEP	2026-08-10T15:21:31.1618308Z cachedir: .tox/tests-dev/.pytest_cache
Development Versions	UNKNOWN STEP	2026-08-10T15:21:31.1618562Z rootdir: /home/runner/work/flask/flask
Development Versions	UNKNOWN STEP	2026-08-10T15:21:31.1618787Z configfile: pyproject.toml
Development Versions	UNKNOWN STEP	2026-08-10T15:21:31.1618975Z testpaths: tests
Development Versions	UNKNOWN STEP	2026-08-10T15:21:31.9706350Z collecting ... collected 418 items / 2 errors
Development Versions	UNKNOWN STEP	2026-08-10T15:21:31.9706652Z 
Development Versions	UNKNOWN STEP	2026-08-10T15:21:31.9706825Z ==================================== ERRORS ====================================
Development Versions	UNKNOWN STEP	2026-08-10T15:21:31.9707291Z __________________ ERROR collecting tests/test_blueprints.py ___________________
Development Versions	UNKNOWN STEP	2026-08-10T15:21:31.9707615Z tests/test_blueprints.py:3: in <module>
Development Versions	UNKNOWN STEP	2026-08-10T15:21:31.9707891Z     from werkzeug.http import parse_cache_control_header
Development Versions	UNKNOWN STEP	2026-08-10T15:21:31.9708260Z .tox/tests-dev/lib/python3.10/site-packages/werkzeug/http.py:1561: in __getattr__
Development Versions	UNKNOWN STEP	2026-08-10T15:21:31.9708576Z     warnings.warn(
Development Versions	UNKNOWN STEP	2026-08-10T15:21:31.9709060Z E   DeprecationWarning: The 'parse_cache_control_header' function is deprecated and will be removed in Werkzeug 3.3. Use the 'CacheControl.from_header' method instead.
Development Versions	UNKNOWN STEP	2026-08-10T15:21:31.9709701Z _____________________ ERROR collecting tests/test_views.py _____________________
Development Versions	UNKNOWN STEP	2026-08-10T15:21:31.9709998Z tests/test_views.py:2: in <module>
Development Versions	UNKNOWN STEP	2026-08-10T15:21:31.9710231Z     from werkzeug.http import parse_set_header
Development Versions	UNKNOWN STEP	2026-08-10T15:21:31.9710555Z .tox/tests-dev/lib/python3.10/site-packages/werkzeug/http.py:1561: in __getattr__
Development Versions	UNKNOWN STEP	2026-08-10T15:21:31.9710860Z     warnings.warn(
Development Versions	UNKNOWN STEP	2026-08-10T15:21:31.9711314Z E   DeprecationWarning: The 'parse_set_header' function is deprecated and will be removed in Werkzeug 3.3. Use the 'HeaderSet.from_header' method instead.
Development Versions	UNKNOWN STEP	2026-08-10T15:21:31.9711860Z =========================== short test summary info ============================
Development Versions	UNKNOWN STEP	2026-08-10T15:21:31.9712222Z ERROR tests/test_blueprints.py - DeprecationWarning: The 'parse_cache_control...
Development Versions	UNKNOWN STEP	2026-08-10T15:21:31.9712615Z ERROR tests/test_views.py - DeprecationWarning: The 'parse_set_header' functi...
Development Versions	UNKNOWN STEP	2026-08-10T15:21:31.9712977Z !!!!!!!!!!!!!!!!!!! Interrupted: 2 errors during collection !!!!!!!!!!!!!!!!!!!!
Development Versions	UNKNOWN STEP	2026-08-10T15:21:31.9713600Z ============================== 2 errors in 0.79s ===============================
Development Versions	UNKNOWN STEP	2026-08-10T15:21:32.0132855Z tests-dev: exit 2 (2.05 seconds) /home/runner/work/flask/flask> pytest -v --tb=short --basetemp=/home/runner/work/flask/flask/.tox/tmp/tests-dev pid=2418
Development Versions	UNKNOWN STEP	2026-08-10T15:21:32.0136460Z   tests-dev: FAIL code 2 (5.09=setup[0.45]+cmd[2.59,2.05] seconds)
Development Versions	UNKNOWN STEP	2026-08-10T15:21:32.0136932Z   evaluation failed :( (5.16 seconds)
Development Versions	UNKNOWN STEP	2026-08-10T15:21:32.0460158Z ##[error]Process completed with exit code 2.
Development Versions	UNKNOWN STEP	2026-08-10T15:21:32.0576918Z Post job cleanup.
Development Versions	UNKNOWN STEP	2026-08-10T15:21:32.1268872Z [command]/usr/bin/git version
Development Versions	UNKNOWN STEP	2026-08-10T15:21:32.1299779Z git version 2.54.0
Development Versions	UNKNOWN STEP	2026-08-10T15:21:32.3116311Z Cleaning up orphan processes
