Development Versions	UNKNOWN STEP	﻿2026-09-08T16:40:59.4497407Z Current runner version: '2.337.0'
Development Versions	UNKNOWN STEP	2026-09-08T16:40:59.4518793Z ##[group]Runner Image Provisioner
Development Versions	UNKNOWN STEP	2026-09-08T16:40:59.4519501Z Hosted Compute Agent
Development Versions	UNKNOWN STEP	2026-09-08T16:40:59.4519948Z Version: 20260828.587
Development Versions	UNKNOWN STEP	2026-09-08T16:40:59.4526289Z ##[group]Runner Image
Development Versions	UNKNOWN STEP	2026-09-08T16:40:59.4526755Z Image: ubuntu-24.04
Development Versions	UNKNOWN STEP	2026-09-08T16:40:59.4527228Z Version: 20260831.293.1
Development Versions	UNKNOWN STEP	2026-09-08T16:41:02.3569113Z ##[group]Run actions/checkout@3d3c42e5aac5ba805825da76410c181273ba90b1
Development Versions	UNKNOWN STEP	2026-09-08T16:41:02.3569707Z with:
Development Versions	UNKNOWN STEP	2026-09-08T16:41:02.3569977Z   persist-credentials: false
Development Versions	UNKNOWN STEP	2026-09-08T16:41:04.4080912Z ##[group]Run astral-sh/setup-uv@c771a70e6277c0a99b617c7a806ffedaca235ff9
Development Versions	UNKNOWN STEP	2026-09-08T16:41:04.4081325Z with:
Development Versions	UNKNOWN STEP	2026-09-08T16:41:04.4081548Z   enable-cache: true
Development Versions	UNKNOWN STEP	2026-09-08T16:41:06.9617618Z ##[group]Run actions/setup-python@5fda3b95a4ea91299a34e894583c3862153e4b97
Development Versions	UNKNOWN STEP	2026-09-08T16:41:06.9617968Z with:
Development Versions	UNKNOWN STEP	2026-09-08T16:41:06.9618177Z   python-version: 3.10
Development Versions	UNKNOWN STEP	2026-09-08T16:41:07.0864562Z ##[group]Run uv run --locked --no-default-groups --group dev tox run
Development Versions	UNKNOWN STEP	2026-09-08T16:41:07.0865045Z ^[[36;1muv run --locked --no-default-groups --group dev tox run^[[0m
Development Versions	UNKNOWN STEP	2026-09-08T16:41:07.0896018Z shell: /usr/bin/bash -e {0}
Development Versions	UNKNOWN STEP	2026-09-08T16:41:07.0898099Z   Python_ROOT_DIR: /opt/hostedtoolcache/Python/3.10.21/x64
Development Versions	UNKNOWN STEP	2026-09-08T16:41:07.0898493Z   Python2_ROOT_DIR: /opt/hostedtoolcache/Python/3.10.21/x64
Development Versions	UNKNOWN STEP	2026-09-08T16:41:07.0898825Z   Python3_ROOT_DIR: /opt/hostedtoolcache/Python/3.10.21/x64
Development Versions	UNKNOWN STEP	2026-09-08T16:41:07.0899158Z   LD_LIBRARY_PATH: /opt/hostedtoolcache/Python/3.10.21/x64/lib
Development Versions	UNKNOWN STEP	2026-09-08T16:41:07.0899585Z   TOX_ENV: tests-dev
Development Versions	UNKNOWN STEP	2026-09-08T16:41:07.0899840Z ##[endgroup]
Development Versions	UNKNOWN STEP	2026-09-08T16:41:09.4501740Z Using CPython 3.10.21 interpreter at: /opt/hostedtoolcache/Python/3.10.21/x64/bin/python3
Development Versions	UNKNOWN STEP	2026-09-08T16:41:09.4502631Z Creating virtual environment at: .venv
Development Versions	UNKNOWN STEP	2026-09-08T16:41:09.4549534Z    Building flask @ file:///home/runner/work/flask/flask
Development Versions	UNKNOWN STEP	2026-09-08T16:41:09.9533149Z       Built flask @ file:///home/runner/work/flask/flask
Development Versions	UNKNOWN STEP	2026-09-08T16:41:10.1403978Z Installed 25 packages in 186ms
Development Versions	UNKNOWN STEP	2026-09-08T16:41:11.4336496Z tests-dev: venv> .venv/bin/uv venv -p cpython3.10 --allow-existing '--prompt=flask[tests-dev]' --python-preference system /home/runner/work/flask/flask/.tox/tests-dev
Development Versions	UNKNOWN STEP	2026-09-08T16:41:11.6161870Z tests-dev: uv-sync> .venv/bin/uv sync --locked --python-preference system --no-default-groups --no-editable --reinstall-package Flask --group tests -p cpython3.10
Development Versions	UNKNOWN STEP	2026-09-08T16:41:11.8261115Z tests-dev: freeze> .venv/bin/uv --color never pip freeze
Development Versions	UNKNOWN STEP	2026-09-08T16:41:11.8387412Z tests-dev: asgiref==3.12.1,blinker==1.9.0,click==8.4.2,exceptiongroup==1.3.1,flask @ file:///home/runner/work/flask/flask,iniconfig==2.3.0,itsdangerous==2.2.0,jinja2==3.1.6,markupsafe==3.0.3,packaging==26.2,pluggy==1.6.0,pygments==2.20.0,pytest==9.1.1,python-dotenv==1.2.2,tomli==2.4.1,typing-extensions==4.16.0,werkzeug==3.1.8
Development Versions	UNKNOWN STEP	2026-09-08T16:41:11.8395084Z tests-dev: commands[0]> uv pip install https://github.com/pallets-eco/blinker/archive/refs/heads/main.tar.gz https://github.com/pallets/click/archive/refs/heads/main.tar.gz https://github.com/pallets/itsdangerous/archive/refs/heads/main.tar.gz https://github.com/pallets/jinja/archive/refs/heads/main.tar.gz https://github.com/pallets/markupsafe/archive/refs/heads/main.tar.gz https://github.com/pallets/werkzeug/archive/refs/heads/main.tar.gz
Development Versions	UNKNOWN STEP	2026-09-08T16:41:11.8581571Z Using Python 3.10.21 environment at: .tox/tests-dev
Development Versions	UNKNOWN STEP	2026-09-08T16:41:12.5113210Z Resolved 6 packages in 652ms
Development Versions	UNKNOWN STEP	2026-09-08T16:41:12.5760418Z    Building werkzeug @ https://github.com/pallets/werkzeug/archive/refs/heads/main.tar.gz
Development Versions	UNKNOWN STEP	2026-09-08T16:41:12.5772085Z    Building markupsafe @ https://github.com/pallets/markupsafe/archive/refs/heads/main.tar.gz
Development Versions	UNKNOWN STEP	2026-09-08T16:41:12.5777373Z    Building blinker @ https://github.com/pallets-eco/blinker/archive/refs/heads/main.tar.gz
Development Versions	UNKNOWN STEP	2026-09-08T16:41:12.5782235Z    Building jinja2 @ https://github.com/pallets/jinja/archive/refs/heads/main.tar.gz
Development Versions	UNKNOWN STEP	2026-09-08T16:41:12.5783454Z    Building itsdangerous @ https://github.com/pallets/itsdangerous/archive/refs/heads/main.tar.gz
Development Versions	UNKNOWN STEP	2026-09-08T16:41:12.5816643Z    Building click @ https://github.com/pallets/click/archive/refs/heads/main.tar.gz
Development Versions	UNKNOWN STEP	2026-09-08T16:41:12.7637820Z       Built itsdangerous @ https://github.com/pallets/itsdangerous/archive/refs/heads/main.tar.gz
Development Versions	UNKNOWN STEP	2026-09-08T16:41:12.7877184Z       Built click @ https://github.com/pallets/click/archive/refs/heads/main.tar.gz
Development Versions	UNKNOWN STEP	2026-09-08T16:41:12.8014833Z       Built jinja2 @ https://github.com/pallets/jinja/archive/refs/heads/main.tar.gz
Development Versions	UNKNOWN STEP	2026-09-08T16:41:12.8317161Z       Built blinker @ https://github.com/pallets-eco/blinker/archive/refs/heads/main.tar.gz
Development Versions	UNKNOWN STEP	2026-09-08T16:41:12.8648655Z       Built werkzeug @ https://github.com/pallets/werkzeug/archive/refs/heads/main.tar.gz
Development Versions	UNKNOWN STEP	2026-09-08T16:41:14.1854301Z       Built markupsafe @ https://github.com/pallets/markupsafe/archive/refs/heads/main.tar.gz
Development Versions	UNKNOWN STEP	2026-09-08T16:41:14.1864378Z Prepared 6 packages in 1.67s
Development Versions	UNKNOWN STEP	2026-09-08T16:41:14.1891887Z Uninstalled 6 packages in 1ms
Development Versions	UNKNOWN STEP	2026-09-08T16:41:14.1904558Z Installed 6 packages in 1ms
Development Versions	UNKNOWN STEP	2026-09-08T16:41:14.1904968Z  - blinker==1.9.0
Development Versions	UNKNOWN STEP	2026-09-08T16:41:14.1905430Z  + blinker==1.10.0.dev0 (from https://github.com/pallets-eco/blinker/archive/refs/heads/main.tar.gz)
Development Versions	UNKNOWN STEP	2026-09-08T16:41:14.1905851Z  - click==8.4.2
Development Versions	UNKNOWN STEP	2026-09-08T16:41:14.1906194Z  + click==8.5.1.dev0 (from https://github.com/pallets/click/archive/refs/heads/main.tar.gz)
Development Versions	UNKNOWN STEP	2026-09-08T16:41:14.1906638Z  - itsdangerous==2.2.0
Development Versions	UNKNOWN STEP	2026-09-08T16:41:14.1907038Z  + itsdangerous==2.3.0.dev0 (from https://github.com/pallets/itsdangerous/archive/refs/heads/main.tar.gz)
Development Versions	UNKNOWN STEP	2026-09-08T16:41:14.1907483Z  - jinja2==3.1.6
Development Versions	UNKNOWN STEP	2026-09-08T16:41:14.1907804Z  + jinja2==3.2.0.dev0 (from https://github.com/pallets/jinja/archive/refs/heads/main.tar.gz)
Development Versions	UNKNOWN STEP	2026-09-08T16:41:14.1908190Z  - markupsafe==3.0.3
Development Versions	UNKNOWN STEP	2026-09-08T16:41:14.1908535Z  + markupsafe==3.1.0.dev0 (from https://github.com/pallets/markupsafe/archive/refs/heads/main.tar.gz)
Development Versions	UNKNOWN STEP	2026-09-08T16:41:14.1908918Z  - werkzeug==3.1.8
Development Versions	UNKNOWN STEP	2026-09-08T16:41:14.1909262Z  + werkzeug==3.2.0.dev0 (from https://github.com/pallets/werkzeug/archive/refs/heads/main.tar.gz)
Development Versions	UNKNOWN STEP	2026-09-08T16:41:14.1975591Z tests-dev: commands[1]> pytest -v --tb=short --basetemp=/home/runner/work/flask/flask/.tox/tmp/tests-dev
Development Versions	UNKNOWN STEP	2026-09-08T16:41:14.8184792Z ImportError while loading conftest '/home/runner/work/flask/flask/tests/conftest.py'.
Development Versions	UNKNOWN STEP	2026-09-08T16:41:14.8493827Z tests/conftest.py:6: in <module>
Development Versions	UNKNOWN STEP	2026-09-08T16:41:14.8494591Z     from flask import Flask
Development Versions	UNKNOWN STEP	2026-09-08T16:41:14.8495568Z .tox/tests-dev/lib/python3.10/site-packages/flask/__init__.py:2: in <module>
Development Versions	UNKNOWN STEP	2026-09-08T16:41:14.8496061Z     from .app import Flask as Flask
Development Versions	UNKNOWN STEP	2026-09-08T16:41:14.8496755Z .tox/tests-dev/lib/python3.10/site-packages/flask/app.py:19: in <module>
Development Versions	UNKNOWN STEP	2026-09-08T16:41:14.8497322Z     from werkzeug.datastructures import ImmutableDict
Development Versions	UNKNOWN STEP	2026-09-08T16:41:14.8498908Z .tox/tests-dev/lib/python3.10/site-packages/werkzeug/datastructures/__init__.py:63: in __getattr__
Development Versions	UNKNOWN STEP	2026-09-08T16:41:14.8499744Z     warnings.warn(
Development Versions	UNKNOWN STEP	2026-09-08T16:41:14.8500445Z E   DeprecationWarning: The 'ImmutableDict' class is deprecated and will be removed in Werkzeug 3.3. Use 'collections.abc.Mapping' instead.
Development Versions	UNKNOWN STEP	2026-09-08T16:41:14.8754030Z tests-dev: exit 4 (0.68 seconds) /home/runner/work/flask/flask> pytest -v --tb=short --basetemp=/home/runner/work/flask/flask/.tox/tmp/tests-dev pid=2278
Development Versions	UNKNOWN STEP	2026-09-08T16:41:14.8759485Z   tests-dev: FAIL code 4 (3.44=setup[0.41]+cmd[2.36,0.68] seconds)
Development Versions	UNKNOWN STEP	2026-09-08T16:41:14.8760243Z   evaluation failed :( (3.55 seconds)
Development Versions	UNKNOWN STEP	2026-09-08T16:41:14.9107956Z ##[error]Process completed with exit code 4.
Development Versions	UNKNOWN STEP	2026-09-08T16:41:14.9204470Z Post job cleanup.
Development Versions	UNKNOWN STEP	2026-09-08T16:41:14.9809261Z [command]/usr/bin/git version
Development Versions	UNKNOWN STEP	2026-09-08T16:41:14.9835592Z git version 2.55.0
Development Versions	UNKNOWN STEP	2026-09-08T16:41:15.0481398Z Cleaning up orphan processes
