Development Versions	UNKNOWN STEP	﻿2026-09-08T16:28:32.8510185Z Current runner version: '2.337.0'
Development Versions	UNKNOWN STEP	2026-09-08T16:28:32.8546533Z ##[group]Runner Image Provisioner
Development Versions	UNKNOWN STEP	2026-09-08T16:28:32.8547853Z Hosted Compute Agent
Development Versions	UNKNOWN STEP	2026-09-08T16:28:32.8548839Z Version: 20260828.587
Development Versions	UNKNOWN STEP	2026-09-08T16:28:32.8562144Z ##[group]Runner Image
Development Versions	UNKNOWN STEP	2026-09-08T16:28:32.8563235Z Image: ubuntu-24.04
Development Versions	UNKNOWN STEP	2026-09-08T16:28:32.8564129Z Version: 20260831.293.1
Development Versions	UNKNOWN STEP	2026-09-08T16:28:33.7661999Z ##[group]Run actions/checkout@3d3c42e5aac5ba805825da76410c181273ba90b1
Development Versions	UNKNOWN STEP	2026-09-08T16:28:33.7663344Z with:
Development Versions	UNKNOWN STEP	2026-09-08T16:28:33.7663806Z   persist-credentials: false
Development Versions	UNKNOWN STEP	2026-09-08T16:28:34.6268219Z ##[group]Run astral-sh/setup-uv@c771a70e6277c0a99b617c7a806ffedaca235ff9
Development Versions	UNKNOWN STEP	2026-09-08T16:28:34.6269840Z with:
Development Versions	UNKNOWN STEP	2026-09-08T16:28:34.6270865Z   enable-cache: true
Development Versions	UNKNOWN STEP	2026-09-08T16:28:36.3867130Z ##[group]Run actions/setup-python@5fda3b95a4ea91299a34e894583c3862153e4b97
Development Versions	UNKNOWN STEP	2026-09-08T16:28:36.3867585Z with:
Development Versions	UNKNOWN STEP	2026-09-08T16:28:36.3867808Z   python-version: 3.10
Development Versions	UNKNOWN STEP	2026-09-08T16:28:36.5339639Z ##[group]Run uv run --locked --no-default-groups --group dev tox run
Development Versions	UNKNOWN STEP	2026-09-08T16:28:36.5340569Z ^[[36;1muv run --locked --no-default-groups --group dev tox run^[[0m
Development Versions	UNKNOWN STEP	2026-09-08T16:28:36.5564432Z shell: /usr/bin/bash -e {0}
Development Versions	UNKNOWN STEP	2026-09-08T16:28:36.5566872Z   Python_ROOT_DIR: /opt/hostedtoolcache/Python/3.10.21/x64
Development Versions	UNKNOWN STEP	2026-09-08T16:28:36.5567300Z   Python2_ROOT_DIR: /opt/hostedtoolcache/Python/3.10.21/x64
Development Versions	UNKNOWN STEP	2026-09-08T16:28:36.5567709Z   Python3_ROOT_DIR: /opt/hostedtoolcache/Python/3.10.21/x64
Development Versions	UNKNOWN STEP	2026-09-08T16:28:36.5568116Z   LD_LIBRARY_PATH: /opt/hostedtoolcache/Python/3.10.21/x64/lib
Development Versions	UNKNOWN STEP	2026-09-08T16:28:36.5568532Z   TOX_ENV: tests-dev
Development Versions	UNKNOWN STEP	2026-09-08T16:28:36.5568771Z ##[endgroup]
Development Versions	UNKNOWN STEP	2026-09-08T16:28:37.4324355Z Using CPython 3.10.21 interpreter at: /opt/hostedtoolcache/Python/3.10.21/x64/bin/python3
Development Versions	UNKNOWN STEP	2026-09-08T16:28:37.4325192Z Creating virtual environment at: .venv
Development Versions	UNKNOWN STEP	2026-09-08T16:28:37.4397865Z    Building flask @ file:///home/runner/work/flask/flask
Development Versions	UNKNOWN STEP	2026-09-08T16:28:37.9764295Z       Built flask @ file:///home/runner/work/flask/flask
Development Versions	UNKNOWN STEP	2026-09-08T16:28:37.9937013Z Installed 25 packages in 16ms
Development Versions	UNKNOWN STEP	2026-09-08T16:28:38.9929598Z tests-dev: venv> .venv/bin/uv venv -p cpython3.10 --allow-existing '--prompt=flask[tests-dev]' --python-preference system /home/runner/work/flask/flask/.tox/tests-dev
Development Versions	UNKNOWN STEP	2026-09-08T16:28:39.2611105Z tests-dev: uv-sync> .venv/bin/uv sync --locked --python-preference system --no-default-groups --no-editable --reinstall-package Flask --group tests -p cpython3.10
Development Versions	UNKNOWN STEP	2026-09-08T16:28:39.5870879Z tests-dev: freeze> .venv/bin/uv --color never pip freeze
Development Versions	UNKNOWN STEP	2026-09-08T16:28:39.6048816Z tests-dev: asgiref==3.12.1,blinker==1.9.0,click==8.4.2,exceptiongroup==1.3.1,flask @ file:///home/runner/work/flask/flask,iniconfig==2.3.0,itsdangerous==2.2.0,jinja2==3.1.6,markupsafe==3.0.3,packaging==26.2,pluggy==1.6.0,pygments==2.20.0,pytest==9.1.1,python-dotenv==1.2.2,tomli==2.4.1,typing-extensions==4.16.0,werkzeug==3.1.8
Development Versions	UNKNOWN STEP	2026-09-08T16:28:39.6060864Z tests-dev: commands[0]> uv pip install https://github.com/pallets-eco/blinker/archive/refs/heads/main.tar.gz https://github.com/pallets/click/archive/refs/heads/main.tar.gz https://github.com/pallets/itsdangerous/archive/refs/heads/main.tar.gz https://github.com/pallets/jinja/archive/refs/heads/main.tar.gz https://github.com/pallets/markupsafe/archive/refs/heads/main.tar.gz https://github.com/pallets/werkzeug/archive/refs/heads/main.tar.gz
Development Versions	UNKNOWN STEP	2026-09-08T16:28:39.6191952Z Using Python 3.10.21 environment at: .tox/tests-dev
Development Versions	UNKNOWN STEP	2026-09-08T16:28:40.1799120Z Resolved 6 packages in 559ms
Development Versions	UNKNOWN STEP	2026-09-08T16:28:40.2002580Z    Building markupsafe @ https://github.com/pallets/markupsafe/archive/refs/heads/main.tar.gz
Development Versions	UNKNOWN STEP	2026-09-08T16:28:40.2020225Z    Building blinker @ https://github.com/pallets-eco/blinker/archive/refs/heads/main.tar.gz
Development Versions	UNKNOWN STEP	2026-09-08T16:28:40.2040535Z    Building click @ https://github.com/pallets/click/archive/refs/heads/main.tar.gz
Development Versions	UNKNOWN STEP	2026-09-08T16:28:40.2041549Z    Building jinja2 @ https://github.com/pallets/jinja/archive/refs/heads/main.tar.gz
Development Versions	UNKNOWN STEP	2026-09-08T16:28:40.2157497Z    Building itsdangerous @ https://github.com/pallets/itsdangerous/archive/refs/heads/main.tar.gz
Development Versions	UNKNOWN STEP	2026-09-08T16:28:40.2241371Z    Building werkzeug @ https://github.com/pallets/werkzeug/archive/refs/heads/main.tar.gz
Development Versions	UNKNOWN STEP	2026-09-08T16:28:40.4981773Z       Built itsdangerous @ https://github.com/pallets/itsdangerous/archive/refs/heads/main.tar.gz
Development Versions	UNKNOWN STEP	2026-09-08T16:28:40.5143794Z       Built jinja2 @ https://github.com/pallets/jinja/archive/refs/heads/main.tar.gz
Development Versions	UNKNOWN STEP	2026-09-08T16:28:40.5636161Z       Built click @ https://github.com/pallets/click/archive/refs/heads/main.tar.gz
Development Versions	UNKNOWN STEP	2026-09-08T16:28:40.6107068Z       Built blinker @ https://github.com/pallets-eco/blinker/archive/refs/heads/main.tar.gz
Development Versions	UNKNOWN STEP	2026-09-08T16:28:40.6742505Z       Built werkzeug @ https://github.com/pallets/werkzeug/archive/refs/heads/main.tar.gz
Development Versions	UNKNOWN STEP	2026-09-08T16:28:41.8389667Z       Built markupsafe @ https://github.com/pallets/markupsafe/archive/refs/heads/main.tar.gz
Development Versions	UNKNOWN STEP	2026-09-08T16:28:41.8402798Z Prepared 6 packages in 1.66s
Development Versions	UNKNOWN STEP	2026-09-08T16:28:41.8464785Z Uninstalled 6 packages in 3ms
Development Versions	UNKNOWN STEP	2026-09-08T16:28:41.8473598Z Installed 6 packages in 3ms
Development Versions	UNKNOWN STEP	2026-09-08T16:28:41.8474188Z  - blinker==1.9.0
Development Versions	UNKNOWN STEP	2026-09-08T16:28:41.8474919Z  + blinker==1.10.0.dev0 (from https://github.com/pallets-eco/blinker/archive/refs/heads/main.tar.gz)
Development Versions	UNKNOWN STEP	2026-09-08T16:28:41.8475640Z  - click==8.4.2
Development Versions	UNKNOWN STEP	2026-09-08T16:28:41.8477014Z  + click==8.5.1.dev0 (from https://github.com/pallets/click/archive/refs/heads/main.tar.gz)
Development Versions	UNKNOWN STEP	2026-09-08T16:28:41.8477925Z  - itsdangerous==2.2.0
Development Versions	UNKNOWN STEP	2026-09-08T16:28:41.8478628Z  + itsdangerous==2.3.0.dev0 (from https://github.com/pallets/itsdangerous/archive/refs/heads/main.tar.gz)
Development Versions	UNKNOWN STEP	2026-09-08T16:28:41.8479429Z  - jinja2==3.1.6
Development Versions	UNKNOWN STEP	2026-09-08T16:28:41.8480881Z  + jinja2==3.2.0.dev0 (from https://github.com/pallets/jinja/archive/refs/heads/main.tar.gz)
Development Versions	UNKNOWN STEP	2026-09-08T16:28:41.8481585Z  - markupsafe==3.0.3
Development Versions	UNKNOWN STEP	2026-09-08T16:28:41.8482236Z  + markupsafe==3.1.0.dev0 (from https://github.com/pallets/markupsafe/archive/refs/heads/main.tar.gz)
Development Versions	UNKNOWN STEP	2026-09-08T16:28:41.8483250Z  - werkzeug==3.1.8
Development Versions	UNKNOWN STEP	2026-09-08T16:28:41.8483865Z  + werkzeug==3.2.0.dev0 (from https://github.com/pallets/werkzeug/archive/refs/heads/main.tar.gz)
Development Versions	UNKNOWN STEP	2026-09-08T16:28:41.8680248Z tests-dev: commands[1]> pytest -v --tb=short --basetemp=/home/runner/work/flask/flask/.tox/tmp/tests-dev
Development Versions	UNKNOWN STEP	2026-09-08T16:28:42.9085332Z ImportError while loading conftest '/home/runner/work/flask/flask/tests/conftest.py'.
Development Versions	UNKNOWN STEP	2026-09-08T16:28:42.9620755Z tests/conftest.py:6: in <module>
Development Versions	UNKNOWN STEP	2026-09-08T16:28:42.9621270Z     from flask import Flask
Development Versions	UNKNOWN STEP	2026-09-08T16:28:42.9621885Z .tox/tests-dev/lib/python3.10/site-packages/flask/__init__.py:2: in <module>
Development Versions	UNKNOWN STEP	2026-09-08T16:28:42.9622586Z     from .app import Flask as Flask
Development Versions	UNKNOWN STEP	2026-09-08T16:28:42.9623161Z .tox/tests-dev/lib/python3.10/site-packages/flask/app.py:19: in <module>
Development Versions	UNKNOWN STEP	2026-09-08T16:28:42.9623813Z     from werkzeug.datastructures import ImmutableDict
Development Versions	UNKNOWN STEP	2026-09-08T16:28:42.9627689Z .tox/tests-dev/lib/python3.10/site-packages/werkzeug/datastructures/__init__.py:63: in __getattr__
Development Versions	UNKNOWN STEP	2026-09-08T16:28:42.9628500Z     warnings.warn(
Development Versions	UNKNOWN STEP	2026-09-08T16:28:42.9629417Z E   DeprecationWarning: The 'ImmutableDict' class is deprecated and will be removed in Werkzeug 3.3. Use 'collections.abc.Mapping' instead.
Development Versions	UNKNOWN STEP	2026-09-08T16:28:43.0027943Z tests-dev: exit 4 (1.13 seconds) /home/runner/work/flask/flask> pytest -v --tb=short --basetemp=/home/runner/work/flask/flask/.tox/tmp/tests-dev pid=2505
Development Versions	UNKNOWN STEP	2026-09-08T16:28:43.0032847Z   tests-dev: FAIL code 4 (4.01=setup[0.62]+cmd[2.26,1.13] seconds)
Development Versions	UNKNOWN STEP	2026-09-08T16:28:43.0033458Z   evaluation failed :( (4.13 seconds)
Development Versions	UNKNOWN STEP	2026-09-08T16:28:43.0468885Z ##[error]Process completed with exit code 4.
Development Versions	UNKNOWN STEP	2026-09-08T16:28:43.0617377Z Post job cleanup.
Development Versions	UNKNOWN STEP	2026-09-08T16:28:43.1513830Z [command]/usr/bin/git version
Development Versions	UNKNOWN STEP	2026-09-08T16:28:43.1585453Z git version 2.55.0
Development Versions	UNKNOWN STEP	2026-09-08T16:28:43.2700326Z Cleaning up orphan processes
