Development Versions	UNKNOWN STEP	﻿2026-10-07T13:57:08.4629961Z Current runner version: '2.337.0'
Development Versions	UNKNOWN STEP	2026-10-07T13:57:08.4656342Z ##[group]Runner Image Provisioner
Development Versions	UNKNOWN STEP	2026-10-07T13:57:08.4657256Z Hosted Compute Agent
Development Versions	UNKNOWN STEP	2026-10-07T13:57:08.4657960Z Version: 20261002.596
Development Versions	UNKNOWN STEP	2026-10-07T13:57:08.4667365Z ##[group]Runner Image
Development Versions	UNKNOWN STEP	2026-10-07T13:57:08.4668034Z Image: ubuntu-24.04
Development Versions	UNKNOWN STEP	2026-10-07T13:57:08.4668653Z Version: 20261004.327.1
Development Versions	UNKNOWN STEP	2026-10-07T13:57:09.4516082Z ##[group]Run actions/checkout@3d3c42e5aac5ba805825da76410c181273ba90b1
Development Versions	UNKNOWN STEP	2026-10-07T13:57:09.4517291Z with:
Development Versions	UNKNOWN STEP	2026-10-07T13:57:09.4517801Z   persist-credentials: false
Development Versions	UNKNOWN STEP	2026-10-07T13:57:10.2374738Z ##[group]Run astral-sh/setup-uv@c771a70e6277c0a99b617c7a806ffedaca235ff9
Development Versions	UNKNOWN STEP	2026-10-07T13:57:10.2376465Z with:
Development Versions	UNKNOWN STEP	2026-10-07T13:57:10.2377223Z   enable-cache: true
Development Versions	UNKNOWN STEP	2026-10-07T13:57:11.9829065Z ##[group]Run actions/setup-python@5fda3b95a4ea91299a34e894583c3862153e4b97
Development Versions	UNKNOWN STEP	2026-10-07T13:57:11.9830651Z with:
Development Versions	UNKNOWN STEP	2026-10-07T13:57:11.9831524Z   python-version: 3.11
Development Versions	UNKNOWN STEP	2026-10-07T13:57:12.1285925Z ##[group]Run uv run --locked --no-default-groups --group dev tox run
Development Versions	UNKNOWN STEP	2026-10-07T13:57:12.1287881Z ^[[36;1muv run --locked --no-default-groups --group dev tox run^[[0m
Development Versions	UNKNOWN STEP	2026-10-07T13:57:12.1563077Z shell: /usr/bin/bash -e {0}
Development Versions	UNKNOWN STEP	2026-10-07T13:57:12.1572304Z   Python_ROOT_DIR: /opt/hostedtoolcache/Python/3.11.17/x64
Development Versions	UNKNOWN STEP	2026-10-07T13:57:12.1573916Z   Python2_ROOT_DIR: /opt/hostedtoolcache/Python/3.11.17/x64
Development Versions	UNKNOWN STEP	2026-10-07T13:57:12.1575666Z   Python3_ROOT_DIR: /opt/hostedtoolcache/Python/3.11.17/x64
Development Versions	UNKNOWN STEP	2026-10-07T13:57:12.1577320Z   LD_LIBRARY_PATH: /opt/hostedtoolcache/Python/3.11.17/x64/lib
Development Versions	UNKNOWN STEP	2026-10-07T13:57:12.1578775Z   TOX_ENV: tests-dev
Development Versions	UNKNOWN STEP	2026-10-07T13:57:12.1579700Z ##[endgroup]
Development Versions	UNKNOWN STEP	2026-10-07T13:57:12.1780823Z Using CPython 3.11.17 interpreter at: /opt/hostedtoolcache/Python/3.11.17/x64/bin/python3
Development Versions	UNKNOWN STEP	2026-10-07T13:57:12.1782674Z Creating virtual environment at: .venv
Development Versions	UNKNOWN STEP	2026-10-07T13:57:12.1830275Z    Building flask @ file:///home/runner/work/flask/flask
Development Versions	UNKNOWN STEP	2026-10-07T13:57:12.4753564Z       Built flask @ file:///home/runner/work/flask/flask
Development Versions	UNKNOWN STEP	2026-10-07T13:57:12.4900560Z Installed 23 packages in 11ms
Development Versions	UNKNOWN STEP	2026-10-07T13:57:13.7363873Z tests-dev: venv> .venv/bin/uv venv -p cpython3.11 --allow-existing '--prompt=flask[tests-dev]' --python-preference system /home/runner/work/flask/flask/.tox/tests-dev
Development Versions	UNKNOWN STEP	2026-10-07T13:57:13.7607526Z tests-dev: uv-sync> .venv/bin/uv sync --locked --python-preference system --no-default-groups --no-editable --reinstall-package Flask --group tests -p cpython3.11
Development Versions	UNKNOWN STEP	2026-10-07T13:57:14.0225593Z tests-dev: freeze> .venv/bin/uv --color never pip freeze
Development Versions	UNKNOWN STEP	2026-10-07T13:57:14.0367546Z tests-dev: asgiref==3.12.1,blinker==1.9.0,click==8.4.2,flask @ file:///home/runner/work/flask/flask,iniconfig==2.3.0,itsdangerous==2.2.0,jinja2==3.1.6,markupsafe==3.0.3,packaging==26.2,pluggy==1.6.0,pygments==2.20.0,pytest==9.1.1,python-dotenv==1.2.2,werkzeug==3.1.8
Development Versions	UNKNOWN STEP	2026-10-07T13:57:14.0378959Z tests-dev: commands[0]> uv pip install https://github.com/pallets-eco/blinker/archive/refs/heads/main.tar.gz https://github.com/pallets/click/archive/refs/heads/main.tar.gz https://github.com/pallets/itsdangerous/archive/refs/heads/main.tar.gz https://github.com/pallets/jinja/archive/refs/heads/main.tar.gz https://github.com/pallets/markupsafe/archive/refs/heads/main.tar.gz https://github.com/pallets/werkzeug/archive/refs/heads/main.tar.gz
Development Versions	UNKNOWN STEP	2026-10-07T13:57:14.0500164Z Using Python 3.11.17 environment at: .tox/tests-dev
Development Versions	UNKNOWN STEP	2026-10-07T13:57:14.6427682Z Resolved 6 packages in 591ms
Development Versions	UNKNOWN STEP	2026-10-07T13:57:14.6576932Z    Building blinker @ https://github.com/pallets-eco/blinker/archive/refs/heads/main.tar.gz
Development Versions	UNKNOWN STEP	2026-10-07T13:57:14.6599014Z    Building itsdangerous @ https://github.com/pallets/itsdangerous/archive/refs/heads/main.tar.gz
Development Versions	UNKNOWN STEP	2026-10-07T13:57:14.6603204Z    Building jinja2 @ https://github.com/pallets/jinja/archive/refs/heads/main.tar.gz
Development Versions	UNKNOWN STEP	2026-10-07T13:57:14.6655017Z    Building click @ https://github.com/pallets/click/archive/refs/heads/main.tar.gz
Development Versions	UNKNOWN STEP	2026-10-07T13:57:14.6657245Z    Building markupsafe @ https://github.com/pallets/markupsafe/archive/refs/heads/main.tar.gz
Development Versions	UNKNOWN STEP	2026-10-07T13:57:14.6976838Z    Building werkzeug @ https://github.com/pallets/werkzeug/archive/refs/heads/main.tar.gz
Development Versions	UNKNOWN STEP	2026-10-07T13:57:14.9516916Z       Built itsdangerous @ https://github.com/pallets/itsdangerous/archive/refs/heads/main.tar.gz
Development Versions	UNKNOWN STEP	2026-10-07T13:57:14.9856964Z       Built jinja2 @ https://github.com/pallets/jinja/archive/refs/heads/main.tar.gz
Development Versions	UNKNOWN STEP	2026-10-07T13:57:15.0168674Z       Built click @ https://github.com/pallets/click/archive/refs/heads/main.tar.gz
Development Versions	UNKNOWN STEP	2026-10-07T13:57:15.0575459Z       Built blinker @ https://github.com/pallets-eco/blinker/archive/refs/heads/main.tar.gz
Development Versions	UNKNOWN STEP	2026-10-07T13:57:15.0986483Z       Built werkzeug @ https://github.com/pallets/werkzeug/archive/refs/heads/main.tar.gz
Development Versions	UNKNOWN STEP	2026-10-07T13:57:16.7711701Z       Built markupsafe @ https://github.com/pallets/markupsafe/archive/refs/heads/main.tar.gz
Development Versions	UNKNOWN STEP	2026-10-07T13:57:16.7724944Z Prepared 6 packages in 2.12s
Development Versions	UNKNOWN STEP	2026-10-07T13:57:16.7779066Z Uninstalled 6 packages in 5ms
Development Versions	UNKNOWN STEP	2026-10-07T13:57:16.7808812Z Installed 6 packages in 2ms
Development Versions	UNKNOWN STEP	2026-10-07T13:57:16.7811227Z  - blinker==1.9.0
Development Versions	UNKNOWN STEP	2026-10-07T13:57:16.7813827Z  + blinker==1.10.0.dev0 (from https://github.com/pallets-eco/blinker/archive/refs/heads/main.tar.gz)
Development Versions	UNKNOWN STEP	2026-10-07T13:57:16.7814884Z  - click==8.4.2
Development Versions	UNKNOWN STEP	2026-10-07T13:57:16.7816225Z  + click==8.6.0.dev0 (from https://github.com/pallets/click/archive/refs/heads/main.tar.gz)
Development Versions	UNKNOWN STEP	2026-10-07T13:57:16.7817074Z  - itsdangerous==2.2.0
Development Versions	UNKNOWN STEP	2026-10-07T13:57:16.7818182Z  + itsdangerous==2.3.0.dev0 (from https://github.com/pallets/itsdangerous/archive/refs/heads/main.tar.gz)
Development Versions	UNKNOWN STEP	2026-10-07T13:57:16.7846422Z  - jinja2==3.1.6
Development Versions	UNKNOWN STEP	2026-10-07T13:57:16.7847547Z  + jinja2==3.2.0.dev0 (from https://github.com/pallets/jinja/archive/refs/heads/main.tar.gz)
Development Versions	UNKNOWN STEP	2026-10-07T13:57:16.7848996Z  - markupsafe==3.0.3
Development Versions	UNKNOWN STEP	2026-10-07T13:57:16.7850081Z  + markupsafe==3.1.0.dev0 (from https://github.com/pallets/markupsafe/archive/refs/heads/main.tar.gz)
Development Versions	UNKNOWN STEP	2026-10-07T13:57:16.7850976Z  - werkzeug==3.1.8
Development Versions	UNKNOWN STEP	2026-10-07T13:57:16.7851754Z  + werkzeug==3.2.0.dev0 (from https://github.com/pallets/werkzeug/archive/refs/heads/main.tar.gz)
Development Versions	UNKNOWN STEP	2026-10-07T13:57:16.8013694Z tests-dev: commands[1]> pytest -v --tb=short --basetemp=/home/runner/work/flask/flask/.tox/tmp/tests-dev
Development Versions	UNKNOWN STEP	2026-10-07T13:57:17.7127415Z ImportError while loading conftest '/home/runner/work/flask/flask/tests/conftest.py'.
Development Versions	UNKNOWN STEP	2026-10-07T13:57:17.7464271Z tests/conftest.py:6: in <module>
Development Versions	UNKNOWN STEP	2026-10-07T13:57:17.7465094Z     from flask import Flask
Development Versions	UNKNOWN STEP	2026-10-07T13:57:17.7466302Z .tox/tests-dev/lib/python3.11/site-packages/flask/__init__.py:2: in <module>
Development Versions	UNKNOWN STEP	2026-10-07T13:57:17.7467767Z     from .app import Flask as Flask
Development Versions	UNKNOWN STEP	2026-10-07T13:57:17.7468611Z .tox/tests-dev/lib/python3.11/site-packages/flask/app.py:19: in <module>
Development Versions	UNKNOWN STEP	2026-10-07T13:57:17.7469524Z     from werkzeug.datastructures import ImmutableDict
Development Versions	UNKNOWN STEP	2026-10-07T13:57:17.7470665Z .tox/tests-dev/lib/python3.11/site-packages/werkzeug/datastructures/__init__.py:74: in __getattr__
Development Versions	UNKNOWN STEP	2026-10-07T13:57:17.7472013Z     warnings.warn(
Development Versions	UNKNOWN STEP	2026-10-07T13:57:17.7473387Z E   DeprecationWarning: The 'ImmutableDict' class is deprecated and will be removed in Werkzeug 4.0. Use 'collections.abc.Mapping' instead.
Development Versions	UNKNOWN STEP	2026-10-07T13:57:17.7834289Z tests-dev: exit 4 (0.98 seconds) /home/runner/work/flask/flask> pytest -v --tb=short --basetemp=/home/runner/work/flask/flask/.tox/tmp/tests-dev pid=2537
Development Versions	UNKNOWN STEP	2026-10-07T13:57:17.7838839Z   tests-dev: FAIL code 4 (4.05=setup[0.31]+cmd[2.76,0.98] seconds)
Development Versions	UNKNOWN STEP	2026-10-07T13:57:17.7839842Z   evaluation failed :( (4.11 seconds)
Development Versions	UNKNOWN STEP	2026-10-07T13:57:17.8224440Z ##[error]Process completed with exit code 4.
Development Versions	UNKNOWN STEP	2026-10-07T13:57:17.8392944Z Post job cleanup.
Development Versions	UNKNOWN STEP	2026-10-07T13:57:17.9239026Z [command]/usr/bin/git version
Development Versions	UNKNOWN STEP	2026-10-07T13:57:17.9284270Z git version 2.55.0
Development Versions	UNKNOWN STEP	2026-10-07T13:57:18.0287022Z Cleaning up orphan processes
