Lint	UNKNOWN STEP	﻿2026-09-17T07:22:57.5507329Z Current runner version: '2.337.0'
Lint	UNKNOWN STEP	2026-09-17T07:22:57.5532832Z ##[group]Runner Image Provisioner
Lint	UNKNOWN STEP	2026-09-17T07:22:57.5533780Z Hosted Compute Agent
Lint	UNKNOWN STEP	2026-09-17T07:22:57.5534453Z Version: 20260828.587
Lint	UNKNOWN STEP	2026-09-17T07:22:57.5542754Z ##[group]Runner Image
Lint	UNKNOWN STEP	2026-09-17T07:22:57.5543380Z Image: ubuntu-24.04
Lint	UNKNOWN STEP	2026-09-17T07:22:57.5543970Z Version: 20260907.300.1
Lint	UNKNOWN STEP	2026-09-17T07:22:58.3475482Z ##[group]Run actions/checkout@3d3c42e5aac5ba805825da76410c181273ba90b1
Lint	UNKNOWN STEP	2026-09-17T07:22:58.3476567Z with:
Lint	UNKNOWN STEP	2026-09-17T07:22:58.3477031Z   persist-credentials: false
Lint	UNKNOWN STEP	2026-09-17T07:22:59.3933655Z ##[group]Run actions/setup-node@820762786026740c76f36085b0efc47a31fe5020
Lint	UNKNOWN STEP	2026-09-17T07:22:59.3935236Z with:
Lint	UNKNOWN STEP	2026-09-17T07:22:59.3936013Z   node-version: lts/*
Lint	UNKNOWN STEP	2026-09-17T07:23:00.8754173Z ##[group]Run npm install --ignore-scripts --include=dev
Lint	UNKNOWN STEP	2026-09-17T07:23:00.8754736Z ^[[36;1mnpm install --ignore-scripts --include=dev^[[0m
Lint	UNKNOWN STEP	2026-09-17T07:23:00.8802918Z shell: /usr/bin/bash -e {0}
Lint	UNKNOWN STEP	2026-09-17T07:23:00.8803218Z ##[endgroup]
Lint	UNKNOWN STEP	2026-09-17T07:23:10.7615493Z npm error code ETARGET
Lint	UNKNOWN STEP	2026-09-17T07:23:10.7616871Z npm error notarget No matching version found for proxy-addr@^2.0.8 with a date before 9/10/2026, 7:23:00 AM.
Lint	UNKNOWN STEP	2026-09-17T07:23:10.7618094Z npm error notarget In most cases you or one of your dependencies are requesting a package version that doesn't exist.
Lint	UNKNOWN STEP	2026-09-17T07:23:10.7639607Z npm error A complete log of this run can be found in: /home/runner/.npm/_logs/2026-09-17T07_23_00_941Z-debug-0.log
Lint	UNKNOWN STEP	2026-09-17T07:23:10.8144092Z ##[error]Process completed with exit code 1.
Lint	UNKNOWN STEP	2026-09-17T07:23:10.8297287Z Post job cleanup.
Lint	UNKNOWN STEP	2026-09-17T07:23:10.9135560Z [command]/usr/bin/git version
Lint	UNKNOWN STEP	2026-09-17T07:23:10.9184254Z git version 2.55.0
Lint	UNKNOWN STEP	2026-09-17T07:23:11.0214113Z Cleaning up orphan processes
Node.js 24 - windows-latest	UNKNOWN STEP	﻿2026-09-17T07:23:00.2482245Z Current runner version: '2.337.0'
Node.js 24 - windows-latest	UNKNOWN STEP	2026-09-17T07:23:00.2500329Z ##[group]Runner Image Provisioner
Node.js 24 - windows-latest	UNKNOWN STEP	2026-09-17T07:23:00.2500797Z Hosted Compute Agent
Node.js 24 - windows-latest	UNKNOWN STEP	2026-09-17T07:23:00.2501124Z Version: 20260828.587
Node.js 24 - windows-latest	UNKNOWN STEP	2026-09-17T07:23:00.2505183Z ##[group]Runner Image
Node.js 24 - windows-latest	UNKNOWN STEP	2026-09-17T07:23:00.2505502Z Image: windows-2025-vs2026
Node.js 24 - windows-latest	UNKNOWN STEP	2026-09-17T07:23:00.2505838Z Version: 20260907.229.1
Node.js 24 - windows-latest	UNKNOWN STEP	2026-09-17T07:23:01.2155826Z ##[group]Run actions/checkout@3d3c42e5aac5ba805825da76410c181273ba90b1
Node.js 24 - windows-latest	UNKNOWN STEP	2026-09-17T07:23:01.2156560Z with:
Node.js 24 - windows-latest	UNKNOWN STEP	2026-09-17T07:23:01.2156776Z   persist-credentials: false
Node.js 24 - windows-latest	UNKNOWN STEP	2026-09-17T07:23:07.7058256Z ##[group]Run actions/setup-node@820762786026740c76f36085b0efc47a31fe5020
Node.js 24 - windows-latest	UNKNOWN STEP	2026-09-17T07:23:07.7058494Z with:
Node.js 24 - windows-latest	UNKNOWN STEP	2026-09-17T07:23:07.7058606Z   node-version: 24
Node.js 24 - windows-latest	UNKNOWN STEP	2026-09-17T07:23:15.2185172Z npm: 11.19.0
Node.js 24 - windows-latest	UNKNOWN STEP	2026-09-17T07:23:15.2185353Z yarn: 1.22.22
Node.js 24 - windows-latest	UNKNOWN STEP	2026-09-17T07:23:15.2185770Z ##[endgroup]
Node.js 24 - windows-latest	UNKNOWN STEP	2026-09-17T07:23:15.2448650Z ##[group]Run npm config set loglevel error
Node.js 24 - windows-latest	UNKNOWN STEP	2026-09-17T07:23:15.2448951Z ^[[36;1mnpm config set loglevel error^[[0m
Node.js 24 - windows-latest	UNKNOWN STEP	2026-09-17T07:23:15.2462446Z shell: C:\Program Files\Git\bin\bash.EXE --noprofile --norc -e -o pipefail {0}
Node.js 24 - windows-latest	UNKNOWN STEP	2026-09-17T07:23:15.2462677Z ##[endgroup]
Node.js 24 - windows-latest	UNKNOWN STEP	2026-09-17T07:23:16.3655075Z ##[group]Run npm install
Node.js 24 - windows-latest	UNKNOWN STEP	2026-09-17T07:23:16.3655264Z ^[[36;1mnpm install^[[0m
Node.js 24 - windows-latest	UNKNOWN STEP	2026-09-17T07:23:16.5051307Z shell: C:\Program Files\PowerShell\7\pwsh.EXE -command ". '{0}'"
Node.js 24 - windows-latest	UNKNOWN STEP	2026-09-17T07:23:16.5051753Z ##[endgroup]
Node.js 24 - windows-latest	UNKNOWN STEP	2026-09-17T07:23:29.9092225Z npm error code ETARGET
Node.js 24 - windows-latest	UNKNOWN STEP	2026-09-17T07:23:29.9092808Z npm error notarget No matching version found for proxy-addr@^2.0.8 with a date before 9/10/2026, 7:23:17 AM.
Node.js 24 - windows-latest	UNKNOWN STEP	2026-09-17T07:23:29.9093476Z npm error notarget In most cases you or one of your dependencies are requesting a package version that doesn't exist.
Node.js 24 - windows-latest	UNKNOWN STEP	2026-09-17T07:23:29.9108312Z npm error A complete log of this run can be found in: C:\npm\cache\_logs\2026-09-17T07_23_17_494Z-debug-0.log
Node.js 24 - windows-latest	UNKNOWN STEP	2026-09-17T07:23:31.3110357Z ##[error]Process completed with exit code 1.
Node.js 24 - windows-latest	UNKNOWN STEP	2026-09-17T07:23:31.3305086Z Post job cleanup.
Node.js 24 - windows-latest	UNKNOWN STEP	2026-09-17T07:23:31.4488298Z [command]"C:\Program Files\Git\bin\git.exe" version
Node.js 24 - windows-latest	UNKNOWN STEP	2026-09-17T07:23:31.4701495Z git version 2.55.0.windows.5
Node.js 24 - windows-latest	UNKNOWN STEP	2026-09-17T07:23:32.8449698Z Cleaning up orphan processes
Node.js 25 - ubuntu-latest	UNKNOWN STEP	﻿2026-09-17T07:22:57.2785457Z Current runner version: '2.337.0'
Node.js 25 - ubuntu-latest	UNKNOWN STEP	2026-09-17T07:22:57.2810101Z ##[group]Runner Image Provisioner
Node.js 25 - ubuntu-latest	UNKNOWN STEP	2026-09-17T07:22:57.2811069Z Hosted Compute Agent
Node.js 25 - ubuntu-latest	UNKNOWN STEP	2026-09-17T07:22:57.2811675Z Version: 20260828.587
Node.js 25 - ubuntu-latest	UNKNOWN STEP	2026-09-17T07:22:57.2820279Z ##[group]Runner Image
Node.js 25 - ubuntu-latest	UNKNOWN STEP	2026-09-17T07:22:57.2820964Z Image: ubuntu-24.04
Node.js 25 - ubuntu-latest	UNKNOWN STEP	2026-09-17T07:22:57.2821560Z Version: 20260907.300.1
Node.js 25 - ubuntu-latest	UNKNOWN STEP	2026-09-17T07:22:58.1488198Z ##[group]Run actions/checkout@3d3c42e5aac5ba805825da76410c181273ba90b1
Node.js 25 - ubuntu-latest	UNKNOWN STEP	2026-09-17T07:22:58.1489492Z with:
Node.js 25 - ubuntu-latest	UNKNOWN STEP	2026-09-17T07:22:58.1489949Z   persist-credentials: false
Node.js 25 - ubuntu-latest	UNKNOWN STEP	2026-09-17T07:22:58.8883431Z ##[group]Run actions/setup-node@820762786026740c76f36085b0efc47a31fe5020
Node.js 25 - ubuntu-latest	UNKNOWN STEP	2026-09-17T07:22:58.8884994Z with:
Node.js 25 - ubuntu-latest	UNKNOWN STEP	2026-09-17T07:22:58.8885748Z   node-version: 25
Node.js 25 - ubuntu-latest	UNKNOWN STEP	2026-09-17T07:22:58.8897586Z   package-manager-cache: true
Node.js 25 - ubuntu-latest	UNKNOWN STEP	2026-09-17T07:22:58.8898608Z ##[endgroup]
Node.js 25 - ubuntu-latest	UNKNOWN STEP	2026-09-17T07:22:59.0235723Z Attempting to download 25...
Node.js 25 - ubuntu-latest	UNKNOWN STEP	2026-09-17T07:22:59.4324800Z Not found in manifest. Falling back to download directly from Node
Node.js 25 - ubuntu-latest	UNKNOWN STEP	2026-09-17T07:22:59.4978438Z Acquiring 25.9.0 - x64 from https://nodejs.org/dist/v25.9.0/node-v25.9.0-linux-x64.tar.gz
Node.js 25 - ubuntu-latest	UNKNOWN STEP	2026-09-17T07:22:59.9233558Z Extracting ...
Node.js 25 - ubuntu-latest	UNKNOWN STEP	2026-09-17T07:22:59.9370936Z [command]/usr/bin/tar xz --strip 1 --warning=no-unknown-keyword --overwrite -C /home/runner/work/_temp/c3623e7b-e843-4541-a042-39df462524ff -f /home/runner/work/_temp/9a8e359c-371b-4d37-b53d-fdbf888fb522
Node.js 25 - ubuntu-latest	UNKNOWN STEP	2026-09-17T07:23:03.3056901Z npm: 11.12.1
Node.js 25 - ubuntu-latest	UNKNOWN STEP	2026-09-17T07:23:03.3057203Z yarn: 1.22.22
Node.js 25 - ubuntu-latest	UNKNOWN STEP	2026-09-17T07:23:03.3057877Z ##[endgroup]
Node.js 25 - ubuntu-latest	UNKNOWN STEP	2026-09-17T07:23:03.3237358Z ##[group]Run npm config set loglevel error
Node.js 25 - ubuntu-latest	UNKNOWN STEP	2026-09-17T07:23:03.3237797Z ^[[36;1mnpm config set loglevel error^[[0m
Node.js 25 - ubuntu-latest	UNKNOWN STEP	2026-09-17T07:23:03.3279703Z shell: /usr/bin/bash --noprofile --norc -e -o pipefail {0}
Node.js 25 - ubuntu-latest	UNKNOWN STEP	2026-09-17T07:23:03.3280105Z ##[endgroup]
Node.js 25 - ubuntu-latest	UNKNOWN STEP	2026-09-17T07:23:03.4342498Z ##[group]Run npm install
Node.js 25 - ubuntu-latest	UNKNOWN STEP	2026-09-17T07:23:03.4342817Z ^[[36;1mnpm install^[[0m
Node.js 25 - ubuntu-latest	UNKNOWN STEP	2026-09-17T07:23:03.4378731Z shell: /usr/bin/bash -e {0}
Node.js 25 - ubuntu-latest	UNKNOWN STEP	2026-09-17T07:23:03.4379229Z ##[endgroup]
Node.js 25 - ubuntu-latest	UNKNOWN STEP	2026-09-17T07:23:08.9968013Z npm error code ETARGET
Node.js 25 - ubuntu-latest	UNKNOWN STEP	2026-09-17T07:23:08.9969647Z npm error notarget No matching version found for proxy-addr@^2.0.8 with a date before 9/10/2026, 7:23:03 AM.
Node.js 25 - ubuntu-latest	UNKNOWN STEP	2026-09-17T07:23:08.9971392Z npm error notarget In most cases you or one of your dependencies are requesting a package version that doesn't exist.
Node.js 25 - ubuntu-latest	UNKNOWN STEP	2026-09-17T07:23:08.9987846Z npm error A complete log of this run can be found in: /home/runner/.npm/_logs/2026-09-17T07_23_03_488Z-debug-0.log
Node.js 25 - ubuntu-latest	UNKNOWN STEP	2026-09-17T07:23:09.0444050Z ##[error]Process completed with exit code 1.
Node.js 25 - ubuntu-latest	UNKNOWN STEP	2026-09-17T07:23:09.0622123Z Post job cleanup.
Node.js 25 - ubuntu-latest	UNKNOWN STEP	2026-09-17T07:23:09.1445856Z [command]/usr/bin/git version
Node.js 25 - ubuntu-latest	UNKNOWN STEP	2026-09-17T07:23:09.1489656Z git version 2.55.0
Node.js 25 - ubuntu-latest	UNKNOWN STEP	2026-09-17T07:23:09.3513172Z Cleaning up orphan processes
Node.js 25 - windows-latest	UNKNOWN STEP	﻿2026-09-17T07:22:59.0882177Z Current runner version: '2.337.0'
Node.js 25 - windows-latest	UNKNOWN STEP	2026-09-17T07:22:59.0922562Z ##[group]Runner Image Provisioner
Node.js 25 - windows-latest	UNKNOWN STEP	2026-09-17T07:22:59.0923909Z Hosted Compute Agent
Node.js 25 - windows-latest	UNKNOWN STEP	2026-09-17T07:22:59.0924845Z Version: 20260828.587
Node.js 25 - windows-latest	UNKNOWN STEP	2026-09-17T07:22:59.0937525Z ##[group]Runner Image
Node.js 25 - windows-latest	UNKNOWN STEP	2026-09-17T07:22:59.0938568Z Image: windows-2025-vs2026
Node.js 25 - windows-latest	UNKNOWN STEP	2026-09-17T07:22:59.0939988Z Version: 20260907.229.1
Node.js 25 - windows-latest	UNKNOWN STEP	2026-09-17T07:23:00.3316053Z ##[group]Run actions/checkout@3d3c42e5aac5ba805825da76410c181273ba90b1
Node.js 25 - windows-latest	UNKNOWN STEP	2026-09-17T07:23:00.3318060Z with:
Node.js 25 - windows-latest	UNKNOWN STEP	2026-09-17T07:23:00.3318837Z   persist-credentials: false
Node.js 25 - windows-latest	UNKNOWN STEP	2026-09-17T07:23:11.2537044Z ##[group]Run actions/setup-node@820762786026740c76f36085b0efc47a31fe5020
Node.js 25 - windows-latest	UNKNOWN STEP	2026-09-17T07:23:11.2537494Z with:
Node.js 25 - windows-latest	UNKNOWN STEP	2026-09-17T07:23:11.2537676Z   node-version: 25
Node.js 25 - windows-latest	UNKNOWN STEP	2026-09-17T07:23:11.2540395Z   package-manager-cache: true
Node.js 25 - windows-latest	UNKNOWN STEP	2026-09-17T07:23:11.2540624Z ##[endgroup]
Node.js 25 - windows-latest	UNKNOWN STEP	2026-09-17T07:23:11.4229490Z Attempting to download 25...
Node.js 25 - windows-latest	UNKNOWN STEP	2026-09-17T07:23:12.0781514Z Not found in manifest. Falling back to download directly from Node
Node.js 25 - windows-latest	UNKNOWN STEP	2026-09-17T07:23:12.1132138Z Acquiring 25.9.0 - x64 from https://nodejs.org/dist/v25.9.0/node-v25.9.0-win-x64.7z
Node.js 25 - windows-latest	UNKNOWN STEP	2026-09-17T07:23:12.5338615Z Extracting ...
Node.js 25 - windows-latest	UNKNOWN STEP	2026-09-17T07:23:16.0518501Z Adding to the cache ...
Node.js 25 - windows-latest	UNKNOWN STEP	2026-09-17T07:23:20.7217589Z npm: 11.12.1
Node.js 25 - windows-latest	UNKNOWN STEP	2026-09-17T07:23:20.7217775Z yarn: 1.22.22
Node.js 25 - windows-latest	UNKNOWN STEP	2026-09-17T07:23:20.7218190Z ##[endgroup]
Node.js 25 - windows-latest	UNKNOWN STEP	2026-09-17T07:23:20.7561814Z ##[group]Run npm config set loglevel error
Node.js 25 - windows-latest	UNKNOWN STEP	2026-09-17T07:23:20.7562283Z ^[[36;1mnpm config set loglevel error^[[0m
Node.js 25 - windows-latest	UNKNOWN STEP	2026-09-17T07:23:20.7586210Z shell: C:\Program Files\Git\bin\bash.EXE --noprofile --norc -e -o pipefail {0}
Node.js 25 - windows-latest	UNKNOWN STEP	2026-09-17T07:23:20.7586639Z ##[endgroup]
Node.js 25 - windows-latest	UNKNOWN STEP	2026-09-17T07:23:21.5706984Z ##[group]Run npm install
Node.js 25 - windows-latest	UNKNOWN STEP	2026-09-17T07:23:21.5707296Z ^[[36;1mnpm install^[[0m
Node.js 25 - windows-latest	UNKNOWN STEP	2026-09-17T07:23:21.6452798Z shell: C:\Program Files\PowerShell\7\pwsh.EXE -command ". '{0}'"
Node.js 25 - windows-latest	UNKNOWN STEP	2026-09-17T07:23:21.6453253Z ##[endgroup]
Node.js 25 - windows-latest	UNKNOWN STEP	2026-09-17T07:23:33.9716973Z npm error code ETARGET
Node.js 25 - windows-latest	UNKNOWN STEP	2026-09-17T07:23:33.9717892Z npm error notarget No matching version found for proxy-addr@^2.0.8 with a date before 9/10/2026, 7:23:22 AM.
Node.js 25 - windows-latest	UNKNOWN STEP	2026-09-17T07:23:33.9722134Z npm error notarget In most cases you or one of your dependencies are requesting a package version that doesn't exist.
Node.js 25 - windows-latest	UNKNOWN STEP	2026-09-17T07:23:33.9748138Z npm error A complete log of this run can be found in: C:\npm\cache\_logs\2026-09-17T07_23_22_380Z-debug-0.log
Node.js 25 - windows-latest	UNKNOWN STEP	2026-09-17T07:23:35.4883068Z ##[error]Process completed with exit code 1.
Node.js 25 - windows-latest	UNKNOWN STEP	2026-09-17T07:23:35.5179115Z Post job cleanup.
Node.js 25 - windows-latest	UNKNOWN STEP	2026-09-17T07:23:35.7096402Z [command]"C:\Program Files\Git\bin\git.exe" version
Node.js 25 - windows-latest	UNKNOWN STEP	2026-09-17T07:23:35.7420103Z git version 2.55.0.windows.5
Node.js 25 - windows-latest	UNKNOWN STEP	2026-09-17T07:23:37.7570463Z Cleaning up orphan processes
Node.js 26 - windows-latest	UNKNOWN STEP	﻿2026-09-17T07:22:57.4498228Z Current runner version: '2.337.0'
Node.js 26 - windows-latest	UNKNOWN STEP	2026-09-17T07:22:57.4515294Z ##[group]Runner Image Provisioner
Node.js 26 - windows-latest	UNKNOWN STEP	2026-09-17T07:22:57.4515801Z Hosted Compute Agent
Node.js 26 - windows-latest	UNKNOWN STEP	2026-09-17T07:22:57.4516106Z Version: 20260828.587
Node.js 26 - windows-latest	UNKNOWN STEP	2026-09-17T07:22:57.4520289Z ##[group]Runner Image
Node.js 26 - windows-latest	UNKNOWN STEP	2026-09-17T07:22:57.4520618Z Image: windows-2025-vs2026
Node.js 26 - windows-latest	UNKNOWN STEP	2026-09-17T07:22:57.4520967Z Version: 20260907.229.1
Node.js 26 - windows-latest	UNKNOWN STEP	2026-09-17T07:22:58.2045136Z ##[group]Run actions/checkout@3d3c42e5aac5ba805825da76410c181273ba90b1
Node.js 26 - windows-latest	UNKNOWN STEP	2026-09-17T07:22:58.2045863Z with:
Node.js 26 - windows-latest	UNKNOWN STEP	2026-09-17T07:22:58.2046074Z   persist-credentials: false
Node.js 26 - windows-latest	UNKNOWN STEP	2026-09-17T07:23:04.3574567Z ##[group]Run actions/setup-node@820762786026740c76f36085b0efc47a31fe5020
Node.js 26 - windows-latest	UNKNOWN STEP	2026-09-17T07:23:04.3574801Z with:
Node.js 26 - windows-latest	UNKNOWN STEP	2026-09-17T07:23:04.3574908Z   node-version: 26
Node.js 26 - windows-latest	UNKNOWN STEP	2026-09-17T07:23:11.4678851Z npm: 11.19.1
Node.js 26 - windows-latest	UNKNOWN STEP	2026-09-17T07:23:11.4679011Z yarn: 1.22.22
Node.js 26 - windows-latest	UNKNOWN STEP	2026-09-17T07:23:11.4679453Z ##[endgroup]
Node.js 26 - windows-latest	UNKNOWN STEP	2026-09-17T07:23:11.4929653Z ##[group]Run npm config set loglevel error
Node.js 26 - windows-latest	UNKNOWN STEP	2026-09-17T07:23:11.4929923Z ^[[36;1mnpm config set loglevel error^[[0m
Node.js 26 - windows-latest	UNKNOWN STEP	2026-09-17T07:23:11.4942114Z shell: C:\Program Files\Git\bin\bash.EXE --noprofile --norc -e -o pipefail {0}
Node.js 26 - windows-latest	UNKNOWN STEP	2026-09-17T07:23:11.4942331Z ##[endgroup]
Node.js 26 - windows-latest	UNKNOWN STEP	2026-09-17T07:23:12.0499989Z ##[group]Run npm install
Node.js 26 - windows-latest	UNKNOWN STEP	2026-09-17T07:23:12.0500178Z ^[[36;1mnpm install^[[0m
Node.js 26 - windows-latest	UNKNOWN STEP	2026-09-17T07:23:12.1887689Z shell: C:\Program Files\PowerShell\7\pwsh.EXE -command ". '{0}'"
Node.js 26 - windows-latest	UNKNOWN STEP	2026-09-17T07:23:12.1887905Z ##[endgroup]
Node.js 26 - windows-latest	UNKNOWN STEP	2026-09-17T07:23:22.3524157Z npm error code ETARGET
Node.js 26 - windows-latest	UNKNOWN STEP	2026-09-17T07:23:22.3524641Z npm error notarget No matching version found for proxy-addr@^2.0.8 with a date before 9/10/2026, 7:23:12 AM.
Node.js 26 - windows-latest	UNKNOWN STEP	2026-09-17T07:23:22.3525130Z npm error notarget In most cases you or one of your dependencies are requesting a package version that doesn't exist.
Node.js 26 - windows-latest	UNKNOWN STEP	2026-09-17T07:23:22.3530823Z npm error A complete log of this run can be found in: C:\npm\cache\_logs\2026-09-17T07_23_12_621Z-debug-0.log
Node.js 26 - windows-latest	UNKNOWN STEP	2026-09-17T07:23:24.2048342Z ##[error]Process completed with exit code 1.
Node.js 26 - windows-latest	UNKNOWN STEP	2026-09-17T07:23:24.2224765Z Post job cleanup.
Node.js 26 - windows-latest	UNKNOWN STEP	2026-09-17T07:23:24.3243159Z [command]"C:\Program Files\Git\bin\git.exe" version
Node.js 26 - windows-latest	UNKNOWN STEP	2026-09-17T07:23:24.3424289Z git version 2.55.0.windows.5
Node.js 26 - windows-latest	UNKNOWN STEP	2026-09-17T07:23:25.5081716Z Cleaning up orphan processes
Node.js 24 - ubuntu-latest	UNKNOWN STEP	﻿2026-09-17T07:22:57.5843784Z Current runner version: '2.337.0'
Node.js 24 - ubuntu-latest	UNKNOWN STEP	2026-09-17T07:22:57.5864139Z ##[group]Runner Image Provisioner
Node.js 24 - ubuntu-latest	UNKNOWN STEP	2026-09-17T07:22:57.5864921Z Hosted Compute Agent
Node.js 24 - ubuntu-latest	UNKNOWN STEP	2026-09-17T07:22:57.5865689Z Version: 20260828.587
Node.js 24 - ubuntu-latest	UNKNOWN STEP	2026-09-17T07:22:57.5872199Z ##[group]Runner Image
Node.js 24 - ubuntu-latest	UNKNOWN STEP	2026-09-17T07:22:57.5872686Z Image: ubuntu-24.04
Node.js 24 - ubuntu-latest	UNKNOWN STEP	2026-09-17T07:22:57.5873205Z Version: 20260907.300.1
Node.js 24 - ubuntu-latest	UNKNOWN STEP	2026-09-17T07:22:58.5340455Z ##[group]Run actions/checkout@3d3c42e5aac5ba805825da76410c181273ba90b1
Node.js 24 - ubuntu-latest	UNKNOWN STEP	2026-09-17T07:22:58.5341413Z with:
Node.js 24 - ubuntu-latest	UNKNOWN STEP	2026-09-17T07:22:58.5341902Z   persist-credentials: false
Node.js 24 - ubuntu-latest	UNKNOWN STEP	2026-09-17T07:23:00.6909846Z ##[group]Run actions/setup-node@820762786026740c76f36085b0efc47a31fe5020
Node.js 24 - ubuntu-latest	UNKNOWN STEP	2026-09-17T07:23:00.6910638Z with:
Node.js 24 - ubuntu-latest	UNKNOWN STEP	2026-09-17T07:23:00.6911111Z   node-version: 24
Node.js 24 - ubuntu-latest	UNKNOWN STEP	2026-09-17T07:23:01.9778428Z npm: 11.19.0
Node.js 24 - ubuntu-latest	UNKNOWN STEP	2026-09-17T07:23:01.9778879Z yarn: 1.22.22
Node.js 24 - ubuntu-latest	UNKNOWN STEP	2026-09-17T07:23:01.9780299Z ##[endgroup]
Node.js 24 - ubuntu-latest	UNKNOWN STEP	2026-09-17T07:23:01.9903863Z ##[group]Run npm config set loglevel error
Node.js 24 - ubuntu-latest	UNKNOWN STEP	2026-09-17T07:23:01.9904407Z ^[[36;1mnpm config set loglevel error^[[0m
Node.js 24 - ubuntu-latest	UNKNOWN STEP	2026-09-17T07:23:01.9941784Z shell: /usr/bin/bash --noprofile --norc -e -o pipefail {0}
Node.js 24 - ubuntu-latest	UNKNOWN STEP	2026-09-17T07:23:01.9942363Z ##[endgroup]
Node.js 24 - ubuntu-latest	UNKNOWN STEP	2026-09-17T07:23:02.1574877Z ##[group]Run npm install
Node.js 24 - ubuntu-latest	UNKNOWN STEP	2026-09-17T07:23:02.1575540Z ^[[36;1mnpm install^[[0m
Node.js 24 - ubuntu-latest	UNKNOWN STEP	2026-09-17T07:23:02.1600476Z shell: /usr/bin/bash -e {0}
Node.js 24 - ubuntu-latest	UNKNOWN STEP	2026-09-17T07:23:02.1600903Z ##[endgroup]
Node.js 24 - ubuntu-latest	UNKNOWN STEP	2026-09-17T07:23:11.3773014Z npm error code ETARGET
Node.js 24 - ubuntu-latest	UNKNOWN STEP	2026-09-17T07:23:11.3774548Z npm error notarget No matching version found for proxy-addr@^2.0.8 with a date before 9/10/2026, 7:23:02 AM.
Node.js 24 - ubuntu-latest	UNKNOWN STEP	2026-09-17T07:23:11.3776136Z npm error notarget In most cases you or one of your dependencies are requesting a package version that doesn't exist.
Node.js 24 - ubuntu-latest	UNKNOWN STEP	2026-09-17T07:23:11.3793894Z npm error A complete log of this run can be found in: /home/runner/.npm/_logs/2026-09-17T07_23_02_204Z-debug-0.log
Node.js 24 - ubuntu-latest	UNKNOWN STEP	2026-09-17T07:23:11.4032790Z ##[error]Process completed with exit code 1.
Node.js 24 - ubuntu-latest	UNKNOWN STEP	2026-09-17T07:23:11.4180892Z Post job cleanup.
Node.js 24 - ubuntu-latest	UNKNOWN STEP	2026-09-17T07:23:11.4848328Z [command]/usr/bin/git version
Node.js 24 - ubuntu-latest	UNKNOWN STEP	2026-09-17T07:23:11.4886018Z git version 2.55.0
Node.js 24 - ubuntu-latest	UNKNOWN STEP	2026-09-17T07:23:11.6790352Z Cleaning up orphan processes
Node.js 26 - ubuntu-latest	UNKNOWN STEP	﻿2026-09-17T07:22:57.8148708Z Current runner version: '2.337.0'
Node.js 26 - ubuntu-latest	UNKNOWN STEP	2026-09-17T07:22:57.8169816Z ##[group]Runner Image Provisioner
Node.js 26 - ubuntu-latest	UNKNOWN STEP	2026-09-17T07:22:57.8170564Z Hosted Compute Agent
Node.js 26 - ubuntu-latest	UNKNOWN STEP	2026-09-17T07:22:57.8171144Z Version: 20260828.587
Node.js 26 - ubuntu-latest	UNKNOWN STEP	2026-09-17T07:22:57.8177843Z ##[group]Runner Image
Node.js 26 - ubuntu-latest	UNKNOWN STEP	2026-09-17T07:22:57.8178354Z Image: ubuntu-24.04
Node.js 26 - ubuntu-latest	UNKNOWN STEP	2026-09-17T07:22:57.8178916Z Version: 20260907.300.1
Node.js 26 - ubuntu-latest	UNKNOWN STEP	2026-09-17T07:22:58.8307739Z ##[group]Run actions/checkout@3d3c42e5aac5ba805825da76410c181273ba90b1
Node.js 26 - ubuntu-latest	UNKNOWN STEP	2026-09-17T07:22:58.8308580Z with:
Node.js 26 - ubuntu-latest	UNKNOWN STEP	2026-09-17T07:22:58.8308949Z   persist-credentials: false
Node.js 26 - ubuntu-latest	UNKNOWN STEP	2026-09-17T07:23:01.0304012Z ##[group]Run actions/setup-node@820762786026740c76f36085b0efc47a31fe5020
Node.js 26 - ubuntu-latest	UNKNOWN STEP	2026-09-17T07:23:01.0304369Z with:
Node.js 26 - ubuntu-latest	UNKNOWN STEP	2026-09-17T07:23:01.0304584Z   node-version: 26
Node.js 26 - ubuntu-latest	UNKNOWN STEP	2026-09-17T07:23:06.1262739Z npm: 11.19.1
Node.js 26 - ubuntu-latest	UNKNOWN STEP	2026-09-17T07:23:06.1263033Z yarn: 1.22.22
Node.js 26 - ubuntu-latest	UNKNOWN STEP	2026-09-17T07:23:06.1263680Z ##[endgroup]
Node.js 26 - ubuntu-latest	UNKNOWN STEP	2026-09-17T07:23:06.1453985Z ##[group]Run npm config set loglevel error
Node.js 26 - ubuntu-latest	UNKNOWN STEP	2026-09-17T07:23:06.1454347Z ^[[36;1mnpm config set loglevel error^[[0m
Node.js 26 - ubuntu-latest	UNKNOWN STEP	2026-09-17T07:23:06.1491329Z shell: /usr/bin/bash --noprofile --norc -e -o pipefail {0}
Node.js 26 - ubuntu-latest	UNKNOWN STEP	2026-09-17T07:23:06.1491664Z ##[endgroup]
Node.js 26 - ubuntu-latest	UNKNOWN STEP	2026-09-17T07:23:06.2384857Z ##[group]Run npm install
Node.js 26 - ubuntu-latest	UNKNOWN STEP	2026-09-17T07:23:06.2385114Z ^[[36;1mnpm install^[[0m
Node.js 26 - ubuntu-latest	UNKNOWN STEP	2026-09-17T07:23:06.2417611Z shell: /usr/bin/bash -e {0}
Node.js 26 - ubuntu-latest	UNKNOWN STEP	2026-09-17T07:23:06.2417848Z ##[endgroup]
Node.js 26 - ubuntu-latest	UNKNOWN STEP	2026-09-17T07:23:13.1143944Z npm error code ETARGET
Node.js 26 - ubuntu-latest	UNKNOWN STEP	2026-09-17T07:23:13.1145308Z npm error notarget No matching version found for proxy-addr@^2.0.8 with a date before 9/10/2026, 7:23:06 AM.
Node.js 26 - ubuntu-latest	UNKNOWN STEP	2026-09-17T07:23:13.1146684Z npm error notarget In most cases you or one of your dependencies are requesting a package version that doesn't exist.
Node.js 26 - ubuntu-latest	UNKNOWN STEP	2026-09-17T07:23:13.1157811Z npm error A complete log of this run can be found in: /home/runner/.npm/_logs/2026-09-17T07_23_06_287Z-debug-0.log
Node.js 26 - ubuntu-latest	UNKNOWN STEP	2026-09-17T07:23:13.1531624Z ##[error]Process completed with exit code 1.
Node.js 26 - ubuntu-latest	UNKNOWN STEP	2026-09-17T07:23:13.1653716Z Post job cleanup.
Node.js 26 - ubuntu-latest	UNKNOWN STEP	2026-09-17T07:23:13.2329162Z [command]/usr/bin/git version
Node.js 26 - ubuntu-latest	UNKNOWN STEP	2026-09-17T07:23:13.2358110Z git version 2.55.0
Node.js 26 - ubuntu-latest	UNKNOWN STEP	2026-09-17T07:23:13.3164926Z Cleaning up orphan processes
