Node.js 17 - ubuntu-latest	UNKNOWN STEP	2026-10-09T15:37:44.9604140Z         ✔ should 404 with unknown user
Node.js 17 - ubuntu-latest	UNKNOWN STEP	2026-10-09T15:37:44.9623993Z   1) node:http pass-through
Node.js 17 - ubuntu-latest	UNKNOWN STEP	2026-10-09T15:37:44.9624362Z        req
Node.js 17 - ubuntu-latest	UNKNOWN STEP	2026-10-09T15:37:44.9624674Z          should expose req.headersDistinct:
Node.js 17 - ubuntu-latest	UNKNOWN STEP	2026-10-09T15:37:44.9625171Z      Error: expected 200 "OK", got 500 "Internal Server Error"
Node.js 17 - ubuntu-latest	UNKNOWN STEP	2026-10-09T15:37:44.9625704Z       at Context.<anonymous> (test/http.native.js:45:10)
Node.js 17 - ubuntu-latest	UNKNOWN STEP	2026-10-09T15:37:44.9626221Z       at processImmediate (node:internal/timers:466:21)
Node.js 17 - ubuntu-latest	UNKNOWN STEP	2026-10-09T15:37:44.9626787Z       at process.callbackTrampoline (node:internal/async_hooks:130:17)
Node.js 17 - ubuntu-latest	UNKNOWN STEP	2026-10-09T15:37:44.9627412Z   ----
Node.js 17 - ubuntu-latest	UNKNOWN STEP	2026-10-09T15:37:44.9627821Z       at Test._assertStatus (node_modules/supertest/lib/test.js:252:14)
Node.js 17 - ubuntu-latest	UNKNOWN STEP	2026-10-09T15:37:44.9629014Z       at /home/runner/work/express/express/node_modules/supertest/lib/test.js:308:13
Node.js 17 - ubuntu-latest	UNKNOWN STEP	2026-10-09T15:37:44.9629715Z       at Test._assertFunction (node_modules/supertest/lib/test.js:285:13)
Node.js 17 - ubuntu-latest	UNKNOWN STEP	2026-10-09T15:37:44.9630312Z       at Test.assert (node_modules/supertest/lib/test.js:164:23)
Node.js 17 - ubuntu-latest	UNKNOWN STEP	2026-10-09T15:37:44.9631095Z       at Server.localAssert (node_modules/supertest/lib/test.js:120:14)
Node.js 17 - ubuntu-latest	UNKNOWN STEP	2026-10-09T15:37:44.9631654Z       at Object.onceWrapper (node:events:641:28)
Node.js 17 - ubuntu-latest	UNKNOWN STEP	2026-10-09T15:37:44.9632107Z       at Server.emit (node:events:527:28)
Node.js 17 - ubuntu-latest	UNKNOWN STEP	2026-10-09T15:37:44.9632505Z       at emitCloseNT (node:net:1736:8)
Node.js 17 - ubuntu-latest	UNKNOWN STEP	2026-10-09T15:37:44.9633047Z       at processTicksAndRejections (node:internal/process/task_queues:82:21)
Node.js 17 - ubuntu-latest	UNKNOWN STEP	2026-10-09T15:37:44.9633441Z 
Node.js 17 - ubuntu-latest	UNKNOWN STEP	2026-10-09T15:37:44.9633569Z   2) node:http pass-through
Node.js 17 - ubuntu-latest	UNKNOWN STEP	2026-10-09T15:37:44.9633881Z        res
Node.js 17 - ubuntu-latest	UNKNOWN STEP	2026-10-09T15:37:44.9634187Z          should support res.appendHeader():
Node.js 17 - ubuntu-latest	UNKNOWN STEP	2026-10-09T15:37:44.9634652Z      Error: expected 200 "OK", got 500 "Internal Server Error"
Node.js 17 - ubuntu-latest	UNKNOWN STEP	2026-10-09T15:37:44.9635187Z       at Context.<anonymous> (test/http.native.js:99:10)
Node.js 17 - ubuntu-latest	UNKNOWN STEP	2026-10-09T15:37:44.9635666Z       at processImmediate (node:internal/timers:466:21)
Node.js 17 - ubuntu-latest	UNKNOWN STEP	2026-10-09T15:37:44.9636214Z       at process.callbackTrampoline (node:internal/async_hooks:130:17)
Node.js 17 - ubuntu-latest	UNKNOWN STEP	2026-10-09T15:37:44.9636673Z   ----
Node.js 17 - ubuntu-latest	UNKNOWN STEP	2026-10-09T15:37:44.9637242Z       at Test._assertStatus (node_modules/supertest/lib/test.js:252:14)
Node.js 17 - ubuntu-latest	UNKNOWN STEP	2026-10-09T15:37:44.9637954Z       at /home/runner/work/express/express/node_modules/supertest/lib/test.js:308:13
Node.js 17 - ubuntu-latest	UNKNOWN STEP	2026-10-09T15:37:44.9638619Z       at Test._assertFunction (node_modules/supertest/lib/test.js:285:13)
Node.js 17 - ubuntu-latest	UNKNOWN STEP	2026-10-09T15:37:44.9639174Z       at Test.assert (node_modules/supertest/lib/test.js:164:23)
Node.js 17 - ubuntu-latest	UNKNOWN STEP	2026-10-09T15:37:44.9639667Z       at Server.localAssert (node_modules/supertest/lib/test.js:120:14)
Node.js 17 - ubuntu-latest	UNKNOWN STEP	2026-10-09T15:37:44.9640239Z       at Object.onceWrapper (node:events:641:28)
Node.js 17 - ubuntu-latest	UNKNOWN STEP	2026-10-09T15:37:44.9640652Z       at Server.emit (node:events:527:28)
Node.js 17 - ubuntu-latest	UNKNOWN STEP	2026-10-09T15:37:44.9641029Z       at emitCloseNT (node:net:1736:8)
Node.js 17 - ubuntu-latest	UNKNOWN STEP	2026-10-09T15:37:44.9641540Z       at processTicksAndRejections (node:internal/process/task_queues:82:21)
Node.js 17 - ubuntu-latest	UNKNOWN STEP	2026-10-09T15:37:44.9641914Z 
Node.js 17 - ubuntu-latest	UNKNOWN STEP	2026-10-09T15:37:44.9642065Z   3) node:http pass-through
Node.js 17 - ubuntu-latest	UNKNOWN STEP	2026-10-09T15:37:44.9642358Z        res
Node.js 17 - ubuntu-latest	UNKNOWN STEP	2026-10-09T15:37:44.9642672Z          should support res.writeEarlyHints():
Node.js 17 - ubuntu-latest	UNKNOWN STEP	2026-10-09T15:37:44.9642933Z 
Node.js 17 - ubuntu-latest	UNKNOWN STEP	2026-10-09T15:37:44.9643295Z       Uncaught AssertionError [ERR_ASSERTION]: Expected values to be strictly equal:
Node.js 17 - ubuntu-latest	UNKNOWN STEP	2026-10-09T15:37:44.9644895Z       
Node.js 17 - ubuntu-latest	UNKNOWN STEP	2026-10-09T15:37:44.9645279Z       at IncomingMessage.<anonymous> (test/http.native.js:172:20)
Node.js 17 - ubuntu-latest	UNKNOWN STEP	2026-10-09T15:37:44.9645781Z       at IncomingMessage.emit (node:events:539:35)
Node.js 17 - ubuntu-latest	UNKNOWN STEP	2026-10-09T15:37:44.9646354Z       at endReadableNT (node:internal/streams/readable:1345:12)
Node.js 17 - ubuntu-latest	UNKNOWN STEP	2026-10-09T15:37:44.9647168Z       at processTicksAndRejections (node:internal/process/task_queues:83:21)
Node.js 17 - ubuntu-latest	UNKNOWN STEP	2026-10-09T15:37:44.9647574Z 
Node.js 17 - ubuntu-latest	UNKNOWN STEP	2026-10-09T15:37:44.9647581Z 
Node.js 17 - ubuntu-latest	UNKNOWN STEP	2026-10-09T15:37:44.9647587Z 
Node.js 17 - ubuntu-latest	UNKNOWN STEP	2026-10-09T15:37:45.0115411Z -----------------|---------|----------|---------|---------|-------------------
Node.js 17 - ubuntu-latest	UNKNOWN STEP	2026-10-09T15:37:45.0131602Z -----------------|---------|----------|---------|---------|-------------------
Node.js 17 - ubuntu-latest	UNKNOWN STEP	2026-10-09T15:37:45.0222221Z ##[error]Process completed with exit code 3.
Node.js 17 - ubuntu-latest	UNKNOWN STEP	2026-10-09T15:37:45.0338512Z Post job cleanup.
Node.js 17 - ubuntu-latest	UNKNOWN STEP	2026-10-09T15:37:45.1032706Z [command]/usr/bin/git version
Node.js 17 - ubuntu-latest	UNKNOWN STEP	2026-10-09T15:37:45.1069435Z git version 2.55.0
Node.js 17 - ubuntu-latest	UNKNOWN STEP	2026-10-09T15:37:45.1873086Z Cleaning up orphan processes
Node.js 16 - ubuntu-latest	UNKNOWN STEP	2026-10-09T15:37:40.9805711Z 
Node.js 16 - ubuntu-latest	UNKNOWN STEP	2026-10-09T15:37:40.9806704Z   1267 passing (3s)
Node.js 16 - ubuntu-latest	UNKNOWN STEP	2026-10-09T15:37:40.9807088Z   2 pending
Node.js 16 - ubuntu-latest	UNKNOWN STEP	2026-10-09T15:37:40.9807400Z   1 failing
Node.js 16 - ubuntu-latest	UNKNOWN STEP	2026-10-09T15:37:40.9807586Z 
Node.js 16 - ubuntu-latest	UNKNOWN STEP	2026-10-09T15:37:40.9825106Z   1) node:http pass-through
Node.js 16 - ubuntu-latest	UNKNOWN STEP	2026-10-09T15:37:40.9825562Z        res
Node.js 16 - ubuntu-latest	UNKNOWN STEP	2026-10-09T15:37:40.9826010Z          should support res.writeEarlyHints():
Node.js 16 - ubuntu-latest	UNKNOWN STEP	2026-10-09T15:37:40.9826310Z 
Node.js 16 - ubuntu-latest	UNKNOWN STEP	2026-10-09T15:37:40.9826654Z       Uncaught AssertionError [ERR_ASSERTION]: Expected values to be strictly equal:
Node.js 16 - ubuntu-latest	UNKNOWN STEP	2026-10-09T15:37:40.9828187Z       
Node.js 16 - ubuntu-latest	UNKNOWN STEP	2026-10-09T15:37:40.9828552Z       at IncomingMessage.<anonymous> (test/http.native.js:172:20)
Node.js 16 - ubuntu-latest	UNKNOWN STEP	2026-10-09T15:37:40.9829446Z       at IncomingMessage.emit (node:events:525:35)
Node.js 16 - ubuntu-latest	UNKNOWN STEP	2026-10-09T15:37:40.9829934Z       at endReadableNT (node:internal/streams/readable:1358:12)
Node.js 16 - ubuntu-latest	UNKNOWN STEP	2026-10-09T15:37:40.9830523Z       at processTicksAndRejections (node:internal/process/task_queues:83:21)
Node.js 16 - ubuntu-latest	UNKNOWN STEP	2026-10-09T15:37:40.9830881Z 
Node.js 16 - ubuntu-latest	UNKNOWN STEP	2026-10-09T15:37:40.9831070Z 
Node.js 16 - ubuntu-latest	UNKNOWN STEP	2026-10-09T15:37:40.9831089Z 
Node.js 16 - ubuntu-latest	UNKNOWN STEP	2026-10-09T15:37:41.0415799Z -----------------|---------|----------|---------|---------|-------------------
Node.js 16 - ubuntu-latest	UNKNOWN STEP	2026-10-09T15:37:41.0439994Z -----------------|---------|----------|---------|---------|-------------------
Node.js 16 - ubuntu-latest	UNKNOWN STEP	2026-10-09T15:37:41.0547203Z ##[error]Process completed with exit code 1.
Node.js 16 - ubuntu-latest	UNKNOWN STEP	2026-10-09T15:37:41.0702294Z Post job cleanup.
Node.js 16 - ubuntu-latest	UNKNOWN STEP	2026-10-09T15:37:41.1556779Z [command]/usr/bin/git version
Node.js 16 - ubuntu-latest	UNKNOWN STEP	2026-10-09T15:37:41.1601237Z git version 2.55.0
Node.js 16 - ubuntu-latest	UNKNOWN STEP	2026-10-09T15:37:41.2581349Z Cleaning up orphan processes
Node.js 16 - windows-latest	UNKNOWN STEP	2026-10-09T15:38:09.5323416Z 
Node.js 16 - windows-latest	UNKNOWN STEP	2026-10-09T15:38:09.5324496Z   1267 passing (5s)
Node.js 16 - windows-latest	UNKNOWN STEP	2026-10-09T15:38:09.5325303Z   2 pending
Node.js 16 - windows-latest	UNKNOWN STEP	2026-10-09T15:38:09.5326022Z   1 failing
Node.js 16 - windows-latest	UNKNOWN STEP	2026-10-09T15:38:09.5326211Z 
Node.js 16 - windows-latest	UNKNOWN STEP	2026-10-09T15:38:09.5347184Z   1) node:http pass-through
Node.js 16 - windows-latest	UNKNOWN STEP	2026-10-09T15:38:09.5347633Z        res
Node.js 16 - windows-latest	UNKNOWN STEP	2026-10-09T15:38:09.5348045Z          should support res.writeEarlyHints():
Node.js 16 - windows-latest	UNKNOWN STEP	2026-10-09T15:38:09.5348634Z 
Node.js 16 - windows-latest	UNKNOWN STEP	2026-10-09T15:38:09.5349004Z       Uncaught AssertionError [ERR_ASSERTION]: Expected values to be strictly equal:
Node.js 16 - windows-latest	UNKNOWN STEP	2026-10-09T15:38:09.5350740Z       
Node.js 16 - windows-latest	UNKNOWN STEP	2026-10-09T15:38:09.5351142Z       at IncomingMessage.<anonymous> (test\http.native.js:172:20)
Node.js 16 - windows-latest	UNKNOWN STEP	2026-10-09T15:38:09.5351647Z       at IncomingMessage.emit (node:events:525:35)
Node.js 16 - windows-latest	UNKNOWN STEP	2026-10-09T15:38:09.5352148Z       at endReadableNT (node:internal/streams/readable:1358:12)
Node.js 16 - windows-latest	UNKNOWN STEP	2026-10-09T15:38:09.5352761Z       at processTicksAndRejections (node:internal/process/task_queues:83:21)
Node.js 16 - windows-latest	UNKNOWN STEP	2026-10-09T15:38:09.5353150Z 
Node.js 16 - windows-latest	UNKNOWN STEP	2026-10-09T15:38:09.5353164Z 
Node.js 16 - windows-latest	UNKNOWN STEP	2026-10-09T15:38:09.5353171Z 
Node.js 16 - windows-latest	UNKNOWN STEP	2026-10-09T15:38:09.6205677Z -----------------|---------|----------|---------|---------|-------------------
Node.js 16 - windows-latest	UNKNOWN STEP	2026-10-09T15:38:09.6236069Z -----------------|---------|----------|---------|---------|-------------------
Node.js 16 - windows-latest	UNKNOWN STEP	2026-10-09T15:38:09.6506353Z ##[error]Process completed with exit code 1.
Node.js 16 - windows-latest	UNKNOWN STEP	2026-10-09T15:38:09.6815943Z Post job cleanup.
Node.js 16 - windows-latest	UNKNOWN STEP	2026-10-09T15:38:09.8941287Z [command]"C:\Program Files\Git\bin\git.exe" version
Node.js 16 - windows-latest	UNKNOWN STEP	2026-10-09T15:38:09.9253195Z git version 2.55.0.windows.5
Node.js 16 - windows-latest	UNKNOWN STEP	2026-10-09T15:38:11.9401084Z Cleaning up orphan processes
Node.js 17 - windows-latest	UNKNOWN STEP	2026-10-09T15:38:09.5404163Z         ✔ should 404 with unknown user
Node.js 17 - windows-latest	UNKNOWN STEP	2026-10-09T15:38:09.5447176Z   1) node:http pass-through
Node.js 17 - windows-latest	UNKNOWN STEP	2026-10-09T15:38:09.5447420Z        req
Node.js 17 - windows-latest	UNKNOWN STEP	2026-10-09T15:38:09.5447654Z          should expose req.headersDistinct:
Node.js 17 - windows-latest	UNKNOWN STEP	2026-10-09T15:38:09.5448192Z      Error: expected 200 "OK", got 500 "Internal Server Error"
Node.js 17 - windows-latest	UNKNOWN STEP	2026-10-09T15:38:09.5448855Z       at Context.<anonymous> (test\http.native.js:45:10)
Node.js 17 - windows-latest	UNKNOWN STEP	2026-10-09T15:38:09.5449461Z       at processImmediate (node:internal/timers:466:21)
Node.js 17 - windows-latest	UNKNOWN STEP	2026-10-09T15:38:09.5450125Z       at process.callbackTrampoline (node:internal/async_hooks:130:17)
Node.js 17 - windows-latest	UNKNOWN STEP	2026-10-09T15:38:09.5450677Z   ----
Node.js 17 - windows-latest	UNKNOWN STEP	2026-10-09T15:38:09.5451167Z       at Test._assertStatus (node_modules\supertest\lib\test.js:252:14)
Node.js 17 - windows-latest	UNKNOWN STEP	2026-10-09T15:38:09.5451908Z       at D:\a\express\express\node_modules\supertest\lib\test.js:308:13
Node.js 17 - windows-latest	UNKNOWN STEP	2026-10-09T15:38:09.5452672Z       at Test._assertFunction (node_modules\supertest\lib\test.js:285:13)
Node.js 17 - windows-latest	UNKNOWN STEP	2026-10-09T15:38:09.5453385Z       at Test.assert (node_modules\supertest\lib\test.js:164:23)
Node.js 17 - windows-latest	UNKNOWN STEP	2026-10-09T15:38:09.5454098Z       at Server.localAssert (node_modules\supertest\lib\test.js:120:14)
Node.js 17 - windows-latest	UNKNOWN STEP	2026-10-09T15:38:09.5454748Z       at Object.onceWrapper (node:events:641:28)
Node.js 17 - windows-latest	UNKNOWN STEP	2026-10-09T15:38:09.5455229Z       at Server.emit (node:events:527:28)
Node.js 17 - windows-latest	UNKNOWN STEP	2026-10-09T15:38:09.5455666Z       at emitCloseNT (node:net:1736:8)
Node.js 17 - windows-latest	UNKNOWN STEP	2026-10-09T15:38:09.5456297Z       at processTicksAndRejections (node:internal/process/task_queues:82:21)
Node.js 17 - windows-latest	UNKNOWN STEP	2026-10-09T15:38:09.5456783Z 
Node.js 17 - windows-latest	UNKNOWN STEP	2026-10-09T15:38:09.5456948Z   2) node:http pass-through
Node.js 17 - windows-latest	UNKNOWN STEP	2026-10-09T15:38:09.5457287Z        res
Node.js 17 - windows-latest	UNKNOWN STEP	2026-10-09T15:38:09.5457630Z          should support res.appendHeader():
Node.js 17 - windows-latest	UNKNOWN STEP	2026-10-09T15:38:09.5458209Z      Error: expected 200 "OK", got 500 "Internal Server Error"
Node.js 17 - windows-latest	UNKNOWN STEP	2026-10-09T15:38:09.5458797Z       at Context.<anonymous> (test\http.native.js:99:10)
Node.js 17 - windows-latest	UNKNOWN STEP	2026-10-09T15:38:09.5459380Z       at processImmediate (node:internal/timers:466:21)
Node.js 17 - windows-latest	UNKNOWN STEP	2026-10-09T15:38:09.5460046Z       at process.callbackTrampoline (node:internal/async_hooks:130:17)
Node.js 17 - windows-latest	UNKNOWN STEP	2026-10-09T15:38:09.5460594Z   ----
Node.js 17 - windows-latest	UNKNOWN STEP	2026-10-09T15:38:09.5461483Z       at Test._assertStatus (node_modules\supertest\lib\test.js:252:14)
Node.js 17 - windows-latest	UNKNOWN STEP	2026-10-09T15:38:09.5462257Z       at D:\a\express\express\node_modules\supertest\lib\test.js:308:13
Node.js 17 - windows-latest	UNKNOWN STEP	2026-10-09T15:38:09.5463006Z       at Test._assertFunction (node_modules\supertest\lib\test.js:285:13)
Node.js 17 - windows-latest	UNKNOWN STEP	2026-10-09T15:38:09.5463726Z       at Test.assert (node_modules\supertest\lib\test.js:164:23)
Node.js 17 - windows-latest	UNKNOWN STEP	2026-10-09T15:38:09.5464415Z       at Server.localAssert (node_modules\supertest\lib\test.js:120:14)
Node.js 17 - windows-latest	UNKNOWN STEP	2026-10-09T15:38:09.5465069Z       at Object.onceWrapper (node:events:641:28)
Node.js 17 - windows-latest	UNKNOWN STEP	2026-10-09T15:38:09.5465555Z       at Server.emit (node:events:527:28)
Node.js 17 - windows-latest	UNKNOWN STEP	2026-10-09T15:38:09.5466007Z       at emitCloseNT (node:net:1736:8)
Node.js 17 - windows-latest	UNKNOWN STEP	2026-10-09T15:38:09.5466658Z       at processTicksAndRejections (node:internal/process/task_queues:82:21)
Node.js 17 - windows-latest	UNKNOWN STEP	2026-10-09T15:38:09.5467163Z 
Node.js 17 - windows-latest	UNKNOWN STEP	2026-10-09T15:38:09.5468816Z   3) node:http pass-through
Node.js 17 - windows-latest	UNKNOWN STEP	2026-10-09T15:38:09.5469216Z        res
Node.js 17 - windows-latest	UNKNOWN STEP	2026-10-09T15:38:09.5470033Z          should support res.writeEarlyHints():
Node.js 17 - windows-latest	UNKNOWN STEP	2026-10-09T15:38:09.5470255Z 
Node.js 17 - windows-latest	UNKNOWN STEP	2026-10-09T15:38:09.5470715Z       Uncaught AssertionError [ERR_ASSERTION]: Expected values to be strictly equal:
Node.js 17 - windows-latest	UNKNOWN STEP	2026-10-09T15:38:09.5471932Z       
Node.js 17 - windows-latest	UNKNOWN STEP	2026-10-09T15:38:09.5472284Z       at IncomingMessage.<anonymous> (test\http.native.js:172:20)
Node.js 17 - windows-latest	UNKNOWN STEP	2026-10-09T15:38:09.5472805Z       at IncomingMessage.emit (node:events:539:35)
Node.js 17 - windows-latest	UNKNOWN STEP	2026-10-09T15:38:09.5473179Z       at endReadableNT (node:internal/streams/readable:1345:12)
Node.js 17 - windows-latest	UNKNOWN STEP	2026-10-09T15:38:09.5473645Z       at processTicksAndRejections (node:internal/process/task_queues:83:21)
Node.js 17 - windows-latest	UNKNOWN STEP	2026-10-09T15:38:09.5473936Z 
Node.js 17 - windows-latest	UNKNOWN STEP	2026-10-09T15:38:09.5473942Z 
Node.js 17 - windows-latest	UNKNOWN STEP	2026-10-09T15:38:09.5473947Z 
Node.js 17 - windows-latest	UNKNOWN STEP	2026-10-09T15:38:09.6431457Z -----------------|---------|----------|---------|---------|-------------------
Node.js 17 - windows-latest	UNKNOWN STEP	2026-10-09T15:38:09.6463125Z -----------------|---------|----------|---------|---------|-------------------
Node.js 17 - windows-latest	UNKNOWN STEP	2026-10-09T15:38:09.6741054Z ##[error]Process completed with exit code 3.
Node.js 17 - windows-latest	UNKNOWN STEP	2026-10-09T15:38:09.7022778Z Post job cleanup.
Node.js 17 - windows-latest	UNKNOWN STEP	2026-10-09T15:38:09.8852619Z [command]"C:\Program Files\Git\bin\git.exe" version
Node.js 17 - windows-latest	UNKNOWN STEP	2026-10-09T15:38:09.9138018Z git version 2.55.0.windows.5
Node.js 17 - windows-latest	UNKNOWN STEP	2026-10-09T15:38:11.7896549Z Cleaning up orphan processes
