Node.js 16 - ubuntu-latest	UNKNOWN STEP	2026-10-09T15:39:47.9990131Z 
Node.js 16 - ubuntu-latest	UNKNOWN STEP	2026-10-09T15:39:47.9990739Z   1267 passing (3s)
Node.js 16 - ubuntu-latest	UNKNOWN STEP	2026-10-09T15:39:47.9991113Z   2 pending
Node.js 16 - ubuntu-latest	UNKNOWN STEP	2026-10-09T15:39:47.9991433Z   1 failing
Node.js 16 - ubuntu-latest	UNKNOWN STEP	2026-10-09T15:39:47.9991613Z 
Node.js 16 - ubuntu-latest	UNKNOWN STEP	2026-10-09T15:39:48.0007480Z   1) node:http pass-through
Node.js 16 - ubuntu-latest	UNKNOWN STEP	2026-10-09T15:39:48.0007880Z        res
Node.js 16 - ubuntu-latest	UNKNOWN STEP	2026-10-09T15:39:48.0008188Z          should support res.writeEarlyHints():
Node.js 16 - ubuntu-latest	UNKNOWN STEP	2026-10-09T15:39:48.0008405Z 
Node.js 16 - ubuntu-latest	UNKNOWN STEP	2026-10-09T15:39:48.0008689Z       Uncaught AssertionError [ERR_ASSERTION]: Expected values to be strictly equal:
Node.js 16 - ubuntu-latest	UNKNOWN STEP	2026-10-09T15:39:48.0009944Z       
Node.js 16 - ubuntu-latest	UNKNOWN STEP	2026-10-09T15:39:48.0010305Z       at IncomingMessage.<anonymous> (test/http.native.js:172:20)
Node.js 16 - ubuntu-latest	UNKNOWN STEP	2026-10-09T15:39:48.0011004Z       at IncomingMessage.emit (node:events:525:35)
Node.js 16 - ubuntu-latest	UNKNOWN STEP	2026-10-09T15:39:48.0011396Z       at endReadableNT (node:internal/streams/readable:1358:12)
Node.js 16 - ubuntu-latest	UNKNOWN STEP	2026-10-09T15:39:48.0011866Z       at processTicksAndRejections (node:internal/process/task_queues:83:21)
Node.js 16 - ubuntu-latest	UNKNOWN STEP	2026-10-09T15:39:48.0012168Z 
Node.js 16 - ubuntu-latest	UNKNOWN STEP	2026-10-09T15:39:48.0012180Z 
Node.js 16 - ubuntu-latest	UNKNOWN STEP	2026-10-09T15:39:48.0012273Z 
Node.js 16 - ubuntu-latest	UNKNOWN STEP	2026-10-09T15:39:48.0464360Z -----------------|---------|----------|---------|---------|-------------------
Node.js 16 - ubuntu-latest	UNKNOWN STEP	2026-10-09T15:39:48.0483607Z -----------------|---------|----------|---------|---------|-------------------
Node.js 16 - ubuntu-latest	UNKNOWN STEP	2026-10-09T15:39:48.0572840Z ##[error]Process completed with exit code 1.
Node.js 16 - ubuntu-latest	UNKNOWN STEP	2026-10-09T15:39:48.0720539Z Post job cleanup.
Node.js 16 - ubuntu-latest	UNKNOWN STEP	2026-10-09T15:39:48.1507129Z [command]/usr/bin/git version
Node.js 16 - ubuntu-latest	UNKNOWN STEP	2026-10-09T15:39:48.1550334Z git version 2.55.0
Node.js 16 - ubuntu-latest	UNKNOWN STEP	2026-10-09T15:39:48.2365539Z Cleaning up orphan processes
Node.js 17 - windows-latest	UNKNOWN STEP	2026-10-09T15:40:23.4662472Z         ✔ should 404 with unknown user
Node.js 17 - windows-latest	UNKNOWN STEP	2026-10-09T15:40:23.4700563Z   1) node:http pass-through
Node.js 17 - windows-latest	UNKNOWN STEP	2026-10-09T15:40:23.4700889Z        req
Node.js 17 - windows-latest	UNKNOWN STEP	2026-10-09T15:40:23.4701232Z          should expose req.headersDistinct:
Node.js 17 - windows-latest	UNKNOWN STEP	2026-10-09T15:40:23.4701697Z      Error: expected 200 "OK", got 500 "Internal Server Error"
Node.js 17 - windows-latest	UNKNOWN STEP	2026-10-09T15:40:23.4702113Z       at Context.<anonymous> (test\http.native.js:45:10)
Node.js 17 - windows-latest	UNKNOWN STEP	2026-10-09T15:40:23.4702512Z       at processImmediate (node:internal/timers:466:21)
Node.js 17 - windows-latest	UNKNOWN STEP	2026-10-09T15:40:23.4702932Z       at process.callbackTrampoline (node:internal/async_hooks:130:17)
Node.js 17 - windows-latest	UNKNOWN STEP	2026-10-09T15:40:23.4703276Z   ----
Node.js 17 - windows-latest	UNKNOWN STEP	2026-10-09T15:40:23.4703583Z       at Test._assertStatus (node_modules\supertest\lib\test.js:252:14)
Node.js 17 - windows-latest	UNKNOWN STEP	2026-10-09T15:40:23.4704058Z       at D:\a\express\express\node_modules\supertest\lib\test.js:308:13
Node.js 17 - windows-latest	UNKNOWN STEP	2026-10-09T15:40:23.4704533Z       at Test._assertFunction (node_modules\supertest\lib\test.js:285:13)
Node.js 17 - windows-latest	UNKNOWN STEP	2026-10-09T15:40:23.4704978Z       at Test.assert (node_modules\supertest\lib\test.js:164:23)
Node.js 17 - windows-latest	UNKNOWN STEP	2026-10-09T15:40:23.4705418Z       at Server.localAssert (node_modules\supertest\lib\test.js:120:14)
Node.js 17 - windows-latest	UNKNOWN STEP	2026-10-09T15:40:23.4705868Z       at Object.onceWrapper (node:events:641:28)
Node.js 17 - windows-latest	UNKNOWN STEP	2026-10-09T15:40:23.4706185Z       at Server.emit (node:events:527:28)
Node.js 17 - windows-latest	UNKNOWN STEP	2026-10-09T15:40:23.4706476Z       at emitCloseNT (node:net:1736:8)
Node.js 17 - windows-latest	UNKNOWN STEP	2026-10-09T15:40:23.4706879Z       at processTicksAndRejections (node:internal/process/task_queues:82:21)
Node.js 17 - windows-latest	UNKNOWN STEP	2026-10-09T15:40:23.4707178Z 
Node.js 17 - windows-latest	UNKNOWN STEP	2026-10-09T15:40:23.4707276Z   2) node:http pass-through
Node.js 17 - windows-latest	UNKNOWN STEP	2026-10-09T15:40:23.4707496Z        res
Node.js 17 - windows-latest	UNKNOWN STEP	2026-10-09T15:40:23.4707714Z          should support res.appendHeader():
Node.js 17 - windows-latest	UNKNOWN STEP	2026-10-09T15:40:23.4708084Z      Error: expected 200 "OK", got 500 "Internal Server Error"
Node.js 17 - windows-latest	UNKNOWN STEP	2026-10-09T15:40:23.4708470Z       at Context.<anonymous> (test\http.native.js:99:10)
Node.js 17 - windows-latest	UNKNOWN STEP	2026-10-09T15:40:23.4708831Z       at processImmediate (node:internal/timers:466:21)
Node.js 17 - windows-latest	UNKNOWN STEP	2026-10-09T15:40:23.4709247Z       at process.callbackTrampoline (node:internal/async_hooks:130:17)
Node.js 17 - windows-latest	UNKNOWN STEP	2026-10-09T15:40:23.4709591Z   ----
Node.js 17 - windows-latest	UNKNOWN STEP	2026-10-09T15:40:23.4709881Z       at Test._assertStatus (node_modules\supertest\lib\test.js:252:14)
Node.js 17 - windows-latest	UNKNOWN STEP	2026-10-09T15:40:23.4710762Z       at D:\a\express\express\node_modules\supertest\lib\test.js:308:13
Node.js 17 - windows-latest	UNKNOWN STEP	2026-10-09T15:40:23.4711344Z       at Test._assertFunction (node_modules\supertest\lib\test.js:285:13)
Node.js 17 - windows-latest	UNKNOWN STEP	2026-10-09T15:40:23.4711782Z       at Test.assert (node_modules\supertest\lib\test.js:164:23)
Node.js 17 - windows-latest	UNKNOWN STEP	2026-10-09T15:40:23.4712205Z       at Server.localAssert (node_modules\supertest\lib\test.js:120:14)
Node.js 17 - windows-latest	UNKNOWN STEP	2026-10-09T15:40:23.4712587Z       at Object.onceWrapper (node:events:641:28)
Node.js 17 - windows-latest	UNKNOWN STEP	2026-10-09T15:40:23.4712897Z       at Server.emit (node:events:527:28)
Node.js 17 - windows-latest	UNKNOWN STEP	2026-10-09T15:40:23.4713474Z       at emitCloseNT (node:net:1736:8)
Node.js 17 - windows-latest	UNKNOWN STEP	2026-10-09T15:40:23.4714019Z       at processTicksAndRejections (node:internal/process/task_queues:82:21)
Node.js 17 - windows-latest	UNKNOWN STEP	2026-10-09T15:40:23.4714331Z 
Node.js 17 - windows-latest	UNKNOWN STEP	2026-10-09T15:40:23.4716834Z   3) node:http pass-through
Node.js 17 - windows-latest	UNKNOWN STEP	2026-10-09T15:40:23.4717152Z        res
Node.js 17 - windows-latest	UNKNOWN STEP	2026-10-09T15:40:23.4717497Z          should support res.writeEarlyHints():
Node.js 17 - windows-latest	UNKNOWN STEP	2026-10-09T15:40:23.4718908Z 
Node.js 17 - windows-latest	UNKNOWN STEP	2026-10-09T15:40:23.4719343Z       Uncaught AssertionError [ERR_ASSERTION]: Expected values to be strictly equal:
Node.js 17 - windows-latest	UNKNOWN STEP	2026-10-09T15:40:23.4720556Z       
Node.js 17 - windows-latest	UNKNOWN STEP	2026-10-09T15:40:23.4720844Z       at IncomingMessage.<anonymous> (test\http.native.js:172:20)
Node.js 17 - windows-latest	UNKNOWN STEP	2026-10-09T15:40:23.4721237Z       at IncomingMessage.emit (node:events:539:35)
Node.js 17 - windows-latest	UNKNOWN STEP	2026-10-09T15:40:23.4721610Z       at endReadableNT (node:internal/streams/readable:1345:12)
Node.js 17 - windows-latest	UNKNOWN STEP	2026-10-09T15:40:23.4722091Z       at processTicksAndRejections (node:internal/process/task_queues:83:21)
Node.js 17 - windows-latest	UNKNOWN STEP	2026-10-09T15:40:23.4722386Z 
Node.js 17 - windows-latest	UNKNOWN STEP	2026-10-09T15:40:23.4722392Z 
Node.js 17 - windows-latest	UNKNOWN STEP	2026-10-09T15:40:23.4722397Z 
Node.js 17 - windows-latest	UNKNOWN STEP	2026-10-09T15:40:23.5570852Z -----------------|---------|----------|---------|---------|-------------------
Node.js 17 - windows-latest	UNKNOWN STEP	2026-10-09T15:40:23.5592831Z -----------------|---------|----------|---------|---------|-------------------
Node.js 17 - windows-latest	UNKNOWN STEP	2026-10-09T15:40:23.5869482Z ##[error]Process completed with exit code 3.
Node.js 17 - windows-latest	UNKNOWN STEP	2026-10-09T15:40:23.6144791Z Post job cleanup.
Node.js 17 - windows-latest	UNKNOWN STEP	2026-10-09T15:40:23.7899745Z [command]"C:\Program Files\Git\bin\git.exe" version
Node.js 17 - windows-latest	UNKNOWN STEP	2026-10-09T15:40:23.8190350Z git version 2.55.0.windows.5
Node.js 17 - windows-latest	UNKNOWN STEP	2026-10-09T15:40:25.6686307Z Cleaning up orphan processes
Node.js 16 - windows-latest	UNKNOWN STEP	2026-10-09T15:40:04.8432742Z 
Node.js 16 - windows-latest	UNKNOWN STEP	2026-10-09T15:40:04.8433628Z   1267 passing (4s)
Node.js 16 - windows-latest	UNKNOWN STEP	2026-10-09T15:40:04.8433944Z   2 pending
Node.js 16 - windows-latest	UNKNOWN STEP	2026-10-09T15:40:04.8434563Z   1 failing
Node.js 16 - windows-latest	UNKNOWN STEP	2026-10-09T15:40:04.8434676Z 
Node.js 16 - windows-latest	UNKNOWN STEP	2026-10-09T15:40:04.8449667Z   1) node:http pass-through
Node.js 16 - windows-latest	UNKNOWN STEP	2026-10-09T15:40:04.8449936Z        res
Node.js 16 - windows-latest	UNKNOWN STEP	2026-10-09T15:40:04.8450238Z          should support res.writeEarlyHints():
Node.js 16 - windows-latest	UNKNOWN STEP	2026-10-09T15:40:04.8450510Z 
Node.js 16 - windows-latest	UNKNOWN STEP	2026-10-09T15:40:04.8450837Z       Uncaught AssertionError [ERR_ASSERTION]: Expected values to be strictly equal:
Node.js 16 - windows-latest	UNKNOWN STEP	2026-10-09T15:40:04.8452206Z       
Node.js 16 - windows-latest	UNKNOWN STEP	2026-10-09T15:40:04.8452838Z       at IncomingMessage.<anonymous> (test\http.native.js:172:20)
Node.js 16 - windows-latest	UNKNOWN STEP	2026-10-09T15:40:04.8453346Z       at IncomingMessage.emit (node:events:525:35)
Node.js 16 - windows-latest	UNKNOWN STEP	2026-10-09T15:40:04.8453796Z       at endReadableNT (node:internal/streams/readable:1358:12)
Node.js 16 - windows-latest	UNKNOWN STEP	2026-10-09T15:40:04.8454251Z       at processTicksAndRejections (node:internal/process/task_queues:83:21)
Node.js 16 - windows-latest	UNKNOWN STEP	2026-10-09T15:40:04.8454487Z 
Node.js 16 - windows-latest	UNKNOWN STEP	2026-10-09T15:40:04.8454492Z 
Node.js 16 - windows-latest	UNKNOWN STEP	2026-10-09T15:40:04.8454496Z 
Node.js 16 - windows-latest	UNKNOWN STEP	2026-10-09T15:40:04.9142483Z -----------------|---------|----------|---------|---------|-------------------
Node.js 16 - windows-latest	UNKNOWN STEP	2026-10-09T15:40:04.9160626Z -----------------|---------|----------|---------|---------|-------------------
Node.js 16 - windows-latest	UNKNOWN STEP	2026-10-09T15:40:04.9363459Z ##[error]Process completed with exit code 1.
Node.js 16 - windows-latest	UNKNOWN STEP	2026-10-09T15:40:04.9571212Z Post job cleanup.
Node.js 16 - windows-latest	UNKNOWN STEP	2026-10-09T15:40:05.0965996Z [command]"C:\Program Files\Git\bin\git.exe" version
Node.js 16 - windows-latest	UNKNOWN STEP	2026-10-09T15:40:05.1191131Z git version 2.55.0.windows.5
Node.js 16 - windows-latest	UNKNOWN STEP	2026-10-09T15:40:06.7942663Z Cleaning up orphan processes
Node.js 17 - ubuntu-latest	UNKNOWN STEP	2026-10-09T15:39:53.0322035Z         ✔ should 404 with unknown user
Node.js 17 - ubuntu-latest	UNKNOWN STEP	2026-10-09T15:39:53.0342117Z   1) node:http pass-through
Node.js 17 - ubuntu-latest	UNKNOWN STEP	2026-10-09T15:39:53.0342411Z        req
Node.js 17 - ubuntu-latest	UNKNOWN STEP	2026-10-09T15:39:53.0342713Z          should expose req.headersDistinct:
Node.js 17 - ubuntu-latest	UNKNOWN STEP	2026-10-09T15:39:53.0343193Z      Error: expected 200 "OK", got 500 "Internal Server Error"
Node.js 17 - ubuntu-latest	UNKNOWN STEP	2026-10-09T15:39:53.0343706Z       at Context.<anonymous> (test/http.native.js:45:10)
Node.js 17 - ubuntu-latest	UNKNOWN STEP	2026-10-09T15:39:53.0344204Z       at processImmediate (node:internal/timers:466:21)
Node.js 17 - ubuntu-latest	UNKNOWN STEP	2026-10-09T15:39:53.0344878Z       at process.callbackTrampoline (node:internal/async_hooks:130:17)
Node.js 17 - ubuntu-latest	UNKNOWN STEP	2026-10-09T15:39:53.0345305Z   ----
Node.js 17 - ubuntu-latest	UNKNOWN STEP	2026-10-09T15:39:53.0345568Z       at Test._assertStatus (node_modules/supertest/lib/test.js:252:14)
Node.js 17 - ubuntu-latest	UNKNOWN STEP	2026-10-09T15:39:53.0346450Z       at /home/runner/work/express/express/node_modules/supertest/lib/test.js:308:13
Node.js 17 - ubuntu-latest	UNKNOWN STEP	2026-10-09T15:39:53.0346875Z       at Test._assertFunction (node_modules/supertest/lib/test.js:285:13)
Node.js 17 - ubuntu-latest	UNKNOWN STEP	2026-10-09T15:39:53.0347240Z       at Test.assert (node_modules/supertest/lib/test.js:164:23)
Node.js 17 - ubuntu-latest	UNKNOWN STEP	2026-10-09T15:39:53.0347721Z       at Server.localAssert (node_modules/supertest/lib/test.js:120:14)
Node.js 17 - ubuntu-latest	UNKNOWN STEP	2026-10-09T15:39:53.0348047Z       at Object.onceWrapper (node:events:641:28)
Node.js 17 - ubuntu-latest	UNKNOWN STEP	2026-10-09T15:39:53.0348322Z       at Server.emit (node:events:527:28)
Node.js 17 - ubuntu-latest	UNKNOWN STEP	2026-10-09T15:39:53.0348573Z       at emitCloseNT (node:net:1736:8)
Node.js 17 - ubuntu-latest	UNKNOWN STEP	2026-10-09T15:39:53.0348908Z       at processTicksAndRejections (node:internal/process/task_queues:82:21)
Node.js 17 - ubuntu-latest	UNKNOWN STEP	2026-10-09T15:39:53.0349147Z 
Node.js 17 - ubuntu-latest	UNKNOWN STEP	2026-10-09T15:39:53.0349251Z   2) node:http pass-through
Node.js 17 - ubuntu-latest	UNKNOWN STEP	2026-10-09T15:39:53.0349451Z        res
Node.js 17 - ubuntu-latest	UNKNOWN STEP	2026-10-09T15:39:53.0349653Z          should support res.appendHeader():
Node.js 17 - ubuntu-latest	UNKNOWN STEP	2026-10-09T15:39:53.0349968Z      Error: expected 200 "OK", got 500 "Internal Server Error"
Node.js 17 - ubuntu-latest	UNKNOWN STEP	2026-10-09T15:39:53.0350295Z       at Context.<anonymous> (test/http.native.js:99:10)
Node.js 17 - ubuntu-latest	UNKNOWN STEP	2026-10-09T15:39:53.0350599Z       at processImmediate (node:internal/timers:466:21)
Node.js 17 - ubuntu-latest	UNKNOWN STEP	2026-10-09T15:39:53.0350933Z       at process.callbackTrampoline (node:internal/async_hooks:130:17)
Node.js 17 - ubuntu-latest	UNKNOWN STEP	2026-10-09T15:39:53.0351210Z   ----
Node.js 17 - ubuntu-latest	UNKNOWN STEP	2026-10-09T15:39:53.0351482Z       at Test._assertStatus (node_modules/supertest/lib/test.js:252:14)
Node.js 17 - ubuntu-latest	UNKNOWN STEP	2026-10-09T15:39:53.0351914Z       at /home/runner/work/express/express/node_modules/supertest/lib/test.js:308:13
Node.js 17 - ubuntu-latest	UNKNOWN STEP	2026-10-09T15:39:53.0352383Z       at Test._assertFunction (node_modules/supertest/lib/test.js:285:13)
Node.js 17 - ubuntu-latest	UNKNOWN STEP	2026-10-09T15:39:53.0352738Z       at Test.assert (node_modules/supertest/lib/test.js:164:23)
Node.js 17 - ubuntu-latest	UNKNOWN STEP	2026-10-09T15:39:53.0353087Z       at Server.localAssert (node_modules/supertest/lib/test.js:120:14)
Node.js 17 - ubuntu-latest	UNKNOWN STEP	2026-10-09T15:39:53.0353398Z       at Object.onceWrapper (node:events:641:28)
Node.js 17 - ubuntu-latest	UNKNOWN STEP	2026-10-09T15:39:53.0353659Z       at Server.emit (node:events:527:28)
Node.js 17 - ubuntu-latest	UNKNOWN STEP	2026-10-09T15:39:53.0353906Z       at emitCloseNT (node:net:1736:8)
Node.js 17 - ubuntu-latest	UNKNOWN STEP	2026-10-09T15:39:53.0354235Z       at processTicksAndRejections (node:internal/process/task_queues:82:21)
Node.js 17 - ubuntu-latest	UNKNOWN STEP	2026-10-09T15:39:53.0354463Z 
Node.js 17 - ubuntu-latest	UNKNOWN STEP	2026-10-09T15:39:53.0354835Z   3) node:http pass-through
Node.js 17 - ubuntu-latest	UNKNOWN STEP	2026-10-09T15:39:53.0355049Z        res
Node.js 17 - ubuntu-latest	UNKNOWN STEP	2026-10-09T15:39:53.0355275Z          should support res.writeEarlyHints():
Node.js 17 - ubuntu-latest	UNKNOWN STEP	2026-10-09T15:39:53.0355484Z 
Node.js 17 - ubuntu-latest	UNKNOWN STEP	2026-10-09T15:39:53.0355857Z       Uncaught AssertionError [ERR_ASSERTION]: Expected values to be strictly equal:
Node.js 17 - ubuntu-latest	UNKNOWN STEP	2026-10-09T15:39:53.0357134Z       
Node.js 17 - ubuntu-latest	UNKNOWN STEP	2026-10-09T15:39:53.0357391Z       at IncomingMessage.<anonymous> (test/http.native.js:172:20)
Node.js 17 - ubuntu-latest	UNKNOWN STEP	2026-10-09T15:39:53.0357756Z       at IncomingMessage.emit (node:events:539:35)
Node.js 17 - ubuntu-latest	UNKNOWN STEP	2026-10-09T15:39:53.0358088Z       at endReadableNT (node:internal/streams/readable:1345:12)
Node.js 17 - ubuntu-latest	UNKNOWN STEP	2026-10-09T15:39:53.0358515Z       at processTicksAndRejections (node:internal/process/task_queues:83:21)
Node.js 17 - ubuntu-latest	UNKNOWN STEP	2026-10-09T15:39:53.0358789Z 
Node.js 17 - ubuntu-latest	UNKNOWN STEP	2026-10-09T15:39:53.0358894Z 
Node.js 17 - ubuntu-latest	UNKNOWN STEP	2026-10-09T15:39:53.0358993Z 
Node.js 17 - ubuntu-latest	UNKNOWN STEP	2026-10-09T15:39:53.0846966Z -----------------|---------|----------|---------|---------|-------------------
Node.js 17 - ubuntu-latest	UNKNOWN STEP	2026-10-09T15:39:53.0864909Z -----------------|---------|----------|---------|---------|-------------------
Node.js 17 - ubuntu-latest	UNKNOWN STEP	2026-10-09T15:39:53.0968338Z ##[error]Process completed with exit code 3.
Node.js 17 - ubuntu-latest	UNKNOWN STEP	2026-10-09T15:39:53.1074918Z Post job cleanup.
Node.js 17 - ubuntu-latest	UNKNOWN STEP	2026-10-09T15:39:53.1757841Z [command]/usr/bin/git version
Node.js 17 - ubuntu-latest	UNKNOWN STEP	2026-10-09T15:39:53.1795997Z git version 2.55.0
Node.js 17 - ubuntu-latest	UNKNOWN STEP	2026-10-09T15:39:53.2649879Z Cleaning up orphan processes
