validate (3.11)	UNKNOWN STEP	﻿2026-09-06T01:31:50.4853791Z Current runner version: '2.337.0'
validate (3.11)	UNKNOWN STEP	2026-09-06T01:31:50.4890146Z ##[group]Runner Image Provisioner
validate (3.11)	UNKNOWN STEP	2026-09-06T01:31:50.4891290Z Hosted Compute Agent
validate (3.11)	UNKNOWN STEP	2026-09-06T01:31:50.4892332Z Version: 20260828.587
validate (3.11)	UNKNOWN STEP	2026-09-06T01:31:50.4904993Z ##[group]Runner Image
validate (3.11)	UNKNOWN STEP	2026-09-06T01:31:50.4905950Z Image: ubuntu-24.04
validate (3.11)	UNKNOWN STEP	2026-09-06T01:31:50.4906844Z Version: 20260831.293.1
validate (3.11)	UNKNOWN STEP	2026-09-06T01:31:51.2845416Z ##[group]Run actions/checkout@v4
validate (3.11)	UNKNOWN STEP	2026-09-06T01:31:51.2846112Z with:
validate (3.11)	UNKNOWN STEP	2026-09-06T01:31:51.2846558Z   repository: flypythoncom/python
validate (3.11)	UNKNOWN STEP	2026-09-06T01:31:51.8925888Z ##[group]Run astral-sh/setup-uv@v5
validate (3.11)	UNKNOWN STEP	2026-09-06T01:31:51.8926480Z with:
validate (3.11)	UNKNOWN STEP	2026-09-06T01:31:51.8926923Z   enable-cache: true
validate (3.11)	UNKNOWN STEP	2026-09-06T01:31:53.1587692Z ##[group]Run uv python install 3.11
validate (3.11)	UNKNOWN STEP	2026-09-06T01:31:53.1589089Z ^[[36;1muv python install 3.11^[[0m
validate (3.11)	UNKNOWN STEP	2026-09-06T01:31:53.1638336Z shell: /usr/bin/bash -e {0}
validate (3.11)	UNKNOWN STEP	2026-09-06T01:31:54.1573072Z ##[group]Run uv pip install --system -r requirements-dev.lock.txt ruff
validate (3.11)	UNKNOWN STEP	2026-09-06T01:31:54.1573642Z ^[[36;1muv pip install --system -r requirements-dev.lock.txt ruff^[[0m
validate (3.11)	UNKNOWN STEP	2026-09-06T01:31:54.1616976Z shell: /usr/bin/bash -e {0}
validate (3.11)	UNKNOWN STEP	2026-09-06T01:31:54.1617356Z env:
validate (3.11)	UNKNOWN STEP	2026-09-06T01:31:54.1617624Z   UV_CACHE_DIR: /home/runner/work/_temp/setup-uv-cache
validate (3.11)	UNKNOWN STEP	2026-09-06T01:31:54.1617943Z ##[endgroup]
validate (3.11)	UNKNOWN STEP	2026-09-06T01:31:54.3448129Z Using Python 3.12.3 environment at: /usr
validate (3.11)	UNKNOWN STEP	2026-09-06T01:31:54.3453107Z error: The interpreter at /usr is externally managed, and indicates the following:
validate (3.11)	UNKNOWN STEP	2026-09-06T01:31:54.3453843Z 
validate (3.11)	UNKNOWN STEP	2026-09-06T01:31:54.3454135Z   To install Python packages system-wide, try apt install
validate (3.11)	UNKNOWN STEP	2026-09-06T01:31:54.3454740Z   python3-xyz, where xyz is the package you are trying to
validate (3.11)	UNKNOWN STEP	2026-09-06T01:31:54.3455246Z   install.
validate (3.11)	UNKNOWN STEP	2026-09-06T01:31:54.3455428Z 
validate (3.11)	UNKNOWN STEP	2026-09-06T01:31:54.3455715Z   If you wish to install a non-Debian-packaged Python package,
validate (3.11)	UNKNOWN STEP	2026-09-06T01:31:54.3456993Z   create a virtual environment using python3 -m venv path/to/venv.
validate (3.11)	UNKNOWN STEP	2026-09-06T01:31:54.3457909Z   Then use path/to/venv/bin/python and path/to/venv/bin/pip. Make
validate (3.11)	UNKNOWN STEP	2026-09-06T01:31:54.3458503Z   sure you have python3-full installed.
validate (3.11)	UNKNOWN STEP	2026-09-06T01:31:54.3458850Z 
validate (3.11)	UNKNOWN STEP	2026-09-06T01:31:54.3459127Z   If you wish to install a non-Debian packaged Python application,
validate (3.11)	UNKNOWN STEP	2026-09-06T01:31:54.3459754Z   it may be easiest to use pipx install xyz, which will manage a
validate (3.11)	UNKNOWN STEP	2026-09-06T01:31:54.3460197Z   virtual environment for you. Make sure you have pipx installed.
validate (3.11)	UNKNOWN STEP	2026-09-06T01:31:54.3460454Z 
validate (3.11)	UNKNOWN STEP	2026-09-06T01:31:54.3460626Z   See /usr/share/doc/python3.12/README.venv for more information.
validate (3.11)	UNKNOWN STEP	2026-09-06T01:31:54.3460863Z 
validate (3.11)	UNKNOWN STEP	2026-09-06T01:31:54.3461083Z hint: Virtual environments were not considered due to the `--system` flag
validate (3.11)	UNKNOWN STEP	2026-09-06T01:31:54.3474889Z ##[error]Process completed with exit code 2.
validate (3.11)	UNKNOWN STEP	2026-09-06T01:31:54.3644880Z Node 20 is being deprecated. This workflow is running with Node 24 by default. If you need to temporarily use Node 20, you can set the ACTIONS_ALLOW_USE_UNSECURE_NODE_VERSION=true environment variable. For more information see: https://github.blog/changelog/2025-09-19-deprecation-of-node-20-on-github-actions-runners/
validate (3.11)	UNKNOWN STEP	2026-09-06T01:31:54.3646065Z Post job cleanup.
validate (3.11)	UNKNOWN STEP	2026-09-06T01:31:54.4492672Z [command]/usr/bin/git version
validate (3.11)	UNKNOWN STEP	2026-09-06T01:31:54.4537739Z git version 2.55.0
validate (3.11)	UNKNOWN STEP	2026-09-06T01:31:54.5285950Z [command]/usr/bin/git config --local --name-only --get-regexp ^includeIf\.gitdir:
validate (3.11)	UNKNOWN STEP	2026-09-06T01:31:54.5328614Z [command]/usr/bin/git submodule foreach --recursive git config --local --show-origin --name-only --get-regexp remote.origin.url
validate (3.11)	UNKNOWN STEP	2026-09-06T01:31:54.5744539Z Cleaning up orphan processes
validate (3.11)	UNKNOWN STEP	2026-09-06T01:31:54.6063540Z ##[warning]Node.js 20 is deprecated. The following actions target Node.js 20 but are being forced to run on Node.js 24: actions/checkout@v4, astral-sh/setup-uv@v5. For more information see: https://github.blog/changelog/2025-09-19-deprecation-of-node-20-on-github-actions-runners/
