validate (3.12)	UNKNOWN STEP	﻿2026-09-07T01:13:19.5663857Z Current runner version: '2.337.0'
validate (3.12)	UNKNOWN STEP	2026-09-07T01:13:19.5697340Z ##[group]Runner Image Provisioner
validate (3.12)	UNKNOWN STEP	2026-09-07T01:13:19.5698700Z Hosted Compute Agent
validate (3.12)	UNKNOWN STEP	2026-09-07T01:13:19.5699613Z Version: 20260828.587
validate (3.12)	UNKNOWN STEP	2026-09-07T01:13:19.5711461Z ##[group]Runner Image
validate (3.12)	UNKNOWN STEP	2026-09-07T01:13:19.5712510Z Image: ubuntu-24.04
validate (3.12)	UNKNOWN STEP	2026-09-07T01:13:19.5713420Z Version: 20260831.293.1
validate (3.12)	UNKNOWN STEP	2026-09-07T01:13:20.3220377Z ##[group]Run actions/checkout@v4
validate (3.12)	UNKNOWN STEP	2026-09-07T01:13:20.3221065Z with:
validate (3.12)	UNKNOWN STEP	2026-09-07T01:13:20.3221512Z   repository: flypythoncom/python
validate (3.12)	UNKNOWN STEP	2026-09-07T01:13:20.9020196Z ##[group]Run astral-sh/setup-uv@v5
validate (3.12)	UNKNOWN STEP	2026-09-07T01:13:20.9020721Z with:
validate (3.12)	UNKNOWN STEP	2026-09-07T01:13:20.9021124Z   enable-cache: true
validate (3.12)	UNKNOWN STEP	2026-09-07T01:13:22.1571676Z ##[group]Run uv python install 3.12
validate (3.12)	UNKNOWN STEP	2026-09-07T01:13:22.1572119Z ^[[36;1muv python install 3.12^[[0m
validate (3.12)	UNKNOWN STEP	2026-09-07T01:13:22.1619119Z shell: /usr/bin/bash -e {0}
validate (3.12)	UNKNOWN STEP	2026-09-07T01:13:23.0810413Z ##[group]Run uv pip install --system -r requirements-dev.lock.txt ruff
validate (3.12)	UNKNOWN STEP	2026-09-07T01:13:23.0811010Z ^[[36;1muv pip install --system -r requirements-dev.lock.txt ruff^[[0m
validate (3.12)	UNKNOWN STEP	2026-09-07T01:13:23.0852770Z shell: /usr/bin/bash -e {0}
validate (3.12)	UNKNOWN STEP	2026-09-07T01:13:23.0853079Z env:
validate (3.12)	UNKNOWN STEP	2026-09-07T01:13:23.0853359Z   UV_CACHE_DIR: /home/runner/work/_temp/setup-uv-cache
validate (3.12)	UNKNOWN STEP	2026-09-07T01:13:23.0853691Z ##[endgroup]
validate (3.12)	UNKNOWN STEP	2026-09-07T01:13:23.2805255Z Using Python 3.12.3 environment at: /usr
validate (3.12)	UNKNOWN STEP	2026-09-07T01:13:23.2810071Z error: The interpreter at /usr is externally managed, and indicates the following:
validate (3.12)	UNKNOWN STEP	2026-09-07T01:13:23.2810689Z 
validate (3.12)	UNKNOWN STEP	2026-09-07T01:13:23.2810975Z   To install Python packages system-wide, try apt install
validate (3.12)	UNKNOWN STEP	2026-09-07T01:13:23.2811594Z   python3-xyz, where xyz is the package you are trying to
validate (3.12)	UNKNOWN STEP	2026-09-07T01:13:23.2812050Z   install.
validate (3.12)	UNKNOWN STEP	2026-09-07T01:13:23.2812294Z 
validate (3.12)	UNKNOWN STEP	2026-09-07T01:13:23.2812547Z   If you wish to install a non-Debian-packaged Python package,
validate (3.12)	UNKNOWN STEP	2026-09-07T01:13:23.2813314Z   create a virtual environment using python3 -m venv path/to/venv.
validate (3.12)	UNKNOWN STEP	2026-09-07T01:13:23.2814030Z   Then use path/to/venv/bin/python and path/to/venv/bin/pip. Make
validate (3.12)	UNKNOWN STEP	2026-09-07T01:13:23.2814855Z   sure you have python3-full installed.
validate (3.12)	UNKNOWN STEP	2026-09-07T01:13:23.2815177Z 
validate (3.12)	UNKNOWN STEP	2026-09-07T01:13:23.2815456Z   If you wish to install a non-Debian packaged Python application,
validate (3.12)	UNKNOWN STEP	2026-09-07T01:13:23.2816153Z   it may be easiest to use pipx install xyz, which will manage a
validate (3.12)	UNKNOWN STEP	2026-09-07T01:13:23.2816842Z   virtual environment for you. Make sure you have pipx installed.
validate (3.12)	UNKNOWN STEP	2026-09-07T01:13:23.2817216Z 
validate (3.12)	UNKNOWN STEP	2026-09-07T01:13:23.2817394Z   See /usr/share/doc/python3.12/README.venv for more information.
validate (3.12)	UNKNOWN STEP	2026-09-07T01:13:23.2817634Z 
validate (3.12)	UNKNOWN STEP	2026-09-07T01:13:23.2817883Z hint: Virtual environments were not considered due to the `--system` flag
validate (3.12)	UNKNOWN STEP	2026-09-07T01:13:23.2832410Z ##[error]Process completed with exit code 2.
validate (3.12)	UNKNOWN STEP	2026-09-07T01:13:23.3003291Z Node 20 is being deprecated. This workflow is running with Node 24 by default. If you need to temporarily use Node 20, you can set the ACTIONS_ALLOW_USE_UNSECURE_NODE_VERSION=true environment variable. For more information see: https://github.blog/changelog/2025-09-19-deprecation-of-node-20-on-github-actions-runners/
validate (3.12)	UNKNOWN STEP	2026-09-07T01:13:23.3004721Z Post job cleanup.
validate (3.12)	UNKNOWN STEP	2026-09-07T01:13:23.3837279Z [command]/usr/bin/git version
validate (3.12)	UNKNOWN STEP	2026-09-07T01:13:23.3879577Z git version 2.55.0
validate (3.12)	UNKNOWN STEP	2026-09-07T01:13:23.4634576Z [command]/usr/bin/git config --local --name-only --get-regexp ^includeIf\.gitdir:
validate (3.12)	UNKNOWN STEP	2026-09-07T01:13:23.4671910Z [command]/usr/bin/git submodule foreach --recursive git config --local --show-origin --name-only --get-regexp remote.origin.url
validate (3.12)	UNKNOWN STEP	2026-09-07T01:13:23.5070952Z Cleaning up orphan processes
validate (3.12)	UNKNOWN STEP	2026-09-07T01:13:23.5390590Z ##[warning]Node.js 20 is deprecated. The following actions target Node.js 20 but are being forced to run on Node.js 24: actions/checkout@v4, astral-sh/setup-uv@v5. For more information see: https://github.blog/changelog/2025-09-19-deprecation-of-node-20-on-github-actions-runners/
