validate (3.13)	UNKNOWN STEP	﻿2026-09-12T01:42:03.4410224Z Current runner version: '2.337.0'
validate (3.13)	UNKNOWN STEP	2026-09-12T01:42:03.4435644Z ##[group]Runner Image Provisioner
validate (3.13)	UNKNOWN STEP	2026-09-12T01:42:03.4436522Z Hosted Compute Agent
validate (3.13)	UNKNOWN STEP	2026-09-12T01:42:03.4437299Z Version: 20260828.587
validate (3.13)	UNKNOWN STEP	2026-09-12T01:42:03.4446724Z ##[group]Runner Image
validate (3.13)	UNKNOWN STEP	2026-09-12T01:42:03.4447343Z Image: ubuntu-24.04
validate (3.13)	UNKNOWN STEP	2026-09-12T01:42:03.4448052Z Version: 20260907.300.1
validate (3.13)	UNKNOWN STEP	2026-09-12T01:42:04.6335574Z ##[group]Run actions/checkout@v4
validate (3.13)	UNKNOWN STEP	2026-09-12T01:42:04.6336337Z with:
validate (3.13)	UNKNOWN STEP	2026-09-12T01:42:04.6336847Z   repository: flypythoncom/python
validate (3.13)	UNKNOWN STEP	2026-09-12T01:42:05.4636725Z ##[group]Run astral-sh/setup-uv@v5
validate (3.13)	UNKNOWN STEP	2026-09-12T01:42:05.4638023Z with:
validate (3.13)	UNKNOWN STEP	2026-09-12T01:42:05.4638914Z   enable-cache: true
validate (3.13)	UNKNOWN STEP	2026-09-12T01:42:07.0452452Z ##[group]Run uv python install 3.13
validate (3.13)	UNKNOWN STEP	2026-09-12T01:42:07.0452928Z ^[[36;1muv python install 3.13^[[0m
validate (3.13)	UNKNOWN STEP	2026-09-12T01:42:07.0500972Z shell: /usr/bin/bash -e {0}
validate (3.13)	UNKNOWN STEP	2026-09-12T01:42:08.1725956Z ##[group]Run uv pip install --system -r requirements-dev.lock.txt ruff
validate (3.13)	UNKNOWN STEP	2026-09-12T01:42:08.1726527Z ^[[36;1muv pip install --system -r requirements-dev.lock.txt ruff^[[0m
validate (3.13)	UNKNOWN STEP	2026-09-12T01:42:08.1766938Z shell: /usr/bin/bash -e {0}
validate (3.13)	UNKNOWN STEP	2026-09-12T01:42:08.1767214Z env:
validate (3.13)	UNKNOWN STEP	2026-09-12T01:42:08.1767491Z   UV_CACHE_DIR: /home/runner/work/_temp/setup-uv-cache
validate (3.13)	UNKNOWN STEP	2026-09-12T01:42:08.1767825Z ##[endgroup]
validate (3.13)	UNKNOWN STEP	2026-09-12T01:42:08.3876385Z Using Python 3.12.3 environment at: /usr
validate (3.13)	UNKNOWN STEP	2026-09-12T01:42:08.3951537Z error: The interpreter at /usr is externally managed, and indicates the following:
validate (3.13)	UNKNOWN STEP	2026-09-12T01:42:08.3952242Z 
validate (3.13)	UNKNOWN STEP	2026-09-12T01:42:08.3952757Z   To install Python packages system-wide, try apt install
validate (3.13)	UNKNOWN STEP	2026-09-12T01:42:08.3953503Z   python3-xyz, where xyz is the package you are trying to
validate (3.13)	UNKNOWN STEP	2026-09-12T01:42:08.3954049Z   install.
validate (3.13)	UNKNOWN STEP	2026-09-12T01:42:08.3954846Z 
validate (3.13)	UNKNOWN STEP	2026-09-12T01:42:08.3955414Z   If you wish to install a non-Debian-packaged Python package,
validate (3.13)	UNKNOWN STEP	2026-09-12T01:42:08.3955952Z   create a virtual environment using python3 -m venv path/to/venv.
validate (3.13)	UNKNOWN STEP	2026-09-12T01:42:08.3956463Z   Then use path/to/venv/bin/python and path/to/venv/bin/pip. Make
validate (3.13)	UNKNOWN STEP	2026-09-12T01:42:08.3956851Z   sure you have python3-full installed.
validate (3.13)	UNKNOWN STEP	2026-09-12T01:42:08.3957045Z 
validate (3.13)	UNKNOWN STEP	2026-09-12T01:42:08.3957237Z   If you wish to install a non-Debian packaged Python application,
validate (3.13)	UNKNOWN STEP	2026-09-12T01:42:08.3957660Z   it may be easiest to use pipx install xyz, which will manage a
validate (3.13)	UNKNOWN STEP	2026-09-12T01:42:08.3958370Z   virtual environment for you. Make sure you have pipx installed.
validate (3.13)	UNKNOWN STEP	2026-09-12T01:42:08.3958804Z 
validate (3.13)	UNKNOWN STEP	2026-09-12T01:42:08.3959063Z   See /usr/share/doc/python3.12/README.venv for more information.
validate (3.13)	UNKNOWN STEP	2026-09-12T01:42:08.3959446Z 
validate (3.13)	UNKNOWN STEP	2026-09-12T01:42:08.3959658Z hint: Virtual environments were not considered due to the `--system` flag
validate (3.13)	UNKNOWN STEP	2026-09-12T01:42:08.3971682Z ##[error]Process completed with exit code 2.
validate (3.13)	UNKNOWN STEP	2026-09-12T01:42:08.4141805Z Node 20 is being deprecated. This workflow is running with Node 24 by default. If you need to temporarily use Node 20, you can set the ACTIONS_ALLOW_USE_UNSECURE_NODE_VERSION=true environment variable. For more information see: https://github.blog/changelog/2025-09-19-deprecation-of-node-20-on-github-actions-runners/
validate (3.13)	UNKNOWN STEP	2026-09-12T01:42:08.4143063Z Post job cleanup.
validate (3.13)	UNKNOWN STEP	2026-09-12T01:42:08.5021163Z [command]/usr/bin/git version
validate (3.13)	UNKNOWN STEP	2026-09-12T01:42:08.5061319Z git version 2.55.0
validate (3.13)	UNKNOWN STEP	2026-09-12T01:42:08.5806330Z [command]/usr/bin/git config --local --name-only --get-regexp ^includeIf\.gitdir:
validate (3.13)	UNKNOWN STEP	2026-09-12T01:42:08.5848595Z [command]/usr/bin/git submodule foreach --recursive git config --local --show-origin --name-only --get-regexp remote.origin.url
validate (3.13)	UNKNOWN STEP	2026-09-12T01:42:08.6255507Z Cleaning up orphan processes
validate (3.13)	UNKNOWN STEP	2026-09-12T01:42:08.6573180Z ##[warning]Node.js 20 is deprecated. The following actions target Node.js 20 but are being forced to run on Node.js 24: actions/checkout@v4, astral-sh/setup-uv@v5. For more information see: https://github.blog/changelog/2025-09-19-deprecation-of-node-20-on-github-actions-runners/
