validate (3.11)	UNKNOWN STEP	﻿2026-09-12T01:44:09.6934926Z Current runner version: '2.337.0'
validate (3.11)	UNKNOWN STEP	2026-09-12T01:44:09.6970311Z ##[group]Runner Image Provisioner
validate (3.11)	UNKNOWN STEP	2026-09-12T01:44:09.6971656Z Hosted Compute Agent
validate (3.11)	UNKNOWN STEP	2026-09-12T01:44:09.6972545Z Version: 20260828.587
validate (3.11)	UNKNOWN STEP	2026-09-12T01:44:09.6986521Z ##[group]Runner Image
validate (3.11)	UNKNOWN STEP	2026-09-12T01:44:09.6987601Z Image: ubuntu-24.04
validate (3.11)	UNKNOWN STEP	2026-09-12T01:44:09.6988596Z Version: 20260907.300.1
validate (3.11)	UNKNOWN STEP	2026-09-12T01:44:10.5327491Z ##[group]Run actions/checkout@v4
validate (3.11)	UNKNOWN STEP	2026-09-12T01:44:10.5328232Z with:
validate (3.11)	UNKNOWN STEP	2026-09-12T01:44:10.5328682Z   repository: flypythoncom/python
validate (3.11)	UNKNOWN STEP	2026-09-12T01:44:11.1942132Z ##[group]Run astral-sh/setup-uv@v5
validate (3.11)	UNKNOWN STEP	2026-09-12T01:44:11.1943521Z with:
validate (3.11)	UNKNOWN STEP	2026-09-12T01:44:11.1944461Z   enable-cache: true
validate (3.11)	UNKNOWN STEP	2026-09-12T01:44:12.4254136Z ##[group]Run uv python install 3.11
validate (3.11)	UNKNOWN STEP	2026-09-12T01:44:12.4254528Z ^[[36;1muv python install 3.11^[[0m
validate (3.11)	UNKNOWN STEP	2026-09-12T01:44:12.4296471Z shell: /usr/bin/bash -e {0}
validate (3.11)	UNKNOWN STEP	2026-09-12T01:44:13.4436967Z ##[group]Run uv venv --python 3.11
validate (3.11)	UNKNOWN STEP	2026-09-12T01:44:13.4437316Z ^[[36;1muv venv --python 3.11^[[0m
validate (3.11)	UNKNOWN STEP	2026-09-12T01:44:13.4437694Z ^[[36;1muv pip install -r requirements-dev.lock.txt ruff^[[0m
validate (3.11)	UNKNOWN STEP	2026-09-12T01:44:14.0767147Z ##[group]Run uv run ruff check .
validate (3.11)	UNKNOWN STEP	2026-09-12T01:44:14.0767463Z ^[[36;1muv run ruff check .^[[0m
validate (3.11)	UNKNOWN STEP	2026-09-12T01:44:14.0804156Z shell: /usr/bin/bash -e {0}
validate (3.11)	UNKNOWN STEP	2026-09-12T01:44:14.0804401Z env:
validate (3.11)	UNKNOWN STEP	2026-09-12T01:44:14.0804651Z   UV_CACHE_DIR: /home/runner/work/_temp/setup-uv-cache
validate (3.11)	UNKNOWN STEP	2026-09-12T01:44:14.0804959Z ##[endgroup]
validate (3.11)	UNKNOWN STEP	2026-09-12T01:44:14.0934252Z Using CPython 3.12.3 interpreter at: /usr/bin/python3.12
validate (3.11)	UNKNOWN STEP	2026-09-12T01:44:14.1026881Z Removed virtual environment at: .venv
validate (3.11)	UNKNOWN STEP	2026-09-12T01:44:14.1027397Z Creating virtual environment at: .venv
validate (3.11)	UNKNOWN STEP	2026-09-12T01:44:14.2576562Z Installed 6 packages in 5ms
validate (3.11)	UNKNOWN STEP	2026-09-12T01:44:14.2609774Z error: Failed to spawn: `ruff`
validate (3.11)	UNKNOWN STEP	2026-09-12T01:44:14.2610145Z   Caused by: No such file or directory (os error 2)
validate (3.11)	UNKNOWN STEP	2026-09-12T01:44:14.2639918Z ##[error]Process completed with exit code 2.
validate (3.11)	UNKNOWN STEP	2026-09-12T01:44:14.2835501Z Node 20 is being deprecated. This workflow is running with Node 24 by default. If you need to temporarily use Node 20, you can set the ACTIONS_ALLOW_USE_UNSECURE_NODE_VERSION=true environment variable. For more information see: https://github.blog/changelog/2025-09-19-deprecation-of-node-20-on-github-actions-runners/
validate (3.11)	UNKNOWN STEP	2026-09-12T01:44:14.2837285Z Post job cleanup.
validate (3.11)	UNKNOWN STEP	2026-09-12T01:44:14.3735107Z [command]/usr/bin/git version
validate (3.11)	UNKNOWN STEP	2026-09-12T01:44:14.3778428Z git version 2.55.0
validate (3.11)	UNKNOWN STEP	2026-09-12T01:44:14.4502613Z [command]/usr/bin/git config --local --name-only --get-regexp ^includeIf\.gitdir:
validate (3.11)	UNKNOWN STEP	2026-09-12T01:44:14.4542553Z [command]/usr/bin/git submodule foreach --recursive git config --local --show-origin --name-only --get-regexp remote.origin.url
validate (3.11)	UNKNOWN STEP	2026-09-12T01:44:14.4974181Z Cleaning up orphan processes
validate (3.11)	UNKNOWN STEP	2026-09-12T01:44:14.5246778Z ##[warning]Node.js 20 is deprecated. The following actions target Node.js 20 but are being forced to run on Node.js 24: actions/checkout@v4, astral-sh/setup-uv@v5. For more information see: https://github.blog/changelog/2025-09-19-deprecation-of-node-20-on-github-actions-runners/
