validate (3.11)	UNKNOWN STEP	﻿2026-09-12T06:29:10.0781646Z Current runner version: '2.337.0'
validate (3.11)	UNKNOWN STEP	2026-09-12T06:29:10.0809698Z ##[group]Runner Image Provisioner
validate (3.11)	UNKNOWN STEP	2026-09-12T06:29:10.0810933Z Hosted Compute Agent
validate (3.11)	UNKNOWN STEP	2026-09-12T06:29:10.0811974Z Version: 20260828.587
validate (3.11)	UNKNOWN STEP	2026-09-12T06:29:10.0824770Z ##[group]Runner Image
validate (3.11)	UNKNOWN STEP	2026-09-12T06:29:10.0825668Z Image: ubuntu-24.04
validate (3.11)	UNKNOWN STEP	2026-09-12T06:29:10.0826558Z Version: 20260907.300.1
validate (3.11)	UNKNOWN STEP	2026-09-12T06:29:10.8964175Z ##[group]Run actions/checkout@v4
validate (3.11)	UNKNOWN STEP	2026-09-12T06:29:10.8964869Z with:
validate (3.11)	UNKNOWN STEP	2026-09-12T06:29:10.8965313Z   repository: flypythoncom/python
validate (3.11)	UNKNOWN STEP	2026-09-12T06:29:11.5673092Z ##[group]Run astral-sh/setup-uv@v5
validate (3.11)	UNKNOWN STEP	2026-09-12T06:29:11.5674574Z with:
validate (3.11)	UNKNOWN STEP	2026-09-12T06:29:11.5675488Z   enable-cache: true
validate (3.11)	UNKNOWN STEP	2026-09-12T06:29:12.8582423Z ##[group]Run uv python install 3.11
validate (3.11)	UNKNOWN STEP	2026-09-12T06:29:12.8582800Z ^[[36;1muv python install 3.11^[[0m
validate (3.11)	UNKNOWN STEP	2026-09-12T06:29:12.8628972Z shell: /usr/bin/bash -e {0}
validate (3.11)	UNKNOWN STEP	2026-09-12T06:29:13.9700800Z ##[group]Run uv venv --python 3.11
validate (3.11)	UNKNOWN STEP	2026-09-12T06:29:13.9701156Z ^[[36;1muv venv --python 3.11^[[0m
validate (3.11)	UNKNOWN STEP	2026-09-12T06:29:13.9701532Z ^[[36;1muv pip install -r requirements-dev.lock.txt ruff^[[0m
validate (3.11)	UNKNOWN STEP	2026-09-12T06:29:13.9742929Z shell: /usr/bin/bash -e {0}
validate (3.11)	UNKNOWN STEP	2026-09-12T06:29:13.9743195Z env:
validate (3.11)	UNKNOWN STEP	2026-09-12T06:29:13.9743458Z   UV_CACHE_DIR: /home/runner/work/_temp/setup-uv-cache
validate (3.11)	UNKNOWN STEP	2026-09-12T06:29:13.9744095Z ##[endgroup]
validate (3.11)	UNKNOWN STEP	2026-09-12T06:29:14.1134827Z Using CPython 3.11.16
validate (3.11)	UNKNOWN STEP	2026-09-12T06:29:14.1135365Z Creating virtual environment at: .venv
validate (3.11)	UNKNOWN STEP	2026-09-12T06:29:14.1142758Z Activate with: .venv/bin/activate
validate (3.11)	UNKNOWN STEP	2026-09-12T06:29:14.5956200Z   × No solution found when resolving dependencies:
validate (3.11)	UNKNOWN STEP	2026-09-12T06:29:14.5956894Z   ╰─▶ Because the current Python version (3.11.16) does not satisfy
validate (3.11)	UNKNOWN STEP	2026-09-12T06:29:14.5957400Z       Python>=3.12 and contourpy==1.4.0 depends on Python>=3.12, we can
validate (3.11)	UNKNOWN STEP	2026-09-12T06:29:14.5957828Z       conclude that contourpy==1.4.0 cannot be used.
validate (3.11)	UNKNOWN STEP	2026-09-12T06:29:14.5958340Z       And because only contourpy<=1.4.0 is available and you require
validate (3.11)	UNKNOWN STEP	2026-09-12T06:29:14.5958797Z       contourpy==1.4.0, we can conclude that your requirements are
validate (3.11)	UNKNOWN STEP	2026-09-12T06:29:14.5959193Z       unsatisfiable.
validate (3.11)	UNKNOWN STEP	2026-09-12T06:29:14.6001078Z ##[error]Process completed with exit code 1.
validate (3.11)	UNKNOWN STEP	2026-09-12T06:29:14.6175964Z Node 20 is being deprecated. This workflow is running with Node 24 by default. If you need to temporarily use Node 20, you can set the ACTIONS_ALLOW_USE_UNSECURE_NODE_VERSION=true environment variable. For more information see: https://github.blog/changelog/2025-09-19-deprecation-of-node-20-on-github-actions-runners/
validate (3.11)	UNKNOWN STEP	2026-09-12T06:29:14.6177185Z Post job cleanup.
validate (3.11)	UNKNOWN STEP	2026-09-12T06:29:14.7036538Z [command]/usr/bin/git version
validate (3.11)	UNKNOWN STEP	2026-09-12T06:29:14.7078761Z git version 2.55.0
validate (3.11)	UNKNOWN STEP	2026-09-12T06:29:14.7805210Z [command]/usr/bin/git config --local --name-only --get-regexp ^includeIf\.gitdir:
validate (3.11)	UNKNOWN STEP	2026-09-12T06:29:14.7844318Z [command]/usr/bin/git submodule foreach --recursive git config --local --show-origin --name-only --get-regexp remote.origin.url
validate (3.11)	UNKNOWN STEP	2026-09-12T06:29:14.8240908Z Cleaning up orphan processes
validate (3.11)	UNKNOWN STEP	2026-09-12T06:29:14.8545680Z ##[warning]Node.js 20 is deprecated. The following actions target Node.js 20 but are being forced to run on Node.js 24: actions/checkout@v4, astral-sh/setup-uv@v5. For more information see: https://github.blog/changelog/2025-09-19-deprecation-of-node-20-on-github-actions-runners/
