validate (3.11)	UNKNOWN STEP	﻿2026-09-12T06:32:51.1078457Z Current runner version: '2.337.0'
validate (3.11)	UNKNOWN STEP	2026-09-12T06:32:51.1112876Z ##[group]Runner Image Provisioner
validate (3.11)	UNKNOWN STEP	2026-09-12T06:32:51.1114237Z Hosted Compute Agent
validate (3.11)	UNKNOWN STEP	2026-09-12T06:32:51.1115611Z Version: 20260828.587
validate (3.11)	UNKNOWN STEP	2026-09-12T06:32:51.1128861Z ##[group]Runner Image
validate (3.11)	UNKNOWN STEP	2026-09-12T06:32:51.1129791Z Image: ubuntu-24.04
validate (3.11)	UNKNOWN STEP	2026-09-12T06:32:51.1130858Z Version: 20260907.300.1
validate (3.11)	UNKNOWN STEP	2026-09-12T06:32:51.8579212Z ##[group]Run actions/checkout@v4
validate (3.11)	UNKNOWN STEP	2026-09-12T06:32:51.8579964Z with:
validate (3.11)	UNKNOWN STEP	2026-09-12T06:32:51.8580469Z   repository: flypythoncom/python
validate (3.11)	UNKNOWN STEP	2026-09-12T06:32:52.4580761Z ##[group]Run astral-sh/setup-uv@v5
validate (3.11)	UNKNOWN STEP	2026-09-12T06:32:52.4581852Z with:
validate (3.11)	UNKNOWN STEP	2026-09-12T06:32:52.4582658Z   enable-cache: true
validate (3.11)	UNKNOWN STEP	2026-09-12T06:32:53.7786596Z ##[group]Run uv python install 3.11
validate (3.11)	UNKNOWN STEP	2026-09-12T06:32:53.7787560Z ^[[36;1muv python install 3.11^[[0m
validate (3.11)	UNKNOWN STEP	2026-09-12T06:32:53.7844513Z shell: /usr/bin/bash -e {0}
validate (3.11)	UNKNOWN STEP	2026-09-12T06:32:54.8929264Z ##[group]Run uv venv --python 3.11
validate (3.11)	UNKNOWN STEP	2026-09-12T06:32:54.8929618Z ^[[36;1muv venv --python 3.11^[[0m
validate (3.11)	UNKNOWN STEP	2026-09-12T06:32:54.8929989Z ^[[36;1muv pip install -r requirements-dev.lock.txt ruff^[[0m
validate (3.11)	UNKNOWN STEP	2026-09-12T06:32:54.8969279Z shell: /usr/bin/bash -e {0}
validate (3.11)	UNKNOWN STEP	2026-09-12T06:32:54.8969539Z env:
validate (3.11)	UNKNOWN STEP	2026-09-12T06:32:54.8969802Z   UV_CACHE_DIR: /home/runner/work/_temp/setup-uv-cache
validate (3.11)	UNKNOWN STEP	2026-09-12T06:32:54.8970139Z ##[endgroup]
validate (3.11)	UNKNOWN STEP	2026-09-12T06:32:55.0315160Z Using CPython 3.11.16
validate (3.11)	UNKNOWN STEP	2026-09-12T06:32:55.0315964Z Creating virtual environment at: .venv
validate (3.11)	UNKNOWN STEP	2026-09-12T06:32:55.0324824Z Activate with: .venv/bin/activate
validate (3.11)	UNKNOWN STEP	2026-09-12T06:32:55.3912130Z   × No solution found when resolving dependencies:
validate (3.11)	UNKNOWN STEP	2026-09-12T06:32:55.3913222Z   ╰─▶ Because the current Python version (3.11.16) does not satisfy
validate (3.11)	UNKNOWN STEP	2026-09-12T06:32:55.3913738Z       Python>=3.12 and contourpy==1.4.0 depends on Python>=3.12, we can
validate (3.11)	UNKNOWN STEP	2026-09-12T06:32:55.3914164Z       conclude that contourpy==1.4.0 cannot be used.
validate (3.11)	UNKNOWN STEP	2026-09-12T06:32:55.3914664Z       And because only contourpy<=1.4.0 is available and you require
validate (3.11)	UNKNOWN STEP	2026-09-12T06:32:55.3915706Z       contourpy==1.4.0, we can conclude that your requirements are
validate (3.11)	UNKNOWN STEP	2026-09-12T06:32:55.3916330Z       unsatisfiable.
validate (3.11)	UNKNOWN STEP	2026-09-12T06:32:55.3969268Z ##[error]Process completed with exit code 1.
validate (3.11)	UNKNOWN STEP	2026-09-12T06:32:55.4149318Z Node 20 is being deprecated. This workflow is running with Node 24 by default. If you need to temporarily use Node 20, you can set the ACTIONS_ALLOW_USE_UNSECURE_NODE_VERSION=true environment variable. For more information see: https://github.blog/changelog/2025-09-19-deprecation-of-node-20-on-github-actions-runners/
validate (3.11)	UNKNOWN STEP	2026-09-12T06:32:55.4150601Z Post job cleanup.
validate (3.11)	UNKNOWN STEP	2026-09-12T06:32:55.5038389Z [command]/usr/bin/git version
validate (3.11)	UNKNOWN STEP	2026-09-12T06:32:55.5086338Z git version 2.55.0
validate (3.11)	UNKNOWN STEP	2026-09-12T06:32:55.6014848Z [command]/usr/bin/git config --local --name-only --get-regexp ^includeIf\.gitdir:
validate (3.11)	UNKNOWN STEP	2026-09-12T06:32:55.6064709Z [command]/usr/bin/git submodule foreach --recursive git config --local --show-origin --name-only --get-regexp remote.origin.url
validate (3.11)	UNKNOWN STEP	2026-09-12T06:32:55.6505713Z Cleaning up orphan processes
validate (3.11)	UNKNOWN STEP	2026-09-12T06:32:55.6983371Z ##[warning]Node.js 20 is deprecated. The following actions target Node.js 20 but are being forced to run on Node.js 24: actions/checkout@v4, astral-sh/setup-uv@v5. For more information see: https://github.blog/changelog/2025-09-19-deprecation-of-node-20-on-github-actions-runners/
