validate (3.13)	UNKNOWN STEP	﻿2026-09-12T06:29:13.5303974Z Current runner version: '2.337.0'
validate (3.13)	UNKNOWN STEP	2026-09-12T06:29:13.5327882Z ##[group]Runner Image Provisioner
validate (3.13)	UNKNOWN STEP	2026-09-12T06:29:13.5328977Z Hosted Compute Agent
validate (3.13)	UNKNOWN STEP	2026-09-12T06:29:13.5329608Z Version: 20260828.587
validate (3.13)	UNKNOWN STEP	2026-09-12T06:29:13.5338829Z ##[group]Runner Image
validate (3.13)	UNKNOWN STEP	2026-09-12T06:29:13.5339545Z Image: ubuntu-24.04
validate (3.13)	UNKNOWN STEP	2026-09-12T06:29:13.5340173Z Version: 20260907.300.1
validate (3.13)	UNKNOWN STEP	2026-09-12T06:29:14.3044683Z ##[group]Run actions/checkout@v4
validate (3.13)	UNKNOWN STEP	2026-09-12T06:29:14.3045427Z with:
validate (3.13)	UNKNOWN STEP	2026-09-12T06:29:14.3046092Z   repository: flypythoncom/python
validate (3.13)	UNKNOWN STEP	2026-09-12T06:29:14.9231108Z ##[group]Run astral-sh/setup-uv@v5
validate (3.13)	UNKNOWN STEP	2026-09-12T06:29:14.9232355Z with:
validate (3.13)	UNKNOWN STEP	2026-09-12T06:29:14.9233283Z   enable-cache: true
validate (3.13)	UNKNOWN STEP	2026-09-12T06:29:16.0964253Z ##[group]Run uv python install 3.13
validate (3.13)	UNKNOWN STEP	2026-09-12T06:29:16.0964686Z ^[[36;1muv python install 3.13^[[0m
validate (3.13)	UNKNOWN STEP	2026-09-12T06:29:16.1007972Z shell: /usr/bin/bash -e {0}
validate (3.13)	UNKNOWN STEP	2026-09-12T06:29:17.1443766Z ##[group]Run uv venv --python 3.13
validate (3.13)	UNKNOWN STEP	2026-09-12T06:29:17.1444103Z ^[[36;1muv venv --python 3.13^[[0m
validate (3.13)	UNKNOWN STEP	2026-09-12T06:29:17.1444447Z ^[[36;1muv pip install -r requirements-dev.lock.txt ruff^[[0m
validate (3.13)	UNKNOWN STEP	2026-09-12T06:29:18.0555350Z ##[group]Run .venv/bin/ruff check .
validate (3.13)	UNKNOWN STEP	2026-09-12T06:29:18.0555676Z ^[[36;1m.venv/bin/ruff check .^[[0m
validate (3.13)	UNKNOWN STEP	2026-09-12T06:29:18.0592873Z shell: /usr/bin/bash -e {0}
validate (3.13)	UNKNOWN STEP	2026-09-12T06:29:18.0593125Z env:
validate (3.13)	UNKNOWN STEP	2026-09-12T06:29:18.0593370Z   UV_CACHE_DIR: /home/runner/work/_temp/setup-uv-cache
validate (3.13)	UNKNOWN STEP	2026-09-12T06:29:18.0593683Z ##[endgroup]
validate (3.13)	UNKNOWN STEP	2026-09-12T06:29:18.0829352Z F401 [*] `json` imported but unused
validate (3.13)	UNKNOWN STEP	2026-09-12T06:29:18.0829903Z   --> courses/da-eda/starter/eda.py:9:8
validate (3.13)	UNKNOWN STEP	2026-09-12T06:29:18.0830187Z    |
validate (3.13)	UNKNOWN STEP	2026-09-12T06:29:18.0830410Z  7 | from __future__ import annotations
validate (3.13)	UNKNOWN STEP	2026-09-12T06:29:18.0830670Z  8 |
validate (3.13)	UNKNOWN STEP	2026-09-12T06:29:18.0830884Z  9 | import json
validate (3.13)	UNKNOWN STEP	2026-09-12T06:29:18.0831082Z    |        ^^^^
validate (3.13)	UNKNOWN STEP	2026-09-12T06:29:18.0831304Z 10 | from pathlib import Path
validate (3.13)	UNKNOWN STEP	2026-09-12T06:29:18.0831543Z    |
validate (3.13)	UNKNOWN STEP	2026-09-12T06:29:18.0831742Z help: Remove unused import: `json`
validate (3.13)	UNKNOWN STEP	2026-09-12T06:29:18.0831987Z   |
validate (3.13)	UNKNOWN STEP	2026-09-12T06:29:18.0832159Z 8 |
validate (3.13)	UNKNOWN STEP	2026-09-12T06:29:18.0832332Z   - import json
validate (3.13)	UNKNOWN STEP	2026-09-12T06:29:18.0832604Z 9 | from pathlib import Path
validate (3.13)	UNKNOWN STEP	2026-09-12T06:29:18.0832845Z   |
validate (3.13)	UNKNOWN STEP	2026-09-12T06:29:18.0832950Z 
validate (3.13)	UNKNOWN STEP	2026-09-12T06:29:18.0833058Z F401 [*] `pandas` imported but unused
validate (3.13)	UNKNOWN STEP	2026-09-12T06:29:18.0833347Z   --> courses/da-eda/starter/eda.py:12:18
validate (3.13)	UNKNOWN STEP	2026-09-12T06:29:18.0833605Z    |
validate (3.13)	UNKNOWN STEP	2026-09-12T06:29:18.0833795Z 10 | from pathlib import Path
validate (3.13)	UNKNOWN STEP	2026-09-12T06:29:18.0834022Z 11 |
validate (3.13)	UNKNOWN STEP	2026-09-12T06:29:18.0834221Z 12 | import pandas as pd
validate (3.13)	UNKNOWN STEP	2026-09-12T06:29:18.0834662Z    |                  ^^
validate (3.13)	UNKNOWN STEP	2026-09-12T06:29:18.0834868Z 13 |
validate (3.13)	UNKNOWN STEP	2026-09-12T06:29:18.0835197Z 14 | SCENARIO_DIR = Path(__file__).resolve().parent.parent / "scenario" / "shop-export"
validate (3.13)	UNKNOWN STEP	2026-09-12T06:29:18.0835599Z    |
validate (3.13)	UNKNOWN STEP	2026-09-12T06:29:18.0836067Z help: Remove unused import: `pandas`
validate (3.13)	UNKNOWN STEP	2026-09-12T06:29:18.0836340Z    |
validate (3.13)	UNKNOWN STEP	2026-09-12T06:29:18.0836503Z 11 |
validate (3.13)	UNKNOWN STEP	2026-09-12T06:29:18.0836701Z    - import pandas as pd
validate (3.13)	UNKNOWN STEP	2026-09-12T06:29:18.0836991Z 12 |
validate (3.13)	UNKNOWN STEP	2026-09-12T06:29:18.0837153Z    |
validate (3.13)	UNKNOWN STEP	2026-09-12T06:29:18.0837250Z 
validate (3.13)	UNKNOWN STEP	2026-09-12T06:29:18.0837342Z F401 [*] `json` imported but unused
validate (3.13)	UNKNOWN STEP	2026-09-12T06:29:18.0837679Z   --> courses/da-report/starter/report.py:9:8
validate (3.13)	UNKNOWN STEP	2026-09-12T06:29:18.0837954Z    |
validate (3.13)	UNKNOWN STEP	2026-09-12T06:29:18.0838147Z  7 | from __future__ import annotations
validate (3.13)	UNKNOWN STEP	2026-09-12T06:29:18.0838396Z  8 |
validate (3.13)	UNKNOWN STEP	2026-09-12T06:29:18.0838566Z  9 | import json
validate (3.13)	UNKNOWN STEP	2026-09-12T06:29:18.0838754Z    |        ^^^^
validate (3.13)	UNKNOWN STEP	2026-09-12T06:29:18.0838955Z 10 | from pathlib import Path
validate (3.13)	UNKNOWN STEP	2026-09-12T06:29:18.0839177Z    |
validate (3.13)	UNKNOWN STEP	2026-09-12T06:29:18.0839366Z help: Remove unused import: `json`
validate (3.13)	UNKNOWN STEP	2026-09-12T06:29:18.0839608Z   |
validate (3.13)	UNKNOWN STEP	2026-09-12T06:29:18.0839774Z 8 |
validate (3.13)	UNKNOWN STEP	2026-09-12T06:29:18.0839954Z   - import json
validate (3.13)	UNKNOWN STEP	2026-09-12T06:29:18.0840169Z 9 | from pathlib import Path
validate (3.13)	UNKNOWN STEP	2026-09-12T06:29:18.0840390Z   |
validate (3.13)	UNKNOWN STEP	2026-09-12T06:29:18.0840481Z 
validate (3.13)	UNKNOWN STEP	2026-09-12T06:29:18.0840577Z F401 [*] `json` imported but unused
validate (3.13)	UNKNOWN STEP	2026-09-12T06:29:18.0840877Z   --> courses/da-visualization/starter/charts.py:9:8
validate (3.13)	UNKNOWN STEP	2026-09-12T06:29:18.0841163Z    |
validate (3.13)	UNKNOWN STEP	2026-09-12T06:29:18.0841352Z  7 | from __future__ import annotations
validate (3.13)	UNKNOWN STEP	2026-09-12T06:29:18.0841597Z  8 |
validate (3.13)	UNKNOWN STEP	2026-09-12T06:29:18.0841767Z  9 | import json
validate (3.13)	UNKNOWN STEP	2026-09-12T06:29:18.0841953Z    |        ^^^^
validate (3.13)	UNKNOWN STEP	2026-09-12T06:29:18.0842151Z 10 | from pathlib import Path
validate (3.13)	UNKNOWN STEP	2026-09-12T06:29:18.0842380Z    |
validate (3.13)	UNKNOWN STEP	2026-09-12T06:29:18.0842563Z help: Remove unused import: `json`
validate (3.13)	UNKNOWN STEP	2026-09-12T06:29:18.0842801Z   |
validate (3.13)	UNKNOWN STEP	2026-09-12T06:29:18.0842966Z 8 |
validate (3.13)	UNKNOWN STEP	2026-09-12T06:29:18.0843133Z   - import json
validate (3.13)	UNKNOWN STEP	2026-09-12T06:29:18.0843336Z 9 | from pathlib import Path
validate (3.13)	UNKNOWN STEP	2026-09-12T06:29:18.0843558Z   |
validate (3.13)	UNKNOWN STEP	2026-09-12T06:29:18.0843658Z 
validate (3.13)	UNKNOWN STEP	2026-09-12T06:29:18.0843758Z F401 [*] `pandas` imported but unused
validate (3.13)	UNKNOWN STEP	2026-09-12T06:29:18.0844067Z   --> courses/da-visualization/starter/charts.py:12:18
validate (3.13)	UNKNOWN STEP	2026-09-12T06:29:18.0844358Z    |
validate (3.13)	UNKNOWN STEP	2026-09-12T06:29:18.0844541Z 10 | from pathlib import Path
validate (3.13)	UNKNOWN STEP	2026-09-12T06:29:18.0844763Z 11 |
validate (3.13)	UNKNOWN STEP	2026-09-12T06:29:18.0844937Z 12 | import pandas as pd
validate (3.13)	UNKNOWN STEP	2026-09-12T06:29:18.0845152Z    |                  ^^
validate (3.13)	UNKNOWN STEP	2026-09-12T06:29:18.0845347Z 13 |
validate (3.13)	UNKNOWN STEP	2026-09-12T06:29:18.0845659Z 14 | SCENARIO_DIR = Path(__file__).resolve().parent.parent / "scenario" / "sales-clean"
validate (3.13)	UNKNOWN STEP	2026-09-12T06:29:18.0846453Z    |
validate (3.13)	UNKNOWN STEP	2026-09-12T06:29:18.0847018Z help: Remove unused import: `pandas`
validate (3.13)	UNKNOWN STEP	2026-09-12T06:29:18.0847449Z    |
validate (3.13)	UNKNOWN STEP	2026-09-12T06:29:18.0847732Z 11 |
validate (3.13)	UNKNOWN STEP	2026-09-12T06:29:18.0848045Z    - import pandas as pd
validate (3.13)	UNKNOWN STEP	2026-09-12T06:29:18.0848410Z 12 |
validate (3.13)	UNKNOWN STEP	2026-09-12T06:29:18.0848691Z    |
validate (3.13)	UNKNOWN STEP	2026-09-12T06:29:18.0848860Z 
validate (3.13)	UNKNOWN STEP	2026-09-12T06:29:18.0849002Z Found 5 errors.
validate (3.13)	UNKNOWN STEP	2026-09-12T06:29:18.0849404Z [*] 5 fixable with the `--fix` option.
validate (3.13)	UNKNOWN STEP	2026-09-12T06:29:18.0865414Z ##[error]Process completed with exit code 1.
validate (3.13)	UNKNOWN STEP	2026-09-12T06:29:18.1060979Z Node 20 is being deprecated. This workflow is running with Node 24 by default. If you need to temporarily use Node 20, you can set the ACTIONS_ALLOW_USE_UNSECURE_NODE_VERSION=true environment variable. For more information see: https://github.blog/changelog/2025-09-19-deprecation-of-node-20-on-github-actions-runners/
validate (3.13)	UNKNOWN STEP	2026-09-12T06:29:18.1062200Z Post job cleanup.
validate (3.13)	UNKNOWN STEP	2026-09-12T06:29:18.1900216Z [command]/usr/bin/git version
validate (3.13)	UNKNOWN STEP	2026-09-12T06:29:18.1941799Z git version 2.55.0
validate (3.13)	UNKNOWN STEP	2026-09-12T06:29:18.1986470Z Temporarily overriding HOME='/home/runner/work/_temp/a20c5fcc-db8b-48e2-b0b6-38c619fe2c74' before making global git config changes
validate (3.13)	UNKNOWN STEP	2026-09-12T06:29:18.1988031Z Adding repository directory to the temporary git global config as a safe directory
validate (3.13)	UNKNOWN STEP	2026-09-12T06:29:18.2344939Z http.https://github.com/.extraheader
validate (3.13)	UNKNOWN STEP	2026-09-12T06:29:18.2357900Z [command]/usr/bin/git config --local --unset-all http.https://github.com/.extraheader
validate (3.13)	UNKNOWN STEP	2026-09-12T06:29:18.2391856Z [command]/usr/bin/git submodule foreach --recursive sh -c "git config --local --name-only --get-regexp 'http\.https\:\/\/github\.com\/\.extraheader' && git config --local --unset-all 'http.https://github.com/.extraheader' || :"
validate (3.13)	UNKNOWN STEP	2026-09-12T06:29:18.2644364Z [command]/usr/bin/git config --local --name-only --get-regexp ^includeIf\.gitdir:
validate (3.13)	UNKNOWN STEP	2026-09-12T06:29:18.2682913Z [command]/usr/bin/git submodule foreach --recursive git config --local --show-origin --name-only --get-regexp remote.origin.url
validate (3.13)	UNKNOWN STEP	2026-09-12T06:29:18.3064721Z Cleaning up orphan processes
validate (3.13)	UNKNOWN STEP	2026-09-12T06:29:18.3338888Z ##[warning]Node.js 20 is deprecated. The following actions target Node.js 20 but are being forced to run on Node.js 24: actions/checkout@v4, astral-sh/setup-uv@v5. For more information see: https://github.blog/changelog/2025-09-19-deprecation-of-node-20-on-github-actions-runners/
