validate (3.11)	UNKNOWN STEP	﻿2026-09-13T08:43:32.3977832Z Current runner version: '2.337.0'
validate (3.11)	UNKNOWN STEP	2026-09-13T08:43:32.4017069Z ##[group]Runner Image Provisioner
validate (3.11)	UNKNOWN STEP	2026-09-13T08:43:32.4018403Z Hosted Compute Agent
validate (3.11)	UNKNOWN STEP	2026-09-13T08:43:32.4020508Z Version: 20260828.587
validate (3.11)	UNKNOWN STEP	2026-09-13T08:43:32.4034950Z ##[group]Runner Image
validate (3.11)	UNKNOWN STEP	2026-09-13T08:43:32.4036035Z Image: ubuntu-24.04
validate (3.11)	UNKNOWN STEP	2026-09-13T08:43:32.4037148Z Version: 20260907.300.1
validate (3.11)	UNKNOWN STEP	2026-09-13T08:43:33.5156468Z ##[group]Run actions/checkout@v4
validate (3.11)	UNKNOWN STEP	2026-09-13T08:43:33.5157285Z with:
validate (3.11)	UNKNOWN STEP	2026-09-13T08:43:33.5157798Z   repository: flypythoncom/python
validate (3.11)	UNKNOWN STEP	2026-09-13T08:43:34.4302488Z ##[group]Run astral-sh/setup-uv@v5
validate (3.11)	UNKNOWN STEP	2026-09-13T08:43:34.4303668Z with:
validate (3.11)	UNKNOWN STEP	2026-09-13T08:43:34.4304531Z   enable-cache: true
validate (3.11)	UNKNOWN STEP	2026-09-13T08:43:36.8000528Z ##[group]Run uv python install 3.11
validate (3.11)	UNKNOWN STEP	2026-09-13T08:43:36.8000914Z ^[[36;1muv python install 3.11^[[0m
validate (3.11)	UNKNOWN STEP	2026-09-13T08:43:36.8044169Z shell: /usr/bin/bash -e {0}
validate (3.11)	UNKNOWN STEP	2026-09-13T08:43:37.9820372Z ##[group]Run uv venv --python 3.11
validate (3.11)	UNKNOWN STEP	2026-09-13T08:43:37.9820758Z ^[[36;1muv venv --python 3.11^[[0m
validate (3.11)	UNKNOWN STEP	2026-09-13T08:43:37.9821158Z ^[[36;1muv pip install -r requirements-dev.lock.txt ruff^[[0m
validate (3.11)	UNKNOWN STEP	2026-09-13T08:43:37.9857206Z shell: /usr/bin/bash -e {0}
validate (3.11)	UNKNOWN STEP	2026-09-13T08:43:37.9857463Z env:
validate (3.11)	UNKNOWN STEP	2026-09-13T08:43:37.9857714Z   UV_CACHE_DIR: /home/runner/work/_temp/setup-uv-cache
validate (3.11)	UNKNOWN STEP	2026-09-13T08:43:37.9858047Z ##[endgroup]
validate (3.11)	UNKNOWN STEP	2026-09-13T08:43:38.1243707Z Using CPython 3.11.16
validate (3.11)	UNKNOWN STEP	2026-09-13T08:43:38.1244066Z Creating virtual environment at: .venv
validate (3.11)	UNKNOWN STEP	2026-09-13T08:43:38.1254484Z Activate with: .venv/bin/activate
validate (3.11)	UNKNOWN STEP	2026-09-13T08:43:38.5891264Z   × No solution found when resolving dependencies:
validate (3.11)	UNKNOWN STEP	2026-09-13T08:43:38.5892366Z   ╰─▶ Because the current Python version (3.11.16) does not satisfy
validate (3.11)	UNKNOWN STEP	2026-09-13T08:43:38.5893203Z       Python>=3.12 and contourpy==1.4.0 depends on Python>=3.12, we can
validate (3.11)	UNKNOWN STEP	2026-09-13T08:43:38.5893929Z       conclude that contourpy==1.4.0 cannot be used.
validate (3.11)	UNKNOWN STEP	2026-09-13T08:43:38.5894739Z       And because only contourpy<=1.4.0 is available and you require
validate (3.11)	UNKNOWN STEP	2026-09-13T08:43:38.5895520Z       contourpy==1.4.0, we can conclude that your requirements are
validate (3.11)	UNKNOWN STEP	2026-09-13T08:43:38.5896142Z       unsatisfiable.
validate (3.11)	UNKNOWN STEP	2026-09-13T08:43:38.5933136Z ##[error]Process completed with exit code 1.
validate (3.11)	UNKNOWN STEP	2026-09-13T08:43:38.6103804Z Node 20 is being deprecated. This workflow is running with Node 24 by default. If you need to temporarily use Node 20, you can set the ACTIONS_ALLOW_USE_UNSECURE_NODE_VERSION=true environment variable. For more information see: https://github.blog/changelog/2025-09-19-deprecation-of-node-20-on-github-actions-runners/
validate (3.11)	UNKNOWN STEP	2026-09-13T08:43:38.6105102Z Post job cleanup.
validate (3.11)	UNKNOWN STEP	2026-09-13T08:43:38.6993579Z [command]/usr/bin/git version
validate (3.11)	UNKNOWN STEP	2026-09-13T08:43:38.7038087Z git version 2.55.0
validate (3.11)	UNKNOWN STEP	2026-09-13T08:43:38.7779540Z [command]/usr/bin/git config --local --name-only --get-regexp ^includeIf\.gitdir:
validate (3.11)	UNKNOWN STEP	2026-09-13T08:43:38.7824894Z [command]/usr/bin/git submodule foreach --recursive git config --local --show-origin --name-only --get-regexp remote.origin.url
validate (3.11)	UNKNOWN STEP	2026-09-13T08:43:38.8228831Z Cleaning up orphan processes
validate (3.11)	UNKNOWN STEP	2026-09-13T08:43:38.8506295Z ##[warning]Node.js 20 is deprecated. The following actions target Node.js 20 but are being forced to run on Node.js 24: actions/checkout@v4, astral-sh/setup-uv@v5. For more information see: https://github.blog/changelog/2025-09-19-deprecation-of-node-20-on-github-actions-runners/
