validate (3.13)	UNKNOWN STEP	﻿2026-09-13T15:23:22.6143282Z Current runner version: '2.337.0'
validate (3.13)	UNKNOWN STEP	2026-09-13T15:23:22.6179017Z ##[group]Runner Image Provisioner
validate (3.13)	UNKNOWN STEP	2026-09-13T15:23:22.6180336Z Hosted Compute Agent
validate (3.13)	UNKNOWN STEP	2026-09-13T15:23:22.6181482Z Version: 20260828.587
validate (3.13)	UNKNOWN STEP	2026-09-13T15:23:22.6193874Z ##[group]Runner Image
validate (3.13)	UNKNOWN STEP	2026-09-13T15:23:22.6194785Z Image: ubuntu-24.04
validate (3.13)	UNKNOWN STEP	2026-09-13T15:23:22.6195796Z Version: 20260907.300.1
validate (3.13)	UNKNOWN STEP	2026-09-13T15:23:23.4063561Z ##[group]Run actions/checkout@v4
validate (3.13)	UNKNOWN STEP	2026-09-13T15:23:23.4064250Z with:
validate (3.13)	UNKNOWN STEP	2026-09-13T15:23:23.4064709Z   repository: flypythoncom/python
validate (3.13)	UNKNOWN STEP	2026-09-13T15:23:24.0930795Z ##[group]Run astral-sh/setup-uv@v5
validate (3.13)	UNKNOWN STEP	2026-09-13T15:23:24.1008688Z with:
validate (3.13)	UNKNOWN STEP	2026-09-13T15:23:24.1009841Z   enable-cache: true
validate (3.13)	UNKNOWN STEP	2026-09-13T15:23:25.4223931Z ##[group]Run uv python install 3.13
validate (3.13)	UNKNOWN STEP	2026-09-13T15:23:25.4224327Z ^[[36;1muv python install 3.13^[[0m
validate (3.13)	UNKNOWN STEP	2026-09-13T15:23:25.4271009Z shell: /usr/bin/bash -e {0}
validate (3.13)	UNKNOWN STEP	2026-09-13T15:23:26.4239551Z ##[group]Run uv venv --python 3.13
validate (3.13)	UNKNOWN STEP	2026-09-13T15:23:26.4239908Z ^[[36;1muv venv --python 3.13^[[0m
validate (3.13)	UNKNOWN STEP	2026-09-13T15:23:26.4240299Z ^[[36;1muv pip install -r requirements-dev.lock.txt ruff^[[0m
validate (3.13)	UNKNOWN STEP	2026-09-13T15:23:27.5115067Z ##[group]Run .venv/bin/ruff check .
validate (3.13)	UNKNOWN STEP	2026-09-13T15:23:27.5115388Z ^[[36;1m.venv/bin/ruff check .^[[0m
validate (3.13)	UNKNOWN STEP	2026-09-13T15:23:27.5155832Z shell: /usr/bin/bash -e {0}
validate (3.13)	UNKNOWN STEP	2026-09-13T15:23:27.5156102Z env:
validate (3.13)	UNKNOWN STEP	2026-09-13T15:23:27.5156688Z   UV_CACHE_DIR: /home/runner/work/_temp/setup-uv-cache
validate (3.13)	UNKNOWN STEP	2026-09-13T15:23:27.5157010Z ##[endgroup]
validate (3.13)	UNKNOWN STEP	2026-09-13T15:23:27.5436394Z UP017 [*] Use `datetime.UTC` alias
validate (3.13)	UNKNOWN STEP	2026-09-13T15:23:27.5436919Z   --> tools/claim_receipt.py:88:36
validate (3.13)	UNKNOWN STEP	2026-09-13T15:23:27.5437375Z    |
validate (3.13)	UNKNOWN STEP	2026-09-13T15:23:27.5437679Z 86 |         "impl_sha256": impl_hash,
validate (3.13)	UNKNOWN STEP	2026-09-13T15:23:27.5438305Z 87 |         "solution_match": (impl_hash == solution_hash) if solution_hash else False,
validate (3.13)	UNKNOWN STEP	2026-09-13T15:23:27.5439281Z 88 |         "created_at": datetime.now(timezone.utc).isoformat(timespec="milliseconds").replace("+00:00", "Z"),
validate (3.13)	UNKNOWN STEP	2026-09-13T15:23:27.5440078Z    |                                    ^^^^^^^^^^^^
validate (3.13)	UNKNOWN STEP	2026-09-13T15:23:27.5440554Z 89 |         "nonce": secrets.token_hex(16),
validate (3.13)	UNKNOWN STEP	2026-09-13T15:23:27.5441070Z 90 |     }
validate (3.13)	UNKNOWN STEP	2026-09-13T15:23:27.5441357Z    |
validate (3.13)	UNKNOWN STEP	2026-09-13T15:23:27.5441678Z help: Convert to `datetime.UTC` alias
validate (3.13)	UNKNOWN STEP	2026-09-13T15:23:27.5442088Z    |
validate (3.13)	UNKNOWN STEP	2026-09-13T15:23:27.5442372Z 19 | import secrets
validate (3.13)	UNKNOWN STEP	2026-09-13T15:23:27.5442733Z    - from datetime import datetime, timezone
validate (3.13)	UNKNOWN STEP	2026-09-13T15:23:27.5443190Z 20 + from datetime import datetime, timezone, UTC
validate (3.13)	UNKNOWN STEP	2026-09-13T15:23:27.5443512Z 21 | from pathlib import Path
validate (3.13)	UNKNOWN STEP	2026-09-13T15:23:27.5443862Z --------------------------------------------------------------------------------
validate (3.13)	UNKNOWN STEP	2026-09-13T15:23:27.5444639Z 87 |         "solution_match": (impl_hash == solution_hash) if solution_hash else False,
validate (3.13)	UNKNOWN STEP	2026-09-13T15:23:27.5445234Z    -         "created_at": datetime.now(timezone.utc).isoformat(timespec="milliseconds").replace("+00:00", "Z"),
validate (3.13)	UNKNOWN STEP	2026-09-13T15:23:27.5446572Z 88 +         "created_at": datetime.now(UTC).isoformat(timespec="milliseconds").replace("+00:00", "Z"),
validate (3.13)	UNKNOWN STEP	2026-09-13T15:23:27.5447300Z 89 |         "nonce": secrets.token_hex(16),
validate (3.13)	UNKNOWN STEP	2026-09-13T15:23:27.5447711Z    |
validate (3.13)	UNKNOWN STEP	2026-09-13T15:23:27.5447889Z 
validate (3.13)	UNKNOWN STEP	2026-09-13T15:23:27.5448056Z B905 `zip()` without an explicit `strict=` parameter
validate (3.13)	UNKNOWN STEP	2026-09-13T15:23:27.5448418Z    --> tools/verify_courses.py:350:32
validate (3.13)	UNKNOWN STEP	2026-09-13T15:23:27.5448796Z     |
validate (3.13)	UNKNOWN STEP	2026-09-13T15:23:27.5449068Z 348 |               if verify and not BLOCK_RE.search(verify):
validate (3.13)	UNKNOWN STEP	2026-09-13T15:23:27.5449550Z 349 |                   problems.append(f"{member.name}: verify.py has no marked PER-COURSE BLOCK")
validate (3.13)	UNKNOWN STEP	2026-09-13T15:23:27.5450024Z 350 |               shapes.append(list(zip(
validate (3.13)	UNKNOWN STEP	2026-09-13T15:23:27.5450324Z     |  ________________________________^
validate (3.13)	UNKNOWN STEP	2026-09-13T15:23:27.5450663Z 351 | |                 re.findall(r'"id":\s*"(l\d+|capstone)"', verify),
validate (3.13)	UNKNOWN STEP	2026-09-13T15:23:27.5451037Z 352 | |                 re.findall(r'"gate":\s*"([a-z-]+)"', verify),
validate (3.13)	UNKNOWN STEP	2026-09-13T15:23:27.5451345Z 353 | |             )))
validate (3.13)	UNKNOWN STEP	2026-09-13T15:23:27.5451563Z     | |_____________^
validate (3.13)	UNKNOWN STEP	2026-09-13T15:23:27.5451841Z 354 |           for member, shape in zip(members[1:], shapes[1:]):
validate (3.13)	UNKNOWN STEP	2026-09-13T15:23:27.5452178Z 355 |               if shape != shapes[0]:
validate (3.13)	UNKNOWN STEP	2026-09-13T15:23:27.5452434Z     |
validate (3.13)	UNKNOWN STEP	2026-09-13T15:23:27.5452671Z help: Add explicit value for parameter `strict=`
validate (3.13)	UNKNOWN STEP	2026-09-13T15:23:27.5452884Z 
validate (3.13)	UNKNOWN STEP	2026-09-13T15:23:27.5453019Z B905 `zip()` without an explicit `strict=` parameter
validate (3.13)	UNKNOWN STEP	2026-09-13T15:23:27.5453361Z    --> tools/verify_courses.py:354:30
validate (3.13)	UNKNOWN STEP	2026-09-13T15:23:27.5453614Z     |
validate (3.13)	UNKNOWN STEP	2026-09-13T15:23:27.5453852Z 352 |                 re.findall(r'"gate":\s*"([a-z-]+)"', verify),
validate (3.13)	UNKNOWN STEP	2026-09-13T15:23:27.5454154Z 353 |             )))
validate (3.13)	UNKNOWN STEP	2026-09-13T15:23:27.5454428Z 354 |         for member, shape in zip(members[1:], shapes[1:]):
validate (3.13)	UNKNOWN STEP	2026-09-13T15:23:27.5454775Z     |                              ^^^^^^^^^^^^^^^^^^^^^^^^^^^^
validate (3.13)	UNKNOWN STEP	2026-09-13T15:23:27.5455079Z 355 |             if shape != shapes[0]:
validate (3.13)	UNKNOWN STEP	2026-09-13T15:23:27.5455360Z 356 |                 problems.append(
validate (3.13)	UNKNOWN STEP	2026-09-13T15:23:27.5455614Z     |
validate (3.13)	UNKNOWN STEP	2026-09-13T15:23:27.5455844Z help: Add explicit value for parameter `strict=`
validate (3.13)	UNKNOWN STEP	2026-09-13T15:23:27.5456054Z 
validate (3.13)	UNKNOWN STEP	2026-09-13T15:23:27.5456346Z Found 3 errors.
validate (3.13)	UNKNOWN STEP	2026-09-13T15:23:27.5457012Z [*] 1 fixable with the `--fix` option (2 hidden fixes can be enabled with the `--unsafe-fixes` option).
validate (3.13)	UNKNOWN STEP	2026-09-13T15:23:27.5468179Z ##[error]Process completed with exit code 1.
validate (3.13)	UNKNOWN STEP	2026-09-13T15:23:27.5638735Z Node 20 is being deprecated. This workflow is running with Node 24 by default. If you need to temporarily use Node 20, you can set the ACTIONS_ALLOW_USE_UNSECURE_NODE_VERSION=true environment variable. For more information see: https://github.blog/changelog/2025-09-19-deprecation-of-node-20-on-github-actions-runners/
validate (3.13)	UNKNOWN STEP	2026-09-13T15:23:27.5639948Z Post job cleanup.
validate (3.13)	UNKNOWN STEP	2026-09-13T15:23:27.6501452Z [command]/usr/bin/git version
validate (3.13)	UNKNOWN STEP	2026-09-13T15:23:27.6544658Z git version 2.55.0
validate (3.13)	UNKNOWN STEP	2026-09-13T15:23:27.7281589Z [command]/usr/bin/git config --local --name-only --get-regexp ^includeIf\.gitdir:
validate (3.13)	UNKNOWN STEP	2026-09-13T15:23:27.7332524Z [command]/usr/bin/git submodule foreach --recursive git config --local --show-origin --name-only --get-regexp remote.origin.url
validate (3.13)	UNKNOWN STEP	2026-09-13T15:23:27.7758169Z Cleaning up orphan processes
validate (3.13)	UNKNOWN STEP	2026-09-13T15:23:27.8034803Z ##[warning]Node.js 20 is deprecated. The following actions target Node.js 20 but are being forced to run on Node.js 24: actions/checkout@v4, astral-sh/setup-uv@v5. For more information see: https://github.blog/changelog/2025-09-19-deprecation-of-node-20-on-github-actions-runners/
