validate (3.11)	UNKNOWN STEP	﻿2026-09-13T17:04:41.1677982Z Current runner version: '2.337.0'
validate (3.11)	UNKNOWN STEP	2026-09-13T17:04:41.1714314Z ##[group]Runner Image Provisioner
validate (3.11)	UNKNOWN STEP	2026-09-13T17:04:41.1715828Z Hosted Compute Agent
validate (3.11)	UNKNOWN STEP	2026-09-13T17:04:41.1716874Z Version: 20260828.587
validate (3.11)	UNKNOWN STEP	2026-09-13T17:04:41.1730006Z ##[group]Runner Image
validate (3.11)	UNKNOWN STEP	2026-09-13T17:04:41.1731071Z Image: ubuntu-24.04
validate (3.11)	UNKNOWN STEP	2026-09-13T17:04:41.1732166Z Version: 20260907.300.1
validate (3.11)	UNKNOWN STEP	2026-09-13T17:04:41.9498360Z ##[group]Run actions/checkout@v4
validate (3.11)	UNKNOWN STEP	2026-09-13T17:04:41.9499040Z with:
validate (3.11)	UNKNOWN STEP	2026-09-13T17:04:41.9499482Z   repository: flypythoncom/python
validate (3.11)	UNKNOWN STEP	2026-09-13T17:04:42.6500603Z ##[group]Run astral-sh/setup-uv@v5
validate (3.11)	UNKNOWN STEP	2026-09-13T17:04:42.6501756Z with:
validate (3.11)	UNKNOWN STEP	2026-09-13T17:04:42.6502859Z   enable-cache: true
validate (3.11)	UNKNOWN STEP	2026-09-13T17:04:43.9668409Z ##[group]Run uv python install 3.11
validate (3.11)	UNKNOWN STEP	2026-09-13T17:04:43.9668779Z ^[[36;1muv python install 3.11^[[0m
validate (3.11)	UNKNOWN STEP	2026-09-13T17:04:43.9715351Z shell: /usr/bin/bash -e {0}
validate (3.11)	UNKNOWN STEP	2026-09-13T17:04:44.9206151Z ##[group]Run uv venv --python 3.11
validate (3.11)	UNKNOWN STEP	2026-09-13T17:04:44.9206505Z ^[[36;1muv venv --python 3.11^[[0m
validate (3.11)	UNKNOWN STEP	2026-09-13T17:04:44.9206885Z ^[[36;1muv pip install -r requirements-dev.lock.txt ruff^[[0m
validate (3.11)	UNKNOWN STEP	2026-09-13T17:04:44.9248632Z shell: /usr/bin/bash -e {0}
validate (3.11)	UNKNOWN STEP	2026-09-13T17:04:44.9248901Z env:
validate (3.11)	UNKNOWN STEP	2026-09-13T17:04:44.9249170Z   UV_CACHE_DIR: /home/runner/work/_temp/setup-uv-cache
validate (3.11)	UNKNOWN STEP	2026-09-13T17:04:44.9249489Z ##[endgroup]
validate (3.11)	UNKNOWN STEP	2026-09-13T17:04:45.0648749Z Using CPython 3.11.16
validate (3.11)	UNKNOWN STEP	2026-09-13T17:04:45.0649232Z Creating virtual environment at: .venv
validate (3.11)	UNKNOWN STEP	2026-09-13T17:04:45.0657162Z Activate with: .venv/bin/activate
validate (3.11)	UNKNOWN STEP	2026-09-13T17:04:45.5156932Z   × No solution found when resolving dependencies:
validate (3.11)	UNKNOWN STEP	2026-09-13T17:04:45.5157851Z   ╰─▶ Because the current Python version (3.11.16) does not satisfy
validate (3.11)	UNKNOWN STEP	2026-09-13T17:04:45.5158553Z       Python>=3.12 and contourpy==1.4.0 depends on Python>=3.12, we can
validate (3.11)	UNKNOWN STEP	2026-09-13T17:04:45.5159175Z       conclude that contourpy==1.4.0 cannot be used.
validate (3.11)	UNKNOWN STEP	2026-09-13T17:04:45.5159892Z       And because only contourpy<=1.4.0 is available and you require
validate (3.11)	UNKNOWN STEP	2026-09-13T17:04:45.5160556Z       contourpy==1.4.0, we can conclude that your requirements are
validate (3.11)	UNKNOWN STEP	2026-09-13T17:04:45.5161051Z       unsatisfiable.
validate (3.11)	UNKNOWN STEP	2026-09-13T17:04:45.5210868Z ##[error]Process completed with exit code 1.
validate (3.11)	UNKNOWN STEP	2026-09-13T17:04:45.5384418Z Node 20 is being deprecated. This workflow is running with Node 24 by default. If you need to temporarily use Node 20, you can set the ACTIONS_ALLOW_USE_UNSECURE_NODE_VERSION=true environment variable. For more information see: https://github.blog/changelog/2025-09-19-deprecation-of-node-20-on-github-actions-runners/
validate (3.11)	UNKNOWN STEP	2026-09-13T17:04:45.5385614Z Post job cleanup.
validate (3.11)	UNKNOWN STEP	2026-09-13T17:04:45.6269503Z [command]/usr/bin/git version
validate (3.11)	UNKNOWN STEP	2026-09-13T17:04:45.6312823Z git version 2.55.0
validate (3.11)	UNKNOWN STEP	2026-09-13T17:04:45.7072626Z [command]/usr/bin/git config --local --name-only --get-regexp ^includeIf\.gitdir:
validate (3.11)	UNKNOWN STEP	2026-09-13T17:04:45.7123160Z [command]/usr/bin/git submodule foreach --recursive git config --local --show-origin --name-only --get-regexp remote.origin.url
validate (3.11)	UNKNOWN STEP	2026-09-13T17:04:45.7597933Z Cleaning up orphan processes
validate (3.11)	UNKNOWN STEP	2026-09-13T17:04:45.7879669Z ##[warning]Node.js 20 is deprecated. The following actions target Node.js 20 but are being forced to run on Node.js 24: actions/checkout@v4, astral-sh/setup-uv@v5. For more information see: https://github.blog/changelog/2025-09-19-deprecation-of-node-20-on-github-actions-runners/
