validate (3.11)	UNKNOWN STEP	﻿2026-09-13T17:11:18.2194311Z Current runner version: '2.337.0'
validate (3.11)	UNKNOWN STEP	2026-09-13T17:11:18.2215493Z ##[group]Runner Image Provisioner
validate (3.11)	UNKNOWN STEP	2026-09-13T17:11:18.2216182Z Hosted Compute Agent
validate (3.11)	UNKNOWN STEP	2026-09-13T17:11:18.2216726Z Version: 20260828.587
validate (3.11)	UNKNOWN STEP	2026-09-13T17:11:18.2223751Z ##[group]Runner Image
validate (3.11)	UNKNOWN STEP	2026-09-13T17:11:18.2224249Z Image: ubuntu-24.04
validate (3.11)	UNKNOWN STEP	2026-09-13T17:11:18.2224731Z Version: 20260907.300.1
validate (3.11)	UNKNOWN STEP	2026-09-13T17:11:19.7377527Z ##[group]Run actions/checkout@v4
validate (3.11)	UNKNOWN STEP	2026-09-13T17:11:19.7378107Z with:
validate (3.11)	UNKNOWN STEP	2026-09-13T17:11:19.7378538Z   repository: flypythoncom/python
validate (3.11)	UNKNOWN STEP	2026-09-13T17:11:21.1552250Z ##[group]Run astral-sh/setup-uv@v5
validate (3.11)	UNKNOWN STEP	2026-09-13T17:11:21.1553284Z with:
validate (3.11)	UNKNOWN STEP	2026-09-13T17:11:21.1553982Z   enable-cache: true
validate (3.11)	UNKNOWN STEP	2026-09-13T17:11:23.0217084Z ##[group]Run uv python install 3.11
validate (3.11)	UNKNOWN STEP	2026-09-13T17:11:23.0217384Z ^[[36;1muv python install 3.11^[[0m
validate (3.11)	UNKNOWN STEP	2026-09-13T17:11:23.0255904Z shell: /usr/bin/bash -e {0}
validate (3.11)	UNKNOWN STEP	2026-09-13T17:11:24.3720182Z ##[group]Run uv venv --python 3.11
validate (3.11)	UNKNOWN STEP	2026-09-13T17:11:24.3720481Z ^[[36;1muv venv --python 3.11^[[0m
validate (3.11)	UNKNOWN STEP	2026-09-13T17:11:24.3720824Z ^[[36;1muv pip install -r requirements-dev.lock.txt ruff^[[0m
validate (3.11)	UNKNOWN STEP	2026-09-13T17:11:24.3753623Z shell: /usr/bin/bash -e {0}
validate (3.11)	UNKNOWN STEP	2026-09-13T17:11:24.3753851Z env:
validate (3.11)	UNKNOWN STEP	2026-09-13T17:11:24.3754068Z   UV_CACHE_DIR: /home/runner/work/_temp/setup-uv-cache
validate (3.11)	UNKNOWN STEP	2026-09-13T17:11:24.3754346Z ##[endgroup]
validate (3.11)	UNKNOWN STEP	2026-09-13T17:11:24.4855082Z Using CPython 3.11.16
validate (3.11)	UNKNOWN STEP	2026-09-13T17:11:24.4855387Z Creating virtual environment at: .venv
validate (3.11)	UNKNOWN STEP	2026-09-13T17:11:24.4861306Z Activate with: .venv/bin/activate
validate (3.11)	UNKNOWN STEP	2026-09-13T17:11:24.7950581Z   × No solution found when resolving dependencies:
validate (3.11)	UNKNOWN STEP	2026-09-13T17:11:24.7951056Z   ╰─▶ Because the current Python version (3.11.16) does not satisfy
validate (3.11)	UNKNOWN STEP	2026-09-13T17:11:24.7951426Z       Python>=3.12 and contourpy==1.4.0 depends on Python>=3.12, we can
validate (3.11)	UNKNOWN STEP	2026-09-13T17:11:24.7951771Z       conclude that contourpy==1.4.0 cannot be used.
validate (3.11)	UNKNOWN STEP	2026-09-13T17:11:24.7952196Z       And because only contourpy<=1.4.0 is available and you require
validate (3.11)	UNKNOWN STEP	2026-09-13T17:11:24.7952554Z       contourpy==1.4.0, we can conclude that your requirements are
validate (3.11)	UNKNOWN STEP	2026-09-13T17:11:24.7952831Z       unsatisfiable.
validate (3.11)	UNKNOWN STEP	2026-09-13T17:11:24.7993294Z ##[error]Process completed with exit code 1.
validate (3.11)	UNKNOWN STEP	2026-09-13T17:11:24.8126788Z Node 20 is being deprecated. This workflow is running with Node 24 by default. If you need to temporarily use Node 20, you can set the ACTIONS_ALLOW_USE_UNSECURE_NODE_VERSION=true environment variable. For more information see: https://github.blog/changelog/2025-09-19-deprecation-of-node-20-on-github-actions-runners/
validate (3.11)	UNKNOWN STEP	2026-09-13T17:11:24.8127736Z Post job cleanup.
validate (3.11)	UNKNOWN STEP	2026-09-13T17:11:24.8926476Z [command]/usr/bin/git version
validate (3.11)	UNKNOWN STEP	2026-09-13T17:11:24.9001495Z git version 2.55.0
validate (3.11)	UNKNOWN STEP	2026-09-13T17:11:24.9742624Z [command]/usr/bin/git config --local --name-only --get-regexp ^includeIf\.gitdir:
validate (3.11)	UNKNOWN STEP	2026-09-13T17:11:24.9777278Z [command]/usr/bin/git submodule foreach --recursive git config --local --show-origin --name-only --get-regexp remote.origin.url
validate (3.11)	UNKNOWN STEP	2026-09-13T17:11:25.0100633Z Cleaning up orphan processes
validate (3.11)	UNKNOWN STEP	2026-09-13T17:11:25.0357241Z ##[warning]Node.js 20 is deprecated. The following actions target Node.js 20 but are being forced to run on Node.js 24: actions/checkout@v4, astral-sh/setup-uv@v5. For more information see: https://github.blog/changelog/2025-09-19-deprecation-of-node-20-on-github-actions-runners/
validate (3.12)	UNKNOWN STEP	﻿2026-09-13T17:11:18.5788909Z Current runner version: '2.337.0'
validate (3.12)	UNKNOWN STEP	2026-09-13T17:11:18.5813544Z ##[group]Runner Image Provisioner
validate (3.12)	UNKNOWN STEP	2026-09-13T17:11:18.5814592Z Hosted Compute Agent
validate (3.12)	UNKNOWN STEP	2026-09-13T17:11:18.5815198Z Version: 20260828.587
validate (3.12)	UNKNOWN STEP	2026-09-13T17:11:18.5824109Z ##[group]Runner Image
validate (3.12)	UNKNOWN STEP	2026-09-13T17:11:18.5824859Z Image: ubuntu-24.04
validate (3.12)	UNKNOWN STEP	2026-09-13T17:11:18.5825424Z Version: 20260907.300.1
validate (3.12)	UNKNOWN STEP	2026-09-13T17:11:19.5809739Z ##[group]Run actions/checkout@v4
validate (3.12)	UNKNOWN STEP	2026-09-13T17:11:19.5810478Z with:
validate (3.12)	UNKNOWN STEP	2026-09-13T17:11:19.5810929Z   repository: flypythoncom/python
validate (3.12)	UNKNOWN STEP	2026-09-13T17:11:20.3651351Z ##[group]Run astral-sh/setup-uv@v5
validate (3.12)	UNKNOWN STEP	2026-09-13T17:11:20.3652673Z with:
validate (3.12)	UNKNOWN STEP	2026-09-13T17:11:20.3653985Z   enable-cache: true
validate (3.12)	UNKNOWN STEP	2026-09-13T17:11:21.9316652Z ##[group]Run uv python install 3.12
validate (3.12)	UNKNOWN STEP	2026-09-13T17:11:21.9317208Z ^[[36;1muv python install 3.12^[[0m
validate (3.12)	UNKNOWN STEP	2026-09-13T17:11:21.9368235Z shell: /usr/bin/bash -e {0}
validate (3.12)	UNKNOWN STEP	2026-09-13T17:11:23.0074205Z ##[group]Run uv venv --python 3.12
validate (3.12)	UNKNOWN STEP	2026-09-13T17:11:23.0074572Z ^[[36;1muv venv --python 3.12^[[0m
validate (3.12)	UNKNOWN STEP	2026-09-13T17:11:23.0074951Z ^[[36;1muv pip install -r requirements-dev.lock.txt ruff^[[0m
validate (3.12)	UNKNOWN STEP	2026-09-13T17:11:24.0525996Z ##[group]Run .venv/bin/ruff check .
validate (3.12)	UNKNOWN STEP	2026-09-13T17:11:24.0526333Z ^[[36;1m.venv/bin/ruff check .^[[0m
validate (3.12)	UNKNOWN STEP	2026-09-13T17:11:24.0563129Z shell: /usr/bin/bash -e {0}
validate (3.12)	UNKNOWN STEP	2026-09-13T17:11:24.0563655Z env:
validate (3.12)	UNKNOWN STEP	2026-09-13T17:11:24.0563909Z   UV_CACHE_DIR: /home/runner/work/_temp/setup-uv-cache
validate (3.12)	UNKNOWN STEP	2026-09-13T17:11:24.0564225Z ##[endgroup]
validate (3.12)	UNKNOWN STEP	2026-09-13T17:11:24.0849870Z UP017 [*] Use `datetime.UTC` alias
validate (3.12)	UNKNOWN STEP	2026-09-13T17:11:24.0850453Z   --> tools/claim_receipt.py:88:36
validate (3.12)	UNKNOWN STEP	2026-09-13T17:11:24.0850761Z    |
validate (3.12)	UNKNOWN STEP	2026-09-13T17:11:24.0850964Z 86 |         "impl_sha256": impl_hash,
validate (3.12)	UNKNOWN STEP	2026-09-13T17:11:24.0851364Z 87 |         "solution_match": (impl_hash == solution_hash) if solution_hash else False,
validate (3.12)	UNKNOWN STEP	2026-09-13T17:11:24.0851977Z 88 |         "created_at": datetime.now(timezone.utc).isoformat(timespec="milliseconds").replace("+00:00", "Z"),
validate (3.12)	UNKNOWN STEP	2026-09-13T17:11:24.0852476Z    |                                    ^^^^^^^^^^^^
validate (3.12)	UNKNOWN STEP	2026-09-13T17:11:24.0852773Z 89 |         "nonce": secrets.token_hex(16),
validate (3.12)	UNKNOWN STEP	2026-09-13T17:11:24.0853104Z 90 |     }
validate (3.12)	UNKNOWN STEP	2026-09-13T17:11:24.0853543Z    |
validate (3.12)	UNKNOWN STEP	2026-09-13T17:11:24.0853789Z help: Convert to `datetime.UTC` alias
validate (3.12)	UNKNOWN STEP	2026-09-13T17:11:24.0854059Z    |
validate (3.12)	UNKNOWN STEP	2026-09-13T17:11:24.0854236Z 19 | import secrets
validate (3.12)	UNKNOWN STEP	2026-09-13T17:11:24.0854478Z    - from datetime import datetime, timezone
validate (3.12)	UNKNOWN STEP	2026-09-13T17:11:24.0854808Z 20 + from datetime import datetime, timezone, UTC
validate (3.12)	UNKNOWN STEP	2026-09-13T17:11:24.0855122Z 21 | from pathlib import Path
validate (3.12)	UNKNOWN STEP	2026-09-13T17:11:24.0855446Z --------------------------------------------------------------------------------
validate (3.12)	UNKNOWN STEP	2026-09-13T17:11:24.0856145Z 87 |         "solution_match": (impl_hash == solution_hash) if solution_hash else False,
validate (3.12)	UNKNOWN STEP	2026-09-13T17:11:24.0856780Z    -         "created_at": datetime.now(timezone.utc).isoformat(timespec="milliseconds").replace("+00:00", "Z"),
validate (3.12)	UNKNOWN STEP	2026-09-13T17:11:24.0857430Z 88 +         "created_at": datetime.now(UTC).isoformat(timespec="milliseconds").replace("+00:00", "Z"),
validate (3.12)	UNKNOWN STEP	2026-09-13T17:11:24.0857883Z 89 |         "nonce": secrets.token_hex(16),
validate (3.12)	UNKNOWN STEP	2026-09-13T17:11:24.0858135Z    |
validate (3.12)	UNKNOWN STEP	2026-09-13T17:11:24.0858242Z 
validate (3.12)	UNKNOWN STEP	2026-09-13T17:11:24.0858376Z B905 `zip()` without an explicit `strict=` parameter
validate (3.12)	UNKNOWN STEP	2026-09-13T17:11:24.0858688Z    --> tools/verify_courses.py:350:32
validate (3.12)	UNKNOWN STEP	2026-09-13T17:11:24.0858960Z     |
validate (3.12)	UNKNOWN STEP	2026-09-13T17:11:24.0859300Z 348 |               if verify and not BLOCK_RE.search(verify):
validate (3.12)	UNKNOWN STEP	2026-09-13T17:11:24.0859756Z 349 |                   problems.append(f"{member.name}: verify.py has no marked PER-COURSE BLOCK")
validate (3.12)	UNKNOWN STEP	2026-09-13T17:11:24.0860196Z 350 |               shapes.append(list(zip(
validate (3.12)	UNKNOWN STEP	2026-09-13T17:11:24.0860467Z     |  ________________________________^
validate (3.12)	UNKNOWN STEP	2026-09-13T17:11:24.0860780Z 351 | |                 re.findall(r'"id":\s*"(l\d+|capstone)"', verify),
validate (3.12)	UNKNOWN STEP	2026-09-13T17:11:24.0861621Z 352 | |                 re.findall(r'"gate":\s*"([a-z-]+)"', verify),
validate (3.12)	UNKNOWN STEP	2026-09-13T17:11:24.0862186Z 353 | |             )))
validate (3.12)	UNKNOWN STEP	2026-09-13T17:11:24.0862513Z     | |_____________^
validate (3.12)	UNKNOWN STEP	2026-09-13T17:11:24.0862970Z 354 |           for member, shape in zip(members[1:], shapes[1:]):
validate (3.12)	UNKNOWN STEP	2026-09-13T17:11:24.0863695Z 355 |               if shape != shapes[0]:
validate (3.12)	UNKNOWN STEP	2026-09-13T17:11:24.0863959Z     |
validate (3.12)	UNKNOWN STEP	2026-09-13T17:11:24.0864184Z help: Add explicit value for parameter `strict=`
validate (3.12)	UNKNOWN STEP	2026-09-13T17:11:24.0864404Z 
validate (3.12)	UNKNOWN STEP	2026-09-13T17:11:24.0864535Z B905 `zip()` without an explicit `strict=` parameter
validate (3.12)	UNKNOWN STEP	2026-09-13T17:11:24.0864855Z    --> tools/verify_courses.py:354:30
validate (3.12)	UNKNOWN STEP	2026-09-13T17:11:24.0865142Z     |
validate (3.12)	UNKNOWN STEP	2026-09-13T17:11:24.0865376Z 352 |                 re.findall(r'"gate":\s*"([a-z-]+)"', verify),
validate (3.12)	UNKNOWN STEP	2026-09-13T17:11:24.0865695Z 353 |             )))
validate (3.12)	UNKNOWN STEP	2026-09-13T17:11:24.0865964Z 354 |         for member, shape in zip(members[1:], shapes[1:]):
validate (3.12)	UNKNOWN STEP	2026-09-13T17:11:24.0866299Z     |                              ^^^^^^^^^^^^^^^^^^^^^^^^^^^^
validate (3.12)	UNKNOWN STEP	2026-09-13T17:11:24.0866594Z 355 |             if shape != shapes[0]:
validate (3.12)	UNKNOWN STEP	2026-09-13T17:11:24.0866870Z 356 |                 problems.append(
validate (3.12)	UNKNOWN STEP	2026-09-13T17:11:24.0867130Z     |
validate (3.12)	UNKNOWN STEP	2026-09-13T17:11:24.0867361Z help: Add explicit value for parameter `strict=`
validate (3.12)	UNKNOWN STEP	2026-09-13T17:11:24.0867581Z 
validate (3.12)	UNKNOWN STEP	2026-09-13T17:11:24.0867661Z Found 3 errors.
validate (3.12)	UNKNOWN STEP	2026-09-13T17:11:24.0868285Z [*] 1 fixable with the `--fix` option (2 hidden fixes can be enabled with the `--unsafe-fixes` option).
validate (3.12)	UNKNOWN STEP	2026-09-13T17:11:24.0879579Z ##[error]Process completed with exit code 1.
validate (3.12)	UNKNOWN STEP	2026-09-13T17:11:24.1078216Z Node 20 is being deprecated. This workflow is running with Node 24 by default. If you need to temporarily use Node 20, you can set the ACTIONS_ALLOW_USE_UNSECURE_NODE_VERSION=true environment variable. For more information see: https://github.blog/changelog/2025-09-19-deprecation-of-node-20-on-github-actions-runners/
validate (3.12)	UNKNOWN STEP	2026-09-13T17:11:24.1079466Z Post job cleanup.
validate (3.12)	UNKNOWN STEP	2026-09-13T17:11:24.1923531Z [command]/usr/bin/git version
validate (3.12)	UNKNOWN STEP	2026-09-13T17:11:24.1968695Z git version 2.55.0
validate (3.12)	UNKNOWN STEP	2026-09-13T17:11:24.2709223Z [command]/usr/bin/git config --local --name-only --get-regexp ^includeIf\.gitdir:
validate (3.12)	UNKNOWN STEP	2026-09-13T17:11:24.2758220Z [command]/usr/bin/git submodule foreach --recursive git config --local --show-origin --name-only --get-regexp remote.origin.url
validate (3.12)	UNKNOWN STEP	2026-09-13T17:11:24.3190655Z Cleaning up orphan processes
validate (3.12)	UNKNOWN STEP	2026-09-13T17:11:24.3467363Z ##[warning]Node.js 20 is deprecated. The following actions target Node.js 20 but are being forced to run on Node.js 24: actions/checkout@v4, astral-sh/setup-uv@v5. For more information see: https://github.blog/changelog/2025-09-19-deprecation-of-node-20-on-github-actions-runners/
