validate (3.12)	UNKNOWN STEP	﻿2026-09-13T17:15:00.2761121Z Current runner version: '2.337.0'
validate (3.12)	UNKNOWN STEP	2026-09-13T17:15:00.2787111Z ##[group]Runner Image Provisioner
validate (3.12)	UNKNOWN STEP	2026-09-13T17:15:00.2788041Z Hosted Compute Agent
validate (3.12)	UNKNOWN STEP	2026-09-13T17:15:00.2788684Z Version: 20260828.587
validate (3.12)	UNKNOWN STEP	2026-09-13T17:15:00.2797107Z ##[group]Runner Image
validate (3.12)	UNKNOWN STEP	2026-09-13T17:15:00.2797761Z Image: ubuntu-24.04
validate (3.12)	UNKNOWN STEP	2026-09-13T17:15:00.2798327Z Version: 20260907.300.1
validate (3.12)	UNKNOWN STEP	2026-09-13T17:15:01.3076058Z ##[group]Run actions/checkout@v4
validate (3.12)	UNKNOWN STEP	2026-09-13T17:15:01.3076899Z with:
validate (3.12)	UNKNOWN STEP	2026-09-13T17:15:01.3077400Z   repository: flypythoncom/python
validate (3.12)	UNKNOWN STEP	2026-09-13T17:15:02.1516846Z ##[group]Run astral-sh/setup-uv@v5
validate (3.12)	UNKNOWN STEP	2026-09-13T17:15:02.1518041Z with:
validate (3.12)	UNKNOWN STEP	2026-09-13T17:15:02.1518932Z   enable-cache: true
validate (3.12)	UNKNOWN STEP	2026-09-13T17:15:03.5187557Z ##[group]Run uv python install 3.12
validate (3.12)	UNKNOWN STEP	2026-09-13T17:15:03.5188833Z ^[[36;1muv python install 3.12^[[0m
validate (3.12)	UNKNOWN STEP	2026-09-13T17:15:03.5234803Z shell: /usr/bin/bash -e {0}
validate (3.12)	UNKNOWN STEP	2026-09-13T17:15:04.5253773Z ##[group]Run uv venv --python 3.12
validate (3.12)	UNKNOWN STEP	2026-09-13T17:15:04.5254157Z ^[[36;1muv venv --python 3.12^[[0m
validate (3.12)	UNKNOWN STEP	2026-09-13T17:15:04.5254518Z ^[[36;1muv pip install -r requirements-dev.lock.txt ruff^[[0m
validate (3.12)	UNKNOWN STEP	2026-09-13T17:15:05.5118468Z ##[group]Run .venv/bin/ruff check .
validate (3.12)	UNKNOWN STEP	2026-09-13T17:15:05.5118796Z ^[[36;1m.venv/bin/ruff check .^[[0m
validate (3.12)	UNKNOWN STEP	2026-09-13T17:15:05.5155541Z shell: /usr/bin/bash -e {0}
validate (3.12)	UNKNOWN STEP	2026-09-13T17:15:05.5155796Z env:
validate (3.12)	UNKNOWN STEP	2026-09-13T17:15:05.5156046Z   UV_CACHE_DIR: /home/runner/work/_temp/setup-uv-cache
validate (3.12)	UNKNOWN STEP	2026-09-13T17:15:05.5156359Z ##[endgroup]
validate (3.12)	UNKNOWN STEP	2026-09-13T17:15:05.5467696Z UP017 [*] Use `datetime.UTC` alias
validate (3.12)	UNKNOWN STEP	2026-09-13T17:15:05.5468675Z   --> tools/claim_receipt.py:88:36
validate (3.12)	UNKNOWN STEP	2026-09-13T17:15:05.5469116Z    |
validate (3.12)	UNKNOWN STEP	2026-09-13T17:15:05.5469444Z 86 |         "impl_sha256": impl_hash,
validate (3.12)	UNKNOWN STEP	2026-09-13T17:15:05.5470128Z 87 |         "solution_match": (impl_hash == solution_hash) if solution_hash else False,
validate (3.12)	UNKNOWN STEP	2026-09-13T17:15:05.5471216Z 88 |         "created_at": datetime.now(timezone.utc).isoformat(timespec="milliseconds").replace("+00:00", "Z"),
validate (3.12)	UNKNOWN STEP	2026-09-13T17:15:05.5472023Z    |                                    ^^^^^^^^^^^^
validate (3.12)	UNKNOWN STEP	2026-09-13T17:15:05.5472336Z 89 |         "nonce": secrets.token_hex(16),
validate (3.12)	UNKNOWN STEP	2026-09-13T17:15:05.5472669Z 90 |     }
validate (3.12)	UNKNOWN STEP	2026-09-13T17:15:05.5472851Z    |
validate (3.12)	UNKNOWN STEP	2026-09-13T17:15:05.5473454Z help: Convert to `datetime.UTC` alias
validate (3.12)	UNKNOWN STEP	2026-09-13T17:15:05.5473904Z    |
validate (3.12)	UNKNOWN STEP	2026-09-13T17:15:05.5474206Z 19 | import secrets
validate (3.12)	UNKNOWN STEP	2026-09-13T17:15:05.5474605Z    - from datetime import datetime, timezone
validate (3.12)	UNKNOWN STEP	2026-09-13T17:15:05.5475162Z 20 + from datetime import datetime, timezone, UTC
validate (3.12)	UNKNOWN STEP	2026-09-13T17:15:05.5475694Z 21 | from pathlib import Path
validate (3.12)	UNKNOWN STEP	2026-09-13T17:15:05.5476286Z --------------------------------------------------------------------------------
validate (3.12)	UNKNOWN STEP	2026-09-13T17:15:05.5477164Z 87 |         "solution_match": (impl_hash == solution_hash) if solution_hash else False,
validate (3.12)	UNKNOWN STEP	2026-09-13T17:15:05.5478255Z    -         "created_at": datetime.now(timezone.utc).isoformat(timespec="milliseconds").replace("+00:00", "Z"),
validate (3.12)	UNKNOWN STEP	2026-09-13T17:15:05.5479447Z 88 +         "created_at": datetime.now(UTC).isoformat(timespec="milliseconds").replace("+00:00", "Z"),
validate (3.12)	UNKNOWN STEP	2026-09-13T17:15:05.5480049Z 89 |         "nonce": secrets.token_hex(16),
validate (3.12)	UNKNOWN STEP	2026-09-13T17:15:05.5480321Z    |
validate (3.12)	UNKNOWN STEP	2026-09-13T17:15:05.5480442Z 
validate (3.12)	UNKNOWN STEP	2026-09-13T17:15:05.5480594Z B905 `zip()` without an explicit `strict=` parameter
validate (3.12)	UNKNOWN STEP	2026-09-13T17:15:05.5480919Z    --> tools/verify_courses.py:350:32
validate (3.12)	UNKNOWN STEP	2026-09-13T17:15:05.5481181Z     |
validate (3.12)	UNKNOWN STEP	2026-09-13T17:15:05.5481425Z 348 |               if verify and not BLOCK_RE.search(verify):
validate (3.12)	UNKNOWN STEP	2026-09-13T17:15:05.5481895Z 349 |                   problems.append(f"{member.name}: verify.py has no marked PER-COURSE BLOCK")
validate (3.12)	UNKNOWN STEP	2026-09-13T17:15:05.5482353Z 350 |               shapes.append(list(zip(
validate (3.12)	UNKNOWN STEP	2026-09-13T17:15:05.5482630Z     |  ________________________________^
validate (3.12)	UNKNOWN STEP	2026-09-13T17:15:05.5483201Z 351 | |                 re.findall(r'"id":\s*"(l\d+|capstone)"', verify),
validate (3.12)	UNKNOWN STEP	2026-09-13T17:15:05.5483603Z 352 | |                 re.findall(r'"gate":\s*"([a-z-]+)"', verify),
validate (3.12)	UNKNOWN STEP	2026-09-13T17:15:05.5483914Z 353 | |             )))
validate (3.12)	UNKNOWN STEP	2026-09-13T17:15:05.5484129Z     | |_____________^
validate (3.12)	UNKNOWN STEP	2026-09-13T17:15:05.5484403Z 354 |           for member, shape in zip(members[1:], shapes[1:]):
validate (3.12)	UNKNOWN STEP	2026-09-13T17:15:05.5484752Z 355 |               if shape != shapes[0]:
validate (3.12)	UNKNOWN STEP	2026-09-13T17:15:05.5485010Z     |
validate (3.12)	UNKNOWN STEP	2026-09-13T17:15:05.5485235Z help: Add explicit value for parameter `strict=`
validate (3.12)	UNKNOWN STEP	2026-09-13T17:15:05.5485447Z 
validate (3.12)	UNKNOWN STEP	2026-09-13T17:15:05.5485591Z B905 `zip()` without an explicit `strict=` parameter
validate (3.12)	UNKNOWN STEP	2026-09-13T17:15:05.5485910Z    --> tools/verify_courses.py:354:30
validate (3.12)	UNKNOWN STEP	2026-09-13T17:15:05.5486160Z     |
validate (3.12)	UNKNOWN STEP	2026-09-13T17:15:05.5486393Z 352 |                 re.findall(r'"gate":\s*"([a-z-]+)"', verify),
validate (3.12)	UNKNOWN STEP	2026-09-13T17:15:05.5486701Z 353 |             )))
validate (3.12)	UNKNOWN STEP	2026-09-13T17:15:05.5486970Z 354 |         for member, shape in zip(members[1:], shapes[1:]):
validate (3.12)	UNKNOWN STEP	2026-09-13T17:15:05.5487319Z     |                              ^^^^^^^^^^^^^^^^^^^^^^^^^^^^
validate (3.12)	UNKNOWN STEP	2026-09-13T17:15:05.5487616Z 355 |             if shape != shapes[0]:
validate (3.12)	UNKNOWN STEP	2026-09-13T17:15:05.5487897Z 356 |                 problems.append(
validate (3.12)	UNKNOWN STEP	2026-09-13T17:15:05.5488148Z     |
validate (3.12)	UNKNOWN STEP	2026-09-13T17:15:05.5488370Z help: Add explicit value for parameter `strict=`
validate (3.12)	UNKNOWN STEP	2026-09-13T17:15:05.5488586Z 
validate (3.12)	UNKNOWN STEP	2026-09-13T17:15:05.5488667Z Found 3 errors.
validate (3.12)	UNKNOWN STEP	2026-09-13T17:15:05.5489278Z [*] 1 fixable with the `--fix` option (2 hidden fixes can be enabled with the `--unsafe-fixes` option).
validate (3.12)	UNKNOWN STEP	2026-09-13T17:15:05.5504446Z ##[error]Process completed with exit code 1.
validate (3.12)	UNKNOWN STEP	2026-09-13T17:15:05.5707839Z Node 20 is being deprecated. This workflow is running with Node 24 by default. If you need to temporarily use Node 20, you can set the ACTIONS_ALLOW_USE_UNSECURE_NODE_VERSION=true environment variable. For more information see: https://github.blog/changelog/2025-09-19-deprecation-of-node-20-on-github-actions-runners/
validate (3.12)	UNKNOWN STEP	2026-09-13T17:15:05.5709315Z Post job cleanup.
validate (3.12)	UNKNOWN STEP	2026-09-13T17:15:05.6642483Z [command]/usr/bin/git version
validate (3.12)	UNKNOWN STEP	2026-09-13T17:15:05.6689795Z git version 2.55.0
validate (3.12)	UNKNOWN STEP	2026-09-13T17:15:05.7677853Z [command]/usr/bin/git config --local --name-only --get-regexp ^includeIf\.gitdir:
validate (3.12)	UNKNOWN STEP	2026-09-13T17:15:05.7735941Z [command]/usr/bin/git submodule foreach --recursive git config --local --show-origin --name-only --get-regexp remote.origin.url
validate (3.12)	UNKNOWN STEP	2026-09-13T17:15:05.8336457Z Cleaning up orphan processes
validate (3.12)	UNKNOWN STEP	2026-09-13T17:15:05.8601804Z ##[warning]Node.js 20 is deprecated. The following actions target Node.js 20 but are being forced to run on Node.js 24: actions/checkout@v4, astral-sh/setup-uv@v5. For more information see: https://github.blog/changelog/2025-09-19-deprecation-of-node-20-on-github-actions-runners/
