validate (3.11)	UNKNOWN STEP	﻿2026-09-19T07:09:14.6043639Z Current runner version: '2.337.0'
validate (3.11)	UNKNOWN STEP	2026-09-19T07:09:14.6070919Z ##[group]Runner Image Provisioner
validate (3.11)	UNKNOWN STEP	2026-09-19T07:09:14.6071972Z Hosted Compute Agent
validate (3.11)	UNKNOWN STEP	2026-09-19T07:09:14.6072599Z Version: 20260828.587
validate (3.11)	UNKNOWN STEP	2026-09-19T07:09:14.6081634Z ##[group]Runner Image
validate (3.11)	UNKNOWN STEP	2026-09-19T07:09:14.6082344Z Image: ubuntu-24.04
validate (3.11)	UNKNOWN STEP	2026-09-19T07:09:14.6082943Z Version: 20260907.300.1
validate (3.11)	UNKNOWN STEP	2026-09-19T07:09:15.7727041Z ##[group]Run actions/checkout@v4
validate (3.11)	UNKNOWN STEP	2026-09-19T07:09:15.7727891Z with:
validate (3.11)	UNKNOWN STEP	2026-09-19T07:09:15.7728427Z   repository: flypythoncom/python
validate (3.11)	UNKNOWN STEP	2026-09-19T07:09:16.6393020Z ##[group]Run astral-sh/setup-uv@v5
validate (3.11)	UNKNOWN STEP	2026-09-19T07:09:16.6394172Z with:
validate (3.11)	UNKNOWN STEP	2026-09-19T07:09:16.6395035Z   enable-cache: true
validate (3.11)	UNKNOWN STEP	2026-09-19T07:09:18.1665288Z ##[group]Run uv python install 3.11
validate (3.11)	UNKNOWN STEP	2026-09-19T07:09:18.1665772Z ^[[36;1muv python install 3.11^[[0m
validate (3.11)	UNKNOWN STEP	2026-09-19T07:09:18.1713553Z shell: /usr/bin/bash -e {0}
validate (3.11)	UNKNOWN STEP	2026-09-19T07:09:19.0909917Z ##[group]Run uv venv --python 3.11
validate (3.11)	UNKNOWN STEP	2026-09-19T07:09:19.0910302Z ^[[36;1muv venv --python 3.11^[[0m
validate (3.11)	UNKNOWN STEP	2026-09-19T07:09:19.0910751Z ^[[36;1muv pip install -r requirements-dev.lock.txt ruff^[[0m
validate (3.11)	UNKNOWN STEP	2026-09-19T07:09:19.0951669Z shell: /usr/bin/bash -e {0}
validate (3.11)	UNKNOWN STEP	2026-09-19T07:09:19.0952037Z env:
validate (3.11)	UNKNOWN STEP	2026-09-19T07:09:19.0952334Z   UV_CACHE_DIR: /home/runner/work/_temp/setup-uv-cache
validate (3.11)	UNKNOWN STEP	2026-09-19T07:09:19.0952703Z ##[endgroup]
validate (3.11)	UNKNOWN STEP	2026-09-19T07:09:19.2356217Z Using CPython 3.11.16
validate (3.11)	UNKNOWN STEP	2026-09-19T07:09:19.2356955Z Creating virtual environment at: .venv
validate (3.11)	UNKNOWN STEP	2026-09-19T07:09:19.2365476Z Activate with: .venv/bin/activate
validate (3.11)	UNKNOWN STEP	2026-09-19T07:09:19.5725786Z error: No solution found when resolving dependencies
validate (3.11)	UNKNOWN STEP	2026-09-19T07:09:19.5727215Z   cause: Because the current Python version (3.11.16) does not satisfy Python>=3.12 and contourpy==1.4.0 depends on Python>=3.12, we can conclude that contourpy==1.4.0 cannot be used.
validate (3.11)	UNKNOWN STEP	2026-09-19T07:09:19.5728939Z          And because only contourpy<=1.4.0 is available and you require contourpy==1.4.0, we can conclude that your requirements are unsatisfiable.
validate (3.11)	UNKNOWN STEP	2026-09-19T07:09:19.5757566Z ##[error]Process completed with exit code 1.
validate (3.11)	UNKNOWN STEP	2026-09-19T07:09:19.5927392Z Node 20 is being deprecated. This workflow is running with Node 24 by default. If you need to temporarily use Node 20, you can set the ACTIONS_ALLOW_USE_UNSECURE_NODE_VERSION=true environment variable. For more information see: https://github.blog/changelog/2025-09-19-deprecation-of-node-20-on-github-actions-runners/
validate (3.11)	UNKNOWN STEP	2026-09-19T07:09:19.5928549Z Post job cleanup.
validate (3.11)	UNKNOWN STEP	2026-09-19T07:09:19.6787949Z [command]/usr/bin/git version
validate (3.11)	UNKNOWN STEP	2026-09-19T07:09:19.6831401Z git version 2.55.0
validate (3.11)	UNKNOWN STEP	2026-09-19T07:09:19.7582829Z [command]/usr/bin/git config --local --name-only --get-regexp ^includeIf\.gitdir:
validate (3.11)	UNKNOWN STEP	2026-09-19T07:09:19.7621337Z [command]/usr/bin/git submodule foreach --recursive git config --local --show-origin --name-only --get-regexp remote.origin.url
validate (3.11)	UNKNOWN STEP	2026-09-19T07:09:19.8075596Z Cleaning up orphan processes
validate (3.11)	UNKNOWN STEP	2026-09-19T07:09:19.8348153Z ##[warning]Node.js 20 is deprecated. The following actions target Node.js 20 but are being forced to run on Node.js 24: actions/checkout@v4, astral-sh/setup-uv@v5. For more information see: https://github.blog/changelog/2025-09-19-deprecation-of-node-20-on-github-actions-runners/
