validate (3.11)	UNKNOWN STEP	﻿2026-09-21T01:13:56.3270528Z Current runner version: '2.337.0'
validate (3.11)	UNKNOWN STEP	2026-09-21T01:13:56.3369700Z ##[group]Runner Image Provisioner
validate (3.11)	UNKNOWN STEP	2026-09-21T01:13:56.3371227Z Hosted Compute Agent
validate (3.11)	UNKNOWN STEP	2026-09-21T01:13:56.3372140Z Version: 20260828.587
validate (3.11)	UNKNOWN STEP	2026-09-21T01:13:56.3383826Z ##[group]Runner Image
validate (3.11)	UNKNOWN STEP	2026-09-21T01:13:56.3384697Z Image: ubuntu-24.04
validate (3.11)	UNKNOWN STEP	2026-09-21T01:13:56.3385499Z Version: 20260907.300.1
validate (3.11)	UNKNOWN STEP	2026-09-21T01:13:57.1753461Z ##[group]Run actions/checkout@v4
validate (3.11)	UNKNOWN STEP	2026-09-21T01:13:57.1754299Z with:
validate (3.11)	UNKNOWN STEP	2026-09-21T01:13:57.1754774Z   repository: flypythoncom/python
validate (3.11)	UNKNOWN STEP	2026-09-21T01:13:57.8904603Z ##[group]Run astral-sh/setup-uv@v5
validate (3.11)	UNKNOWN STEP	2026-09-21T01:13:57.8905941Z with:
validate (3.11)	UNKNOWN STEP	2026-09-21T01:13:57.8906945Z   enable-cache: true
validate (3.11)	UNKNOWN STEP	2026-09-21T01:13:59.2371001Z ##[group]Run uv python install 3.11
validate (3.11)	UNKNOWN STEP	2026-09-21T01:13:59.2371432Z ^[[36;1muv python install 3.11^[[0m
validate (3.11)	UNKNOWN STEP	2026-09-21T01:13:59.2413153Z shell: /usr/bin/bash -e {0}
validate (3.11)	UNKNOWN STEP	2026-09-21T01:14:00.2422416Z ##[group]Run uv venv --python 3.11
validate (3.11)	UNKNOWN STEP	2026-09-21T01:14:00.2422806Z ^[[36;1muv venv --python 3.11^[[0m
validate (3.11)	UNKNOWN STEP	2026-09-21T01:14:00.2423172Z ^[[36;1muv pip install -r requirements-dev.lock.txt ruff^[[0m
validate (3.11)	UNKNOWN STEP	2026-09-21T01:14:00.2460985Z shell: /usr/bin/bash -e {0}
validate (3.11)	UNKNOWN STEP	2026-09-21T01:14:00.2461274Z env:
validate (3.11)	UNKNOWN STEP	2026-09-21T01:14:00.2461533Z   UV_CACHE_DIR: /home/runner/work/_temp/setup-uv-cache
validate (3.11)	UNKNOWN STEP	2026-09-21T01:14:00.2461851Z ##[endgroup]
validate (3.11)	UNKNOWN STEP	2026-09-21T01:14:00.3801312Z Using CPython 3.11.16
validate (3.11)	UNKNOWN STEP	2026-09-21T01:14:00.3801701Z Creating virtual environment at: .venv
validate (3.11)	UNKNOWN STEP	2026-09-21T01:14:00.3812633Z Activate with: .venv/bin/activate
validate (3.11)	UNKNOWN STEP	2026-09-21T01:14:00.8366209Z error: No solution found when resolving dependencies
validate (3.11)	UNKNOWN STEP	2026-09-21T01:14:00.8371376Z   cause: Because the current Python version (3.11.16) does not satisfy Python>=3.12 and contourpy==1.4.0 depends on Python>=3.12, we can conclude that contourpy==1.4.0 cannot be used.
validate (3.11)	UNKNOWN STEP	2026-09-21T01:14:00.8373555Z          And because only contourpy<=1.4.0 is available and you require contourpy==1.4.0, we can conclude that your requirements are unsatisfiable.
validate (3.11)	UNKNOWN STEP	2026-09-21T01:14:00.8413509Z ##[error]Process completed with exit code 1.
validate (3.11)	UNKNOWN STEP	2026-09-21T01:14:00.8596402Z Node 20 is being deprecated. This workflow is running with Node 24 by default. If you need to temporarily use Node 20, you can set the ACTIONS_ALLOW_USE_UNSECURE_NODE_VERSION=true environment variable. For more information see: https://github.blog/changelog/2025-09-19-deprecation-of-node-20-on-github-actions-runners/
validate (3.11)	UNKNOWN STEP	2026-09-21T01:14:00.8597702Z Post job cleanup.
validate (3.11)	UNKNOWN STEP	2026-09-21T01:14:00.9444893Z [command]/usr/bin/git version
validate (3.11)	UNKNOWN STEP	2026-09-21T01:14:00.9489661Z git version 2.55.0
validate (3.11)	UNKNOWN STEP	2026-09-21T01:14:01.0242241Z [command]/usr/bin/git config --local --name-only --get-regexp ^includeIf\.gitdir:
validate (3.11)	UNKNOWN STEP	2026-09-21T01:14:01.0283112Z [command]/usr/bin/git submodule foreach --recursive git config --local --show-origin --name-only --get-regexp remote.origin.url
validate (3.11)	UNKNOWN STEP	2026-09-21T01:14:01.0672905Z Cleaning up orphan processes
validate (3.11)	UNKNOWN STEP	2026-09-21T01:14:01.0959182Z ##[warning]Node.js 20 is deprecated. The following actions target Node.js 20 but are being forced to run on Node.js 24: actions/checkout@v4, astral-sh/setup-uv@v5. For more information see: https://github.blog/changelog/2025-09-19-deprecation-of-node-20-on-github-actions-runners/
