validate (3.11)	UNKNOWN STEP	﻿2026-09-28T01:12:54.3587018Z Current runner version: '2.337.0'
validate (3.11)	UNKNOWN STEP	2026-09-28T01:12:54.3624640Z ##[group]Runner Image Provisioner
validate (3.11)	UNKNOWN STEP	2026-09-28T01:12:54.3625899Z Hosted Compute Agent
validate (3.11)	UNKNOWN STEP	2026-09-28T01:12:54.3626879Z Version: 20260828.587
validate (3.11)	UNKNOWN STEP	2026-09-28T01:12:54.3640338Z ##[group]Runner Image
validate (3.11)	UNKNOWN STEP	2026-09-28T01:12:54.3641360Z Image: ubuntu-24.04
validate (3.11)	UNKNOWN STEP	2026-09-28T01:12:54.3642359Z Version: 20260920.314.1
validate (3.11)	UNKNOWN STEP	2026-09-28T01:12:55.1182020Z ##[group]Run actions/checkout@v4
validate (3.11)	UNKNOWN STEP	2026-09-28T01:12:55.1183250Z with:
validate (3.11)	UNKNOWN STEP	2026-09-28T01:12:55.1183808Z   repository: flypythoncom/python
validate (3.11)	UNKNOWN STEP	2026-09-28T01:12:55.7695529Z ##[group]Run astral-sh/setup-uv@v5
validate (3.11)	UNKNOWN STEP	2026-09-28T01:12:55.7696120Z with:
validate (3.11)	UNKNOWN STEP	2026-09-28T01:12:55.7696519Z   enable-cache: true
validate (3.11)	UNKNOWN STEP	2026-09-28T01:12:57.0271114Z ##[group]Run uv python install 3.11
validate (3.11)	UNKNOWN STEP	2026-09-28T01:12:57.0271596Z ^[[36;1muv python install 3.11^[[0m
validate (3.11)	UNKNOWN STEP	2026-09-28T01:12:57.0572690Z shell: /usr/bin/bash -e {0}
validate (3.11)	UNKNOWN STEP	2026-09-28T01:12:58.1010312Z ##[group]Run uv venv --python 3.11
validate (3.11)	UNKNOWN STEP	2026-09-28T01:12:58.1010682Z ^[[36;1muv venv --python 3.11^[[0m
validate (3.11)	UNKNOWN STEP	2026-09-28T01:12:58.1011081Z ^[[36;1muv pip install -r requirements-dev.lock.txt ruff^[[0m
validate (3.11)	UNKNOWN STEP	2026-09-28T01:12:58.1078708Z shell: /usr/bin/bash -e {0}
validate (3.11)	UNKNOWN STEP	2026-09-28T01:12:58.1078981Z env:
validate (3.11)	UNKNOWN STEP	2026-09-28T01:12:58.1079250Z   UV_CACHE_DIR: /home/runner/work/_temp/setup-uv-cache
validate (3.11)	UNKNOWN STEP	2026-09-28T01:12:58.1079597Z ##[endgroup]
validate (3.11)	UNKNOWN STEP	2026-09-28T01:12:58.2465291Z Using CPython 3.11.16
validate (3.11)	UNKNOWN STEP	2026-09-28T01:12:58.2465702Z Creating virtual environment at: .venv
validate (3.11)	UNKNOWN STEP	2026-09-28T01:12:58.2475476Z Activate with: .venv/bin/activate
validate (3.11)	UNKNOWN STEP	2026-09-28T01:12:58.6091610Z error: No solution found when resolving dependencies
validate (3.11)	UNKNOWN STEP	2026-09-28T01:12:58.6094193Z   cause: Because the current Python version (3.11.16) does not satisfy Python>=3.12 and contourpy==1.4.0 depends on Python>=3.12, we can conclude that contourpy==1.4.0 cannot be used.
validate (3.11)	UNKNOWN STEP	2026-09-28T01:12:58.6096214Z          And because only contourpy<=1.4.0 is available and you require contourpy==1.4.0, we can conclude that your requirements are unsatisfiable.
validate (3.11)	UNKNOWN STEP	2026-09-28T01:12:58.6129271Z ##[error]Process completed with exit code 1.
validate (3.11)	UNKNOWN STEP	2026-09-28T01:12:58.6304758Z Post job cleanup.
validate (3.11)	UNKNOWN STEP	2026-09-28T01:12:58.7172085Z [command]/usr/bin/git version
validate (3.11)	UNKNOWN STEP	2026-09-28T01:12:58.7215429Z git version 2.55.0
validate (3.11)	UNKNOWN STEP	2026-09-28T01:12:58.7975345Z [command]/usr/bin/git config --local --name-only --get-regexp ^includeIf\.gitdir:
validate (3.11)	UNKNOWN STEP	2026-09-28T01:12:58.8020251Z [command]/usr/bin/git submodule foreach --recursive git config --local --show-origin --name-only --get-regexp remote.origin.url
validate (3.11)	UNKNOWN STEP	2026-09-28T01:12:58.8420765Z Cleaning up orphan processes
validate (3.11)	UNKNOWN STEP	2026-09-28T01:12:58.8723293Z ##[warning]Node.js 20 is deprecated. The following actions target Node.js 20 but are being forced to run on Node.js 24: actions/checkout@v4, astral-sh/setup-uv@v5. For more information see: https://github.blog/changelog/2025-09-19-deprecation-of-node-20-on-github-actions-runners/
