validate (3.11)	UNKNOWN STEP	﻿2026-10-04T07:20:10.9716303Z Current runner version: '2.337.0'
validate (3.11)	UNKNOWN STEP	2026-10-04T07:20:10.9741726Z ##[group]Runner Image Provisioner
validate (3.11)	UNKNOWN STEP	2026-10-04T07:20:10.9742599Z Hosted Compute Agent
validate (3.11)	UNKNOWN STEP	2026-10-04T07:20:10.9743175Z Version: 20260901.588
validate (3.11)	UNKNOWN STEP	2026-10-04T07:20:10.9751486Z ##[group]Runner Image
validate (3.11)	UNKNOWN STEP	2026-10-04T07:20:10.9752075Z Image: ubuntu-24.04
validate (3.11)	UNKNOWN STEP	2026-10-04T07:20:10.9752617Z Version: 20260927.320.1
validate (3.11)	UNKNOWN STEP	2026-10-04T07:20:12.1429564Z ##[group]Run actions/checkout@v4
validate (3.11)	UNKNOWN STEP	2026-10-04T07:20:12.1430787Z with:
validate (3.11)	UNKNOWN STEP	2026-10-04T07:20:12.1431245Z   repository: flypythoncom/python
validate (3.11)	UNKNOWN STEP	2026-10-04T07:20:12.9930575Z ##[group]Run astral-sh/setup-uv@v5
validate (3.11)	UNKNOWN STEP	2026-10-04T07:20:12.9931699Z with:
validate (3.11)	UNKNOWN STEP	2026-10-04T07:20:12.9932472Z   enable-cache: true
validate (3.11)	UNKNOWN STEP	2026-10-04T07:20:15.8805755Z ##[group]Run uv python install 3.11
validate (3.11)	UNKNOWN STEP	2026-10-04T07:20:15.8806392Z ^[[36;1muv python install 3.11^[[0m
validate (3.11)	UNKNOWN STEP	2026-10-04T07:20:15.9089431Z shell: /usr/bin/bash -e {0}
validate (3.11)	UNKNOWN STEP	2026-10-04T07:20:16.8651352Z ##[group]Run uv venv --python 3.11
validate (3.11)	UNKNOWN STEP	2026-10-04T07:20:16.8651728Z ^[[36;1muv venv --python 3.11^[[0m
validate (3.11)	UNKNOWN STEP	2026-10-04T07:20:16.8652073Z ^[[36;1muv pip install -r requirements-dev.lock.txt^[[0m
validate (3.11)	UNKNOWN STEP	2026-10-04T07:20:16.8718039Z shell: /usr/bin/bash -e {0}
validate (3.11)	UNKNOWN STEP	2026-10-04T07:20:16.8718308Z env:
validate (3.11)	UNKNOWN STEP	2026-10-04T07:20:16.8718571Z   UV_CACHE_DIR: /home/runner/work/_temp/setup-uv-cache
validate (3.11)	UNKNOWN STEP	2026-10-04T07:20:16.8718935Z ##[endgroup]
validate (3.11)	UNKNOWN STEP	2026-10-04T07:20:17.0221582Z Using CPython 3.11.17
validate (3.11)	UNKNOWN STEP	2026-10-04T07:20:17.0222103Z Creating virtual environment at: .venv
validate (3.11)	UNKNOWN STEP	2026-10-04T07:20:17.0230197Z Activate with: .venv/bin/activate
validate (3.11)	UNKNOWN STEP	2026-10-04T07:20:17.3022657Z error: No solution found when resolving dependencies
validate (3.11)	UNKNOWN STEP	2026-10-04T07:20:17.3023763Z   cause: Because the current Python version (3.11.17) does not satisfy Python>=3.12 and contourpy==1.4.0 depends on Python>=3.12, we can conclude that contourpy==1.4.0 cannot be used.
validate (3.11)	UNKNOWN STEP	2026-10-04T07:20:17.3024939Z          And because only contourpy<=1.4.0 is available and you require contourpy==1.4.0, we can conclude that your requirements are unsatisfiable.
validate (3.11)	UNKNOWN STEP	2026-10-04T07:20:17.3061875Z ##[error]Process completed with exit code 1.
validate (3.11)	UNKNOWN STEP	2026-10-04T07:20:17.3239423Z Post job cleanup.
validate (3.11)	UNKNOWN STEP	2026-10-04T07:20:17.4083282Z [command]/usr/bin/git version
validate (3.11)	UNKNOWN STEP	2026-10-04T07:20:17.4128875Z git version 2.55.0
validate (3.11)	UNKNOWN STEP	2026-10-04T07:20:17.4861205Z [command]/usr/bin/git config --local --name-only --get-regexp ^includeIf\.gitdir:
validate (3.11)	UNKNOWN STEP	2026-10-04T07:20:17.4892026Z [command]/usr/bin/git submodule foreach --recursive git config --local --show-origin --name-only --get-regexp remote.origin.url
validate (3.11)	UNKNOWN STEP	2026-10-04T07:20:17.5326513Z Cleaning up orphan processes
validate (3.11)	UNKNOWN STEP	2026-10-04T07:20:17.5604101Z ##[warning]Node.js 20 is deprecated. The following actions target Node.js 20 but are being forced to run on Node.js 24: actions/checkout@v4, astral-sh/setup-uv@v5. For more information see: https://github.blog/changelog/2025-09-19-deprecation-of-node-20-on-github-actions-runners/
